Component: ARM Compiler 5.06 update 1 (build 61) Tool: armlink [4d35a8]

==============================================================================

Section Cross References

    main.o(.text) refers to fflt_clz.o(x$fpl$fflt) for __aeabi_i2f
    main.o(.text) refers to faddsub_clz.o(x$fpl$frsb) for __aeabi_frsub
    main.o(.text) refers to faddsub_clz.o(x$fpl$fsub) for __aeabi_fsub
    main.o(.text) refers to fmul.o(x$fpl$fmul) for __aeabi_fmul
    main.o(.text) refers to ffix.o(x$fpl$ffix) for __aeabi_f2iz
    main.o(.text) refers to delay.o(.text) for delay_init
    main.o(.text) refers to usart.o(.text) for Usart1_Init
    main.o(.text) refers to led.o(.text) for LED_Init
    main.o(.text) refers to timer.o(.text) for TIM3_Int_Init
    main.o(.text) refers to misc.o(.text) for NVIC_PriorityGroupConfig
    main.o(.text) refers to key.o(.text) for KEY_Init
    main.o(.text) refers to exti.o(.text) for EXTIX_Init
    main.o(.text) refers to oled.o(.text) for OLED_Init
    main.o(.text) refers to iic.o(.text) for IIC_init
    main.o(.text) refers to adxl345.o(.text) for adxl345_init
    main.o(.text) refers to pwm.o(.text) for L298N_Init
    main.o(.text) refers to stm32f10x_gpio.o(.text) for GPIO_ResetBits
    main.o(.text) refers to adc.o(.text) for Adc_Init
    main.o(.text) refers to fdiv.o(x$fpl$fdiv) for __aeabi_fdiv
    main.o(.text) refers to f2d.o(x$fpl$f2d) for __aeabi_f2d
    main.o(.text) refers to atan.o(i.atan) for atan
    main.o(.text) refers to dflt_clz.o(x$fpl$dflt) for __aeabi_i2d
    main.o(.text) refers to ddiv.o(x$fpl$ddiv) for __aeabi_ddiv
    main.o(.text) refers to d2f.o(x$fpl$d2f) for __aeabi_d2f
    main.o(.text) refers to fflt_clz.o(x$fpl$ffltu) for __aeabi_ui2f
    main.o(.text) refers to dmul.o(x$fpl$dmul) for __aeabi_dmul
    main.o(.text) refers to daddsub_clz.o(x$fpl$drsb) for __aeabi_drsub
    main.o(.text) refers to pid.o(.text) for PID_Control
    main.o(.text) refers to stm32f10x_tim.o(.text) for TIM_SetCompare3
    main.o(.text) refers to main.o(.data) for ZHONGZHI
    main.o(.text) refers to main.o(.conststring) for .conststring
    system_stm32f10x.o(.text) refers to system_stm32f10x.o(.data) for SystemCoreClock
    oled.o(.text) refers to stm32f10x_gpio.o(.text) for GPIO_SetBits
    oled.o(.text) refers to oled.o(.bss) for OLED_GRAM
    oled.o(.text) refers to oled.o(.constdata) for asc2_1206
    oled.o(.text) refers to stm32f10x_rcc.o(.text) for RCC_APB2PeriphClockCmd
    key.o(.text) refers to stm32f10x_rcc.o(.text) for RCC_APB2PeriphClockCmd
    key.o(.text) refers to stm32f10x_gpio.o(.text) for GPIO_Init
    led.o(.text) refers to stm32f10x_rcc.o(.text) for RCC_APB2PeriphClockCmd
    led.o(.text) refers to stm32f10x_gpio.o(.text) for GPIO_Init
    wdg.o(.text) refers to stm32f10x_iwdg.o(.text) for IWDG_WriteAccessCmd
    adxl345.o(.text) refers to iic.o(.text) for IIC_start
    adxl345.o(.text) refers to fflt_clz.o(x$fpl$fflt) for __aeabi_i2f
    adxl345.o(.text) refers to faddsub_clz.o(x$fpl$fadd) for __aeabi_fadd
    adxl345.o(.text) refers to delay.o(.text) for delay_ms
    adxl345.o(.text) refers to fflt_clz.o(x$fpl$ffltu) for __aeabi_ui2f
    adxl345.o(.text) refers to fdiv.o(x$fpl$fdiv) for __aeabi_fdiv
    iic.o(.text) refers to stm32f10x_gpio.o(.text) for GPIO_Init
    iic.o(.text) refers to stm32f10x_rcc.o(.text) for RCC_APB2PeriphClockCmd
    iic.o(.text) refers to delay.o(.text) for delay_us
    usart.o(.text) refers to stm32f10x_rcc.o(.text) for RCC_APB2PeriphClockCmd
    usart.o(.text) refers to stm32f10x_gpio.o(.text) for GPIO_Init
    usart.o(.text) refers to stm32f10x_usart.o(.text) for USART_Init
    usart.o(.text) refers to misc.o(.text) for NVIC_Init
    usart.o(.text) refers to vsnprintf.o(.text) for vsnprintf
    exti.o(.text) refers to stm32f10x_rcc.o(.text) for RCC_APB2PeriphClockCmd
    exti.o(.text) refers to key.o(.text) for KEY_Init
    exti.o(.text) refers to stm32f10x_gpio.o(.text) for GPIO_EXTILineConfig
    exti.o(.text) refers to stm32f10x_exti.o(.text) for EXTI_Init
    exti.o(.text) refers to misc.o(.text) for NVIC_Init
    exti.o(.text) refers to delay.o(.text) for delay_ms
    exti.o(.text) refers to main.o(.data) for ZHONGZHI
    pwm.o(.text) refers to stm32f10x_rcc.o(.text) for RCC_APB2PeriphClockCmd
    pwm.o(.text) refers to stm32f10x_gpio.o(.text) for GPIO_Init
    pwm.o(.text) refers to stm32f10x_tim.o(.text) for TIM_TimeBaseInit
    timer.o(.text) refers to _printf_percent.o(.ARM.Collect$$_printf_percent$$00000000) for _printf_percent
    timer.o(.text) refers to _printf_f.o(.ARM.Collect$$_printf_percent$$00000003) for _printf_f
    timer.o(.text) refers to printf1.o(x$fpl$printf1) for _printf_fp_dec
    timer.o(.text) refers to _printf_d.o(.ARM.Collect$$_printf_percent$$00000009) for _printf_d
    timer.o(.text) refers to _printf_dec.o(.text) for _printf_int_dec
    timer.o(.text) refers to _printf_pad.o(.text) for _printf_pre_padding
    timer.o(.text) refers to stm32f10x_rcc.o(.text) for RCC_APB1PeriphClockCmd
[...]
    __scatterload_rt2                        0x08000139   Thumb Code    44  __scatter.o(!!!scatter)
    __scatterload_rt2_thumb_only             0x08000139   Thumb Code     0  __scatter.o(!!!scatter)
    __scatterload_null                       0x08000147   Thumb Code     0  __scatter.o(!!!scatter)
    __scatterload_copy                       0x0800016d   Thumb Code    26  __scatter_copy.o(!!handler_copy)
    __scatterload_zeroinit                   0x08000189   Thumb Code    28  __scatter_zi.o(!!handler_zi)
    _printf_n                                0x080001a5   Thumb Code     0  _printf_n.o(.ARM.Collect$$_printf_percent$$00000001)
    _printf_percent                          0x080001a5   Thumb Code     0  _printf_percent.o(.ARM.Collect$$_printf_percent$$00000000)
    _printf_p                                0x080001ab   Thumb Code     0  _printf_p.o(.ARM.Collect$$_printf_percent$$00000002)
    _printf_f                                0x080001b1   Thumb Code     0  _printf_f.o(.ARM.Collect$$_printf_percent$$00000003)
    _printf_e                                0x080001b7   Thumb Code     0  _printf_e.o(.ARM.Collect$$_printf_percent$$00000004)
    _printf_g                                0x080001bd   Thumb Code     0  _printf_g.o(.ARM.Collect$$_printf_percent$$00000005)
    _printf_a                                0x080001c3   Thumb Code     0  _printf_a.o(.ARM.Collect$$_printf_percent$$00000006)
    _printf_ll                               0x080001c9   Thumb Code     0  _printf_ll.o(.ARM.Collect$$_printf_percent$$00000007)
    _printf_i                                0x080001d3   Thumb Code     0  _printf_i.o(.ARM.Collect$$_printf_percent$$00000008)
    _printf_d                                0x080001d9   Thumb Code     0  _printf_d.o(.ARM.Collect$$_printf_percent$$00000009)
    _printf_u                                0x080001df   Thumb Code     0  _printf_u.o(.ARM.Collect$$_printf_percent$$0000000A)
    _printf_o                                0x080001e5   Thumb Code     0  _printf_o.o(.ARM.Collect$$_printf_percent$$0000000B)
    _printf_x                                0x080001eb   Thumb Code     0  _printf_x.o(.ARM.Collect$$_printf_percent$$0000000C)
    _printf_lli                              0x080001f1   Thumb Code     0  _printf_lli.o(.ARM.Collect$$_printf_percent$$0000000D)
    _printf_lld                              0x080001f7   Thumb Code     0  _printf_lld.o(.ARM.Collect$$_printf_percent$$0000000E)
    _printf_llu                              0x080001fd   Thumb Code     0  _printf_llu.o(.ARM.Collect$$_printf_percent$$0000000F)
    _printf_llo                              0x08000203   Thumb Code     0  _printf_llo.o(.ARM.Collect$$_printf_percent$$00000010)
    _printf_llx                              0x08000209   Thumb Code     0  _printf_llx.o(.ARM.Collect$$_printf_percent$$00000011)
    _printf_l                                0x0800020f   Thumb Code     0  _printf_l.o(.ARM.Collect$$_printf_percent$$00000012)
    _printf_c                                0x08000219   Thumb Code     0  _printf_c.o(.ARM.Collect$$_printf_percent$$00000013)
    _printf_s                                0x0800021f   Thumb Code     0  _printf_s.o(.ARM.Collect$$_printf_percent$$00000014)
    _printf_lc                               0x08000225   Thumb Code     0  _printf_lc.o(.ARM.Collect$$_printf_percent$$00000015)
    _printf_ls                               0x0800022b   Thumb Code     0  _printf_ls.o(.ARM.Collect$$_printf_percent$$00000016)
    _printf_percent_end                      0x08000231   Thumb Code     0  _printf_percent_end.o(.ARM.Collect$$_printf_percent$$00000017)
    __rt_lib_init                            0x08000235   Thumb Code     0  libinit.o(.ARM.Collect$$libinit$$00000000)
    __rt_lib_init_fp_1                       0x08000237   Thumb Code     0  libinit2.o(.ARM.Collect$$libinit$$00000002)
    __rt_lib_init_heap_1                     0x08000237   Thumb Code     0  libinit2.o(.ARM.Collect$$libinit$$0000000A)
    __rt_lib_init_lc_common                  0x08000237   Thumb Code     0  libinit2.o(.ARM.Collect$$libinit$$0000000F)
    __rt_lib_init_preinit_1                  0x08000237   Thumb Code     0  libinit2.o(.ARM.Collect$$libinit$$00000004)
    __rt_lib_init_rand_1                     0x08000237   Thumb Code     0  libinit2.o(.ARM.Collect$$libinit$$0000000E)
    __rt_lib_init_user_alloc_1               0x08000237   Thumb Code     0  libinit2.o(.ARM.Collect$$libinit$$0000000C)
    __rt_lib_init_lc_collate_1               0x0800023d   Thumb Code     0  libinit2.o(.ARM.Collect$$libinit$$00000011)
    __rt_lib_init_lc_ctype_2                 0x0800023d   Thumb Code     0  libinit2.o(.ARM.Collect$$libinit$$00000012)
    __rt_lib_init_lc_ctype_1                 0x08000249   Thumb Code     0  libinit2.o(.ARM.Collect$$libinit$$00000013)
    __rt_lib_init_lc_monetary_1              0x08000249   Thumb Code     0  libinit2.o(.ARM.Collect$$libinit$$00000015)
    __rt_lib_init_lc_numeric_2               0x08000249   Thumb Code     0  libinit2.o(.ARM.Collect$$libinit$$00000016)
    __rt_lib_init_alloca_1                   0x08000253   Thumb Code     0  libinit2.o(.ARM.Collect$$libinit$$0000002E)
    __rt_lib_init_argv_1                     0x08000253   Thumb Code     0  libinit2.o(.ARM.Collect$$libinit$$0000002C)
    __rt_lib_init_atexit_1                   0x08000253   Thumb Code     0  libinit2.o(.ARM.Collect$$libinit$$0000001B)
    __rt_lib_init_clock_1                    0x08000253   Thumb Code     0  libinit2.o(.ARM.Collect$$libinit$$00000021)
    __rt_lib_init_cpp_1                      0x08000253   Thumb Code     0  libinit2.o(.ARM.Collect$$libinit$$00000032)
    __rt_lib_init_exceptions_1               0x08000253   Thumb Code     0  libinit2.o(.ARM.Collect$$libinit$$00000030)
    __rt_lib_init_fp_trap_1                  0x08000253   Thumb Code     0  libinit2.o(.ARM.Collect$$libinit$$0000001F)
    __rt_lib_init_getenv_1                   0x08000253   Thumb Code     0  libinit2.o(.ARM.Collect$$libinit$$00000023)
    __rt_lib_init_lc_numeric_1               0x08000253   Thumb Code     0  libinit2.o(.ARM.Collect$$libinit$$00000017)
    __rt_lib_init_lc_time_1                  0x08000253   Thumb Code     0  libinit2.o(.ARM.Collect$$libinit$$00000019)
    __rt_lib_init_return                     0x08000253   Thumb Code     0  libinit2.o(.ARM.Collect$$libinit$$00000033)
    __rt_lib_init_signal_1                   0x08000253   Thumb Code     0  libinit2.o(.ARM.Collect$$libinit$$0000001D)
    __rt_lib_init_stdio_1                    0x08000253   Thumb Code     0  libinit2.o(.ARM.Collect$$libinit$$00000025)
    __rt_lib_shutdown                        0x08000255   Thumb Code     0  libshutdown.o(.ARM.Collect$$libshutdown$$00000000)
    __rt_lib_shutdown_cpp_1                  0x08000257   Thumb Code     0  libshutdown2.o(.ARM.Collect$$libshutdown$$00000002)
    __rt_lib_shutdown_fp_trap_1              0x08000257   Thumb Code     0  libshutdown2.o(.ARM.Collect$$libshutdown$$00000007)
    __rt_lib_shutdown_heap_1                 0x08000257   Thumb Code     0  libshutdown2.o(.ARM.Collect$$libshutdown$$0000000F)
    __rt_lib_shutdown_return                 0x08000257   Thumb Code     0  libshutdown2.o(.ARM.Collect$$libshutdown$$00000010)
    __rt_lib_shutdown_signal_1               0x08000257   Thumb Code     0  libshutdown2.o(.ARM.Collect$$libshutdown$$0000000A)
    __rt_lib_shutdown_stdio_1                0x08000257   Thumb Code     0  libshutdown2.o(.ARM.Collect$$libshutdown$$00000004)
    __rt_lib_shutdown_user_alloc_1           0x08000257   Thumb Code     0  libshutdown2.o(.ARM.Collect$$libshutdown$$0000000C)
    __rt_entry                               0x08000259   Thumb Code     0  __rtentry.o(.ARM.Collect$$rtentry$$00000000)
    __rt_entry_presh_1                       0x08000259   Thumb Code     0  __rtentry2.o(.ARM.Collect$$rtentry$$00000002)
    __rt_entry_sh                            0x08000259   Thumb Code     0  __rtentry4.o(.ARM.Collect$$rtentry$$00000004)
    __rt_entry_li                            0x0800025f   Thumb Code     0  __rtentry2.o(.ARM.Collect$$rtentry$$0000000A)
    __rt_entry_postsh_1                      0x0800025f   Thumb Code     0  __rtentry2.o(.ARM.Collect$$rtentry$$00000009)
    __rt_entry_main                          0x08000263   Thumb Code     0  __rtentry2.o(.ARM.Collect$$rtentry$$0000000D)
    __rt_entry_postli_1                      0x08000263   Thumb Code     0  __rtentry2.o(.ARM.Collect$$rtentry$$0000000C)
    __rt_exit                                0x0800026b   Thumb Code     0  rtexit.o(.ARM.Collect$$rtexit$$00000000)
    __rt_exit_ls                             0x0800026d   Thumb Code     0  rtexit2.o(.ARM.Collect$$rtexit$$00000003)
    __rt_exit_prels_1                        0x0800026d   Thumb Code     0  rtexit2.o(.ARM.Collect$$rtexit$$00000002)
    __rt_exit_exit                           0x08000271   Thumb Code     0  rtexit2.o(.ARM.Collect$$rtexit$$00000004)
    blance                                   0x08000279   Thumb Code   104  main.o(.text)
    main                                     0x080002e1   Thumb Code   580  main.o(.text)
    NMI_Handler                              0x080005a1   Thumb Code     2  stm32f10x_it.o(.text)
    HardFault_Handler                        0x080005a3   Thumb Code     4  stm32f10x_it.o(.text)
    MemManage_Handler                        0x080005a7   Thumb Code     4  stm32f10x_it.o(.text)
    BusFault_Handler                         0x080005ab   Thumb Code     4  stm32f10x_it.o(.text)
    UsageFault_Handler                       0x080005af   Thumb Code     4  stm32f10x_it.o(.text)
    SVC_Handler                              0x080005b3   Thumb Code     2  stm32f10x_it.o(.text)
    DebugMon_Handler                         0x080005b5   Thumb Code     2  stm32f10x_it.o(.text)
    PendSV_Handler                           0x080005b7   Thumb Code     2  stm32f10x_it.o(.text)
    SysTick_Handler                          0x080005b9   Thumb Code     2  stm32f10x_it.o(.text)
    SystemInit                               0x0800069b   Thumb Code    78  system_stm32f10x.o(.text)
    SystemCoreClockUpdate                    0x080006e9   Thumb Code   142  system_stm32f10x.o(.text)
    I2C_Stop                                 0x0800079d   Thumb Code    28  oled.o(.text)
    I2C_WaitAck                              0x080007b9   Thumb Code    20  oled.o(.text)
    Send_Byte                                0x080007cd   Thumb Code    70  oled.o(.text)
    I2C_Start                                0x08000813   Thumb Code    36  oled.o(.text)
    OLED_WR_Byte                             0x08000837   Thumb Code    56  oled.o(.text)
    OLED_ColorTurn                           0x0800086f   Thumb Code    28  oled.o(.text)
    OLED_DisplayTurn                         0x0800088b   Thumb Code    44  oled.o(.text)
    OLED_DisPlay_On                          0x080008b7   Thumb Code    28  oled.o(.text)
    OLED_DisPlay_Off                         0x080008d3   Thumb Code    28  oled.o(.text)
    OLED_Refresh                             0x080008ef   Thumb Code    70  oled.o(.text)
    OLED_Clear                               0x08000935   Thumb Code    42  oled.o(.text)
    OLED_DrawPoint                           0x0800095f   Thumb Code    54  oled.o(.text)
    OLED_ClearPoint                          0x08000995   Thumb Code    90  oled.o(.text)
    OLED_DrawCircle                          0x080009ef   Thumb Code   152  oled.o(.text)
    OLED_ShowChar                            0x08000a87   Thumb Code   240  oled.o(.text)
    OLED_ShowString                          0x08000b77   Thumb Code    88  oled.o(.text)
    OLED_Pow                                 0x08000bcf   Thumb Code    22  oled.o(.text)
    OLED_ShowNum                             0x08000be5   Thumb Code   116  oled.o(.text)
    OLED_WR_BP                               0x08000c59   Thumb Code    46  oled.o(.text)
    OLED_ShowPicture                         0x08000c87   Thumb Code    98  oled.o(.text)
    OLED_Init                                0x08000ce9   Thumb Code   274  oled.o(.text)
    KEY_Init                                 0x08000e01   Thumb Code   112  key.o(.text)
    LED_Init                                 0x08000e75   Thumb Code    46  led.o(.text)
    adxl345_write_reg                        0x08000ea9   Thumb Code    46  adxl345.o(.text)
    adxl345_init                             0x08000ed7   Thumb Code    60  adxl345.o(.text)
    adxl345_read_reg                         0x08000f13   Thumb Code    66  adxl345.o(.text)
    adxl345_read_data                        0x08000f55   Thumb Code   142  adxl345.o(.text)
    adxl345_read_average                     0x08000fe3   Thumb Code   168  adxl345.o(.text)
    I2C_SDA_OUT                              0x0800108d   Thumb Code    32  iic.o(.text)
    I2C_SDA_IN                               0x080010ad   Thumb Code    32  iic.o(.text)
    IIC_init                                 0x080010cd   Thumb Code    50  iic.o(.text)
    IIC_start                                0x080010ff   Thumb Code    46  iic.o(.text)
    IIC_stop                                 0x0800112d   Thumb Code    48  iic.o(.text)
    IIC_ack                                  0x0800115d   Thumb Code    52  iic.o(.text)
    IIC_noack                                0x08001191   Thumb Code    52  iic.o(.text)
    IIC_wait_ack                             0x080011c5   Thumb Code    68  iic.o(.text)
    IIC_send_byte                            0x08001209   Thumb Code    70  iic.o(.text)
    IIC_read_byte                            0x0800124f   Thumb Code    84  iic.o(.text)
    Usart1_Init                              0x080012b1   Thumb Code   166  usart.o(.text)
    Usart3_Init                              0x08001357   Thumb Code   164  usart.o(.text)
    Usart_SendString                         0x080013fb   Thumb Code    50  usart.o(.text)
    UsartPrintf                              0x0800142d   Thumb Code    72  usart.o(.text)
    USART1_IRQHandler                        0x08001475   Thumb Code    24  usart.o(.text)
    EXTIX_Init                               0x0800149d   Thumb Code   308  exti.o(.text)
    EXTI0_IRQHandler                         0x080015d1   Thumb Code    78  exti.o(.text)
    EXTI1_IRQHandler                         0x0800161f   Thumb Code   186  exti.o(.text)
    EXTI2_IRQHandler                         0x080016d9   Thumb Code    42  exti.o(.text)
    EXTI9_5_IRQHandler                       0x08001703   Thumb Code    70  exti.o(.text)
    L298N_Init                               0x08001759   Thumb Code    74  pwm.o(.text)
    TIM4_PWM_Init                            0x080017a3   Thumb Code   134  pwm.o(.text)
    TIM3_Int_Init                            0x08001835   Thumb Code   108  timer.o(.text)
    TIM3_IRQHandler                          0x080018a1   Thumb Code   178  timer.o(.text)
    TIM2_Int_Init                            0x08001953   Thumb Code    92  timer.o(.text)
    TIM2_IRQHandler                          0x080019af   Thumb Code   140  timer.o(.text)
    delay_init                               0x08001a99   Thumb Code    50  delay.o(.text)
    delay_us                                 0x08001acb   Thumb Code    72  delay.o(.text)
    delay_ms                                 0x08001b13   Thumb Code    72  delay.o(.text)
    PID_Control                              0x08001c6b   Thumb Code    82  pid.o(.text)
    PID_AbsoluteMode                         0x08001cbd   Thumb Code   264  pid.o(.text)
    PidSpeedControl                          0x08001dc5   Thumb Code    74  pid.o(.text)
    Adc_Init                                 0x08001e45   Thumb Code   138  adc.o(.text)
    Get_Adc                                  0x08001ecf   Thumb Code    46  adc.o(.text)
    Get_Adc_Average                          0x08001efd   Thumb Code    46  adc.o(.text)
    Reset_Handler                            0x08001f35   Thumb Code     8  startup_stm32f10x_hd.o(.text)
    ADC1_2_IRQHandler                        0x08001f4f   Thumb Code     0  startup_stm32f10x_hd.o(.text)
    ADC3_IRQHandler                          0x08001f4f   Thumb Code     0  startup_stm32f10x_hd.o(.text)
    CAN1_RX1_IRQHandler                      0x08001f4f   Thumb Code     0  startup_stm32f10x_hd.o(.text)
    CAN1_SCE_IRQHandler                      0x08001f4f   Thumb Code     0  startup_stm32f10x_hd.o(.text)
    DMA1_Channel1_IRQHandler                 0x08001f4f   Thumb Code     0  startup_stm32f10x_hd.o(.text)
    DMA1_Channel2_IRQHandler                 0x08001f4f   Thumb Code     0  startup_stm32f10x_hd.o(.text)
    DMA1_Channel3_IRQHandler                 0x08001f4f   Thumb Code     0  startup_stm32f10x_hd.o(.text)
    DMA1_Channel4_IRQHandler                 0x08001f4f   Thumb Code     0  startup_stm32f10x_hd.o(.text)
    DMA1_Channel5_IRQHandler                 0x08001f4f   Thumb Code     0  startup_stm32f10x_hd.o(.text)
    DMA1_Channel6_IRQHandler                 0x08001f4f   Thumb Code     0  startup_stm32f10x_hd.o(.text)
    DMA1_Channel7_IRQHandler                 0x08001f4f   Thumb Code     0  startup_stm32f10x_hd.o(.text)
    DMA2_Channel1_IRQHandler                 0x08001f4f   Thumb Code     0  startup_stm32f10x_hd.o(.text)
    DMA2_Channel2_IRQHandler                 0x08001f4f   Thumb Code     0  startup_stm32f10x_hd.o(.text)
    DMA2_Channel3_IRQHandler                 0x08001f4f   Thumb Code     0  startup_stm32f10x_hd.o(.text)
    DMA2_Channel4_5_IRQHandler               0x08001f4f   Thumb Code     0  startup_stm32f10x_hd.o(.text)
    EXTI15_10_IRQHandler                     0x08001f4f   Thumb Code     0  startup_stm32f10x_hd.o(.text)
    EXTI3_IRQHandler                         0x08001f4f   Thumb Code     0  startup_stm32f10x_hd.o(.text)
    EXTI4_IRQHandler                         0x08001f4f   Thumb Code     0  startup_stm32f10x_hd.o(.text)
    FLASH_IRQHandler                         0x08001f4f   Thumb Code     0  startup_stm32f10x_hd.o(.text)
    FSMC_IRQHandler                          0x08001f4f   Thumb Code     0  startup_stm32f10x_hd.o(.text)
    I2C1_ER_IRQHandler                       0x08001f4f   Thumb Code     0  startup_stm32f10x_hd.o(.text)
    I2C1_EV_IRQHandler                       0x08001f4f   Thumb Code     0  startup_stm32f10x_hd.o(.text)
    I2C2_ER_IRQHandler                       0x08001f4f   Thumb Code     0  startup_stm32f10x_hd.o(.text)
    I2C2_EV_IRQHandler                       0x08001f4f   Thumb Code     0  startup_stm32f10x_hd.o(.text)
    PVD_IRQHandler                           0x08001f4f   Thumb Code     0  startup_stm32f10x_hd.o(.text)
    RCC_IRQHandler                           0x08001f4f   Thumb Code     0  startup_stm32f10x_hd.o(.text)
    RTCAlarm_IRQHandler                      0x08001f4f   Thumb Code     0  startup_stm32f10x_hd.o(.text)
    RTC_IRQHandler                           0x08001f4f   Thumb Code     0  startup_stm32f10x_hd.o(.text)
    SDIO_IRQHandler                          0x08001f4f   Thumb Code     0  startup_stm32f10x_hd.o(.text)
    SPI1_IRQHandler                          0x08001f4f   Thumb Code     0  startup_stm32f10x_hd.o(.text)
    SPI2_IRQHandler                          0x08001f4f   Thumb Code     0  startup_stm32f10x_hd.o(.text)
    SPI3_IRQHandler                          0x08001f4f   Thumb Code     0  startup_stm32f10x_hd.o(.text)
    TAMPER_IRQHandler                        0x08001f4f   Thumb Code     0  startup_stm32f10x_hd.o(.text)
    TIM1_BRK_IRQHandler                      0x08001f4f   Thumb Code     0  startup_stm32f10x_hd.o(.text)
    TIM1_CC_IRQHandler                       0x08001f4f   Thumb Code     0  startup_stm32f10x_hd.o(.text)
    TIM1_TRG_COM_IRQHandler                  0x08001f4f   Thumb Code     0  startup_stm32f10x_hd.o(.text)
    TIM1_UP_IRQHandler                       0x08001f4f   Thumb Code     0  startup_stm32f10x_hd.o(.text)
    TIM4_IRQHandler                          0x08001f4f   Thumb Code     0  startup_stm32f10x_hd.o(.text)
    TIM5_IRQHandler                          0x08001f4f   Thumb Code     0  startup_stm32f10x_hd.o(.text)
    TIM6_IRQHandler                          0x08001f4f   Thumb Code     0  startup_stm32f10x_hd.o(.text)
    TIM7_IRQHandler                          0x08001f4f   Thumb Code     0  startup_stm32f10x_hd.o(.text)
    TIM8_BRK_IRQHandler                      0x08001f4f   Thumb Code     0  startup_stm32f10x_hd.o(.text)
    TIM8_CC_IRQHandler                       0x08001f4f   Thumb Code     0  startup_stm32f10x_hd.o(.text)
    TIM8_TRG_COM_IRQHandler                  0x08001f4f   Thumb Code     0  startup_stm32f10x_hd.o(.text)
    TIM8_UP_IRQHandler                       0x08001f4f   Thumb Code     0  startup_stm32f10x_hd.o(.text)
    UART4_IRQHandler                         0x08001f4f   Thumb Code     0  startup_stm32f10x_hd.o(.text)
    UART5_IRQHandler                         0x08001f4f   Thumb Code     0  startup_stm32f10x_hd.o(.text)
    USART2_IRQHandler                        0x08001f4f   Thumb Code     0  startup_stm32f10x_hd.o(.text)
    USART3_IRQHandler                        0x08001f4f   Thumb Code     0  startup_stm32f10x_hd.o(.text)
    USBWakeUp_IRQHandler                     0x08001f4f   Thumb Code     0  startup_stm32f10x_hd.o(.text)
    USB_HP_CAN1_TX_IRQHandler                0x08001f4f   Thumb Code     0  startup_stm32f10x_hd.o(.text)
    USB_LP_CAN1_RX0_IRQHandler               0x08001f4f   Thumb Code     0  startup_stm32f10x_hd.o(.text)
    WWDG_IRQHandler                          0x08001f4f   Thumb Code     0  startup_stm32f10x_hd.o(.text)
    __user_initial_stackheap                 0x08001f51   Thumb Code     0  startup_stm32f10x_hd.o(.text)
    GPIO_DeInit                              0x08001f75   Thumb Code   172  stm32f10x_gpio.o(.text)
    GPIO_AFIODeInit                          0x08002021   Thumb Code    20  stm32f10x_gpio.o(.text)
    GPIO_Init                                0x08002035   Thumb Code   278  stm32f10x_gpio.o(.text)
    GPIO_StructInit                          0x0800214b   Thumb Code    16  stm32f10x_gpio.o(.text)
    GPIO_ReadInputDataBit                    0x0800215b   Thumb Code    18  stm32f10x_gpio.o(.text)
    GPIO_ReadInputData                       0x0800216d   Thumb Code     8  stm32f10x_gpio.o(.text)
    GPIO_ReadOutputDataBit                   0x08002175   Thumb Code    18  stm32f10x_gpio.o(.text)
    GPIO_ReadOutputData                      0x08002187   Thumb Code     8  stm32f10x_gpio.o(.text)
    GPIO_SetBits                             0x0800218f   Thumb Code     4  stm32f10x_gpio.o(.text)
    GPIO_ResetBits                           0x08002193   Thumb Code     4  stm32f10x_gpio.o(.text)
    GPIO_WriteBit                            0x08002197   Thumb Code    10  stm32f10x_gpio.o(.text)
    GPIO_Write                               0x080021a1   Thumb Code     4  stm32f10x_gpio.o(.text)
    GPIO_PinLockConfig                       0x080021a5   Thumb Code    18  stm32f10x_gpio.o(.text)
    GPIO_EventOutputConfig                   0x080021b7   Thumb Code    26  stm32f10x_gpio.o(.text)
    GPIO_EventOutputCmd                      0x080021d1   Thumb Code     6  stm32f10x_gpio.o(.text)
    GPIO_PinRemapConfig                      0x080021d7   Thumb Code   138  stm32f10x_gpio.o(.text)
    GPIO_EXTILineConfig                      0x08002261   Thumb Code    66  stm32f10x_gpio.o(.text)
    GPIO_ETH_MediaInterfaceConfig            0x080022a3   Thumb Code     8  stm32f10x_gpio.o(.text)
    RCC_DeInit                               0x080022d1   Thumb Code    64  stm32f10x_rcc.o(.text)
    RCC_HSEConfig                            0x08002311   Thumb Code    70  stm32f10x_rcc.o(.text)
    RCC_GetFlagStatus                        0x08002357   Thumb Code    56  stm32f10x_rcc.o(.text)
    RCC_WaitForHSEStartUp                    0x0800238f   Thumb Code    56  stm32f10x_rcc.o(.text)
    RCC_AdjustHSICalibrationValue            0x080023c7   Thumb Code    20  stm32f10x_rcc.o(.text)
    RCC_HSICmd                               0x080023db   Thumb Code     6  stm32f10x_rcc.o(.text)
    RCC_PLLConfig                            0x080023e1   Thumb Code    24  stm32f10x_rcc.o(.text)
    RCC_PLLCmd                               0x080023f9   Thumb Code     6  stm32f10x_rcc.o(.text)
    RCC_SYSCLKConfig                         0x080023ff   Thumb Code    18  stm32f10x_rcc.o(.text)
    RCC_GetSYSCLKSource                      0x08002411   Thumb Code    10  stm32f10x_rcc.o(.text)
    RCC_HCLKConfig                           0x0800241b   Thumb Code    18  stm32f10x_rcc.o(.text)
    RCC_PCLK1Config                          0x0800242d   Thumb Code    18  stm32f10x_rcc.o(.text)
    RCC_PCLK2Config                          0x0800243f   Thumb Code    20  stm32f10x_rcc.o(.text)
    RCC_ITConfig                             0x08002453   Thumb Code    26  stm32f10x_rcc.o(.text)
    RCC_USBCLKConfig                         0x0800246d   Thumb Code     8  stm32f10x_rcc.o(.text)
    RCC_ADCCLKConfig                         0x08002475   Thumb Code    18  stm32f10x_rcc.o(.text)
    RCC_LSEConfig                            0x08002487   Thumb Code    50  stm32f10x_rcc.o(.text)
    RCC_LSICmd                               0x080024b9   Thumb Code     6  stm32f10x_rcc.o(.text)
    RCC_RTCCLKConfig                         0x080024bf   Thumb Code    12  stm32f10x_rcc.o(.text)
    RCC_RTCCLKCmd                            0x080024cb   Thumb Code     8  stm32f10x_rcc.o(.text)
    RCC_GetClocksFreq                        0x080024d3   Thumb Code   192  stm32f10x_rcc.o(.text)
    RCC_AHBPeriphClockCmd                    0x08002593   Thumb Code    26  stm32f10x_rcc.o(.text)
    RCC_APB2PeriphClockCmd                   0x080025ad   Thumb Code    26  stm32f10x_rcc.o(.text)
    RCC_APB1PeriphClockCmd                   0x080025c7   Thumb Code    26  stm32f10x_rcc.o(.text)
    RCC_APB2PeriphResetCmd                   0x080025e1   Thumb Code    26  stm32f10x_rcc.o(.text)
    RCC_APB1PeriphResetCmd                   0x080025fb   Thumb Code    26  stm32f10x_rcc.o(.text)
    RCC_BackupResetCmd                       0x08002615   Thumb Code     8  stm32f10x_rcc.o(.text)
    RCC_ClockSecuritySystemCmd               0x0800261d   Thumb Code     6  stm32f10x_rcc.o(.text)
    RCC_MCOConfig                            0x08002623   Thumb Code     6  stm32f10x_rcc.o(.text)
    RCC_ClearFlag                            0x08002629   Thumb Code    14  stm32f10x_rcc.o(.text)
    RCC_GetITStatus                          0x08002637   Thumb Code    20  stm32f10x_rcc.o(.text)
    RCC_ClearITPendingBit                    0x0800264b   Thumb Code     6  stm32f10x_rcc.o(.text)
    USART_DeInit                             0x08002675   Thumb Code   134  stm32f10x_usart.o(.text)
    USART_Init                               0x080026fb   Thumb Code   210  stm32f10x_usart.o(.text)
    USART_StructInit                         0x080027cd   Thumb Code    24  stm32f10x_usart.o(.text)
    USART_ClockInit                          0x080027e5   Thumb Code    34  stm32f10x_usart.o(.text)
    USART_ClockStructInit                    0x08002807   Thumb Code    12  stm32f10x_usart.o(.text)
    USART_Cmd                                0x08002813   Thumb Code    24  stm32f10x_usart.o(.text)
    USART_ITConfig                           0x0800282b   Thumb Code    74  stm32f10x_usart.o(.text)
    USART_DMACmd                             0x08002875   Thumb Code    18  stm32f10x_usart.o(.text)
    USART_SetAddress                         0x08002887   Thumb Code    18  stm32f10x_usart.o(.text)
    USART_WakeUpConfig                       0x08002899   Thumb Code    18  stm32f10x_usart.o(.text)
    USART_ReceiverWakeUpCmd                  0x080028ab   Thumb Code    24  stm32f10x_usart.o(.text)
    USART_LINBreakDetectLengthConfig         0x080028c3   Thumb Code    18  stm32f10x_usart.o(.text)
    USART_LINCmd                             0x080028d5   Thumb Code    24  stm32f10x_usart.o(.text)
    USART_SendData                           0x080028ed   Thumb Code     8  stm32f10x_usart.o(.text)
    USART_ReceiveData                        0x080028f5   Thumb Code    10  stm32f10x_usart.o(.text)
    USART_SendBreak                          0x080028ff   Thumb Code    10  stm32f10x_usart.o(.text)
    USART_SetGuardTime                       0x08002909   Thumb Code    16  stm32f10x_usart.o(.text)
    USART_SetPrescaler                       0x08002919   Thumb Code    16  stm32f10x_usart.o(.text)
    USART_SmartCardCmd                       0x08002929   Thumb Code    24  stm32f10x_usart.o(.text)
    USART_SmartCardNACKCmd                   0x08002941   Thumb Code    24  stm32f10x_usart.o(.text)
    USART_HalfDuplexCmd                      0x08002959   Thumb Code    24  stm32f10x_usart.o(.text)
    USART_OverSampling8Cmd                   0x08002971   Thumb Code    22  stm32f10x_usart.o(.text)
    USART_OneBitMethodCmd                    0x08002987   Thumb Code    24  stm32f10x_usart.o(.text)
    USART_IrDAConfig                         0x0800299f   Thumb Code    18  stm32f10x_usart.o(.text)
    USART_IrDACmd                            0x080029b1   Thumb Code    24  stm32f10x_usart.o(.text)
    USART_GetFlagStatus                      0x080029c9   Thumb Code    26  stm32f10x_usart.o(.text)
    USART_ClearFlag                          0x080029e3   Thumb Code    18  stm32f10x_usart.o(.text)
    USART_GetITStatus                        0x080029f5   Thumb Code    84  stm32f10x_usart.o(.text)
    USART_ClearITPendingBit                  0x08002a49   Thumb Code    52  stm32f10x_usart.o(.text)
    NVIC_PriorityGroupConfig                 0x08002a7d   Thumb Code    10  misc.o(.text)
    NVIC_Init                                0x08002a87   Thumb Code   100  misc.o(.text)
    NVIC_SetVectorTable                      0x08002aeb   Thumb Code    14  misc.o(.text)
    NVIC_SystemLPConfig                      0x08002af9   Thumb Code    34  misc.o(.text)
    SysTick_CLKSourceConfig                  0x08002b1b   Thumb Code    40  misc.o(.text)
    TIM_DeInit                               0x08002b59   Thumb Code   424  stm32f10x_tim.o(.text)
    TIM_TimeBaseInit                         0x08002d01   Thumb Code   122  stm32f10x_tim.o(.text)
    TIM_OC1Init                              0x08002d7b   Thumb Code   132  stm32f10x_tim.o(.text)
    TIM_OC2Init                              0x08002dff   Thumb Code   154  stm32f10x_tim.o(.text)
    TIM_OC3Init                              0x08002e99   Thumb Code   150  stm32f10x_tim.o(.text)
    TIM_OC4Init                              0x08002f2f   Thumb Code   182  stm32f10x_tim.o(.text)
    TIM_SetIC4Prescaler                      0x08002fe5   Thumb Code    26  stm32f10x_tim.o(.text)
    TIM_SetIC3Prescaler                      0x08003081   Thumb Code    18  stm32f10x_tim.o(.text)
    TIM_SetIC2Prescaler                      0x0800310d   Thumb Code    26  stm32f10x_tim.o(.text)
    TIM_SetIC1Prescaler                      0x080031a9   Thumb Code    18  stm32f10x_tim.o(.text)
    TIM_ICInit                               0x08003227   Thumb Code   150  stm32f10x_tim.o(.text)
    TIM_PWMIConfig                           0x080032bd   Thumb Code   124  stm32f10x_tim.o(.text)
    TIM_BDTRConfig                           0x08003339   Thumb Code    32  stm32f10x_tim.o(.text)
    TIM_TimeBaseStructInit                   0x08003359   Thumb Code    18  stm32f10x_tim.o(.text)
    TIM_OCStructInit                         0x0800336b   Thumb Code    20  stm32f10x_tim.o(.text)
    TIM_ICStructInit                         0x0800337f   Thumb Code    18  stm32f10x_tim.o(.text)
    TIM_BDTRStructInit                       0x08003391   Thumb Code    40  stm32f10x_tim.o(.text)
    TIM_Cmd                                  0x080033b9   Thumb Code    24  stm32f10x_tim.o(.text)
    TIM_CtrlPWMOutputs                       0x080033d1   Thumb Code    30  stm32f10x_tim.o(.text)
    TIM_ITConfig                             0x080033ef   Thumb Code    18  stm32f10x_tim.o(.text)
    TIM_GenerateEvent                        0x08003401   Thumb Code     4  stm32f10x_tim.o(.text)
    TIM_DMAConfig                            0x08003405   Thumb Code    10  stm32f10x_tim.o(.text)
    TIM_DMACmd                               0x0800340f   Thumb Code    18  stm32f10x_tim.o(.text)
    TIM_InternalClockConfig                  0x08003421   Thumb Code    12  stm32f10x_tim.o(.text)
    TIM_SelectInputTrigger                   0x0800342d   Thumb Code    18  stm32f10x_tim.o(.text)
    TIM_ITRxExternalClockConfig              0x0800343f   Thumb Code    24  stm32f10x_tim.o(.text)
    TIM_TIxExternalClockConfig               0x08003457   Thumb Code    62  stm32f10x_tim.o(.text)
    TIM_ETRConfig                            0x08003495   Thumb Code    28  stm32f10x_tim.o(.text)
    TIM_ETRClockMode1Config                  0x080034b1   Thumb Code    54  stm32f10x_tim.o(.text)
    TIM_ETRClockMode2Config                  0x080034e7   Thumb Code    32  stm32f10x_tim.o(.text)
    TIM_PrescalerConfig                      0x08003507   Thumb Code     6  stm32f10x_tim.o(.text)
    TIM_CounterModeConfig                    0x0800350d   Thumb Code    18  stm32f10x_tim.o(.text)
    TIM_EncoderInterfaceConfig               0x0800351f   Thumb Code    66  stm32f10x_tim.o(.text)
    TIM_ForcedOC1Config                      0x08003561   Thumb Code    18  stm32f10x_tim.o(.text)
    TIM_ForcedOC2Config                      0x08003573   Thumb Code    26  stm32f10x_tim.o(.text)
    TIM_ForcedOC3Config                      0x0800358d   Thumb Code    18  stm32f10x_tim.o(.text)
    TIM_ForcedOC4Config                      0x0800359f   Thumb Code    26  stm32f10x_tim.o(.text)
    TIM_ARRPreloadConfig                     0x080035b9   Thumb Code    24  stm32f10x_tim.o(.text)
    TIM_SelectCOM                            0x080035d1   Thumb Code    24  stm32f10x_tim.o(.text)
    TIM_SelectCCDMA                          0x080035e9   Thumb Code    24  stm32f10x_tim.o(.text)
    TIM_CCPreloadControl                     0x08003601   Thumb Code    24  stm32f10x_tim.o(.text)
    TIM_OC1PreloadConfig                     0x08003619   Thumb Code    18  stm32f10x_tim.o(.text)
    TIM_OC2PreloadConfig                     0x0800362b   Thumb Code    26  stm32f10x_tim.o(.text)
    TIM_OC3PreloadConfig                     0x08003645   Thumb Code    18  stm32f10x_tim.o(.text)
    TIM_OC4PreloadConfig                     0x08003657   Thumb Code    26  stm32f10x_tim.o(.text)
    TIM_OC1FastConfig                        0x08003671   Thumb Code    18  stm32f10x_tim.o(.text)
    TIM_OC2FastConfig                        0x08003683   Thumb Code    26  stm32f10x_tim.o(.text)
    TIM_OC3FastConfig                        0x0800369d   Thumb Code    18  stm32f10x_tim.o(.text)
    TIM_OC4FastConfig                        0x080036af   Thumb Code    26  stm32f10x_tim.o(.text)
    TIM_ClearOC1Ref                          0x080036c9   Thumb Code    18  stm32f10x_tim.o(.text)
    TIM_ClearOC2Ref                          0x080036db   Thumb Code    24  stm32f10x_tim.o(.text)
    TIM_ClearOC3Ref                          0x080036f3   Thumb Code    18  stm32f10x_tim.o(.text)
    TIM_ClearOC4Ref                          0x08003705   Thumb Code    24  stm32f10x_tim.o(.text)
    TIM_OC1PolarityConfig                    0x0800371d   Thumb Code    18  stm32f10x_tim.o(.text)
    TIM_OC1NPolarityConfig                   0x0800372f   Thumb Code    18  stm32f10x_tim.o(.text)
    TIM_OC2PolarityConfig                    0x08003741   Thumb Code    26  stm32f10x_tim.o(.text)
    TIM_OC2NPolarityConfig                   0x0800375b   Thumb Code    26  stm32f10x_tim.o(.text)
    TIM_OC3PolarityConfig                    0x08003775   Thumb Code    26  stm32f10x_tim.o(.text)
    TIM_OC3NPolarityConfig                   0x0800378f   Thumb Code    26  stm32f10x_tim.o(.text)
    TIM_OC4PolarityConfig                    0x080037a9   Thumb Code    26  stm32f10x_tim.o(.text)
    TIM_CCxCmd                               0x080037c3   Thumb Code    30  stm32f10x_tim.o(.text)
    TIM_CCxNCmd                              0x080037e1   Thumb Code    30  stm32f10x_tim.o(.text)
    TIM_SelectOCxM                           0x080037ff   Thumb Code    82  stm32f10x_tim.o(.text)
    TIM_UpdateDisableConfig                  0x08003851   Thumb Code    24  stm32f10x_tim.o(.text)
    TIM_UpdateRequestConfig                  0x08003869   Thumb Code    24  stm32f10x_tim.o(.text)
    TIM_SelectHallSensor                     0x08003881   Thumb Code    24  stm32f10x_tim.o(.text)
    TIM_SelectOnePulseMode                   0x08003899   Thumb Code    18  stm32f10x_tim.o(.text)
    TIM_SelectOutputTrigger                  0x080038ab   Thumb Code    18  stm32f10x_tim.o(.text)
    TIM_SelectSlaveMode                      0x080038bd   Thumb Code    18  stm32f10x_tim.o(.text)
    TIM_SelectMasterSlaveMode                0x080038cf   Thumb Code    18  stm32f10x_tim.o(.text)
    TIM_SetCounter                           0x080038e1   Thumb Code     4  stm32f10x_tim.o(.text)
    TIM_SetAutoreload                        0x080038e5   Thumb Code     4  stm32f10x_tim.o(.text)
    TIM_SetCompare1                          0x080038e9   Thumb Code     4  stm32f10x_tim.o(.text)
    TIM_SetCompare2                          0x080038ed   Thumb Code     4  stm32f10x_tim.o(.text)
    TIM_SetCompare3                          0x080038f1   Thumb Code     4  stm32f10x_tim.o(.text)
    TIM_SetCompare4                          0x080038f5   Thumb Code     6  stm32f10x_tim.o(.text)
    TIM_SetClockDivision                     0x080038fb   Thumb Code    18  stm32f10x_tim.o(.text)
    TIM_GetCapture1                          0x0800390d   Thumb Code     6  stm32f10x_tim.o(.text)
    TIM_GetCapture2                          0x08003913   Thumb Code     6  stm32f10x_tim.o(.text)
    TIM_GetCapture3                          0x08003919   Thumb Code     6  stm32f10x_tim.o(.text)
    TIM_GetCapture4                          0x0800391f   Thumb Code     8  stm32f10x_tim.o(.text)
    TIM_GetCounter                           0x08003927   Thumb Code     6  stm32f10x_tim.o(.text)
    TIM_GetPrescaler                         0x0800392d   Thumb Code     6  stm32f10x_tim.o(.text)
    TIM_GetFlagStatus                        0x08003933   Thumb Code    18  stm32f10x_tim.o(.text)
    TIM_ClearFlag                            0x08003945   Thumb Code     6  stm32f10x_tim.o(.text)
    TIM_GetITStatus                          0x0800394b   Thumb Code    34  stm32f10x_tim.o(.text)
    TIM_ClearITPendingBit                    0x0800396d   Thumb Code     6  stm32f10x_tim.o(.text)
    EXTI_DeInit                              0x08003975   Thumb Code    28  stm32f10x_exti.o(.text)
    EXTI_Init                                0x08003991   Thumb Code   142  stm32f10x_exti.o(.text)
    EXTI_StructInit                          0x08003a1f   Thumb Code    16  stm32f10x_exti.o(.text)
    EXTI_GenerateSWInterrupt                 0x08003a2f   Thumb Code    16  stm32f10x_exti.o(.text)
    EXTI_GetFlagStatus                       0x08003a3f   Thumb Code    22  stm32f10x_exti.o(.text)
    EXTI_ClearFlag                           0x08003a55   Thumb Code     8  stm32f10x_exti.o(.text)
    EXTI_GetITStatus                         0x08003a5d   Thumb Code    34  stm32f10x_exti.o(.text)
    EXTI_ClearITPendingBit                   0x08003a7f   Thumb Code     8  stm32f10x_exti.o(.text)
    ADC_DeInit                               0x08003a91   Thumb Code    78  stm32f10x_adc.o(.text)
    ADC_Init                                 0x08003adf   Thumb Code    70  stm32f10x_adc.o(.text)
    ADC_StructInit                           0x08003b25   Thumb Code    18  stm32f10x_adc.o(.text)
    ADC_Cmd                                  0x08003b37   Thumb Code    22  stm32f10x_adc.o(.text)
    ADC_DMACmd                               0x08003b4d   Thumb Code    22  stm32f10x_adc.o(.text)
    ADC_ITConfig                             0x08003b63   Thumb Code    24  stm32f10x_adc.o(.text)
    ADC_ResetCalibration                     0x08003b7b   Thumb Code    10  stm32f10x_adc.o(.text)
    ADC_GetResetCalibrationStatus            0x08003b85   Thumb Code    20  stm32f10x_adc.o(.text)
    ADC_StartCalibration                     0x08003b99   Thumb Code    10  stm32f10x_adc.o(.text)
    ADC_GetCalibrationStatus                 0x08003ba3   Thumb Code    20  stm32f10x_adc.o(.text)
    ADC_SoftwareStartConvCmd                 0x08003bb7   Thumb Code    22  stm32f10x_adc.o(.text)
    ADC_GetSoftwareStartConvStatus           0x08003bcd   Thumb Code    20  stm32f10x_adc.o(.text)
    ADC_DiscModeChannelCountConfig           0x08003be1   Thumb Code    24  stm32f10x_adc.o(.text)
    ADC_DiscModeCmd                          0x08003bf9   Thumb Code    22  stm32f10x_adc.o(.text)
    ADC_RegularChannelConfig                 0x08003c0f   Thumb Code   184  stm32f10x_adc.o(.text)
    ADC_ExternalTrigConvCmd                  0x08003cc7   Thumb Code    22  stm32f10x_adc.o(.text)
    ADC_GetConversionValue                   0x08003cdd   Thumb Code     8  stm32f10x_adc.o(.text)
    ADC_GetDualModeConversionValue           0x08003ce5   Thumb Code     8  stm32f10x_adc.o(.text)
    ADC_AutoInjectedConvCmd                  0x08003ced   Thumb Code    22  stm32f10x_adc.o(.text)
    ADC_InjectedDiscModeCmd                  0x08003d03   Thumb Code    22  stm32f10x_adc.o(.text)
    ADC_ExternalTrigInjectedConvConfig       0x08003d19   Thumb Code    16  stm32f10x_adc.o(.text)
    ADC_ExternalTrigInjectedConvCmd          0x08003d29   Thumb Code    22  stm32f10x_adc.o(.text)
    ADC_SoftwareStartInjectedConvCmd         0x08003d3f   Thumb Code    22  stm32f10x_adc.o(.text)
    ADC_GetSoftwareStartInjectedConvCmdStatus 0x08003d55   Thumb Code    20  stm32f10x_adc.o(.text)
    ADC_InjectedChannelConfig                0x08003d69   Thumb Code   130  stm32f10x_adc.o(.text)
    ADC_InjectedSequencerLengthConfig        0x08003deb   Thumb Code    24  stm32f10x_adc.o(.text)
    ADC_SetInjectedOffset                    0x08003e03   Thumb Code    20  stm32f10x_adc.o(.text)
    ADC_GetInjectedConversionValue           0x08003e17   Thumb Code    28  stm32f10x_adc.o(.text)
    ADC_AnalogWatchdogCmd                    0x08003e33   Thumb Code    16  stm32f10x_adc.o(.text)
    ADC_AnalogWatchdogThresholdsConfig       0x08003e43   Thumb Code     6  stm32f10x_adc.o(.text)
    ADC_AnalogWatchdogSingleChannelConfig    0x08003e49   Thumb Code    16  stm32f10x_adc.o(.text)
    ADC_TempSensorVrefintCmd                 0x08003e59   Thumb Code    64  stm32f10x_adc.o(.text)
    ADC_GetFlagStatus                        0x08003e99   Thumb Code    18  stm32f10x_adc.o(.text)
    ADC_ClearFlag                            0x08003eab   Thumb Code     6  stm32f10x_adc.o(.text)
    ADC_GetITStatus                          0x08003eb1   Thumb Code    36  stm32f10x_adc.o(.text)
    ADC_ClearITPendingBit                    0x08003ed5   Thumb Code    10  stm32f10x_adc.o(.text)
    vsnprintf                                0x08003ee1   Thumb Code    48  vsnprintf.o(.text)
    __2sprintf                               0x08003f15   Thumb Code    38  __2sprintf.o(.text)
    _printf_pre_padding                      0x08003f41   Thumb Code    44  _printf_pad.o(.text)
    _printf_post_padding                     0x08003f6d   Thumb Code    34  _printf_pad.o(.text)
    _printf_int_dec                          0x08003f91   Thumb Code   104  _printf_dec.o(.text)
    __printf                                 0x08004009   Thumb Code   388  __printf_flags_ss_wp.o(.text)
    __use_two_region_memory                  0x08004191   Thumb Code     2  heapauxi.o(.text)
    __rt_heap_escrow$2region                 0x08004193   Thumb Code     2  heapauxi.o(.text)
    __rt_heap_expand$2region                 0x08004195   Thumb Code     2  heapauxi.o(.text)
    _printf_truncate_signed                  0x08004197   Thumb Code    18  _printf_truncate.o(.text)
    _printf_truncate_unsigned                0x080041a9   Thumb Code    18  _printf_truncate.o(.text)
    _printf_str                              0x080041bb   Thumb Code    82  _printf_str.o(.text)
    _printf_int_common                       0x0800420d   Thumb Code   178  _printf_intcommon.o(.text)
    _printf_charcount                        0x080042bf   Thumb Code    40  _printf_charcount.o(.text)
    __lib_sel_fp_printf                      0x080042e7   Thumb Code     2  _printf_fp_dec.o(.text)
    _printf_fp_dec_real                      0x08004495   Thumb Code   620  _printf_fp_dec.o(.text)
    _printf_char_common                      0x0800470b   Thumb Code    32  _printf_char_common.o(.text)
    _sputc                                   0x08004731   Thumb Code    10  _sputc.o(.text)
    _snputc                                  0x0800473b   Thumb Code    16  _snputc.o(.text)
    _printf_wctomb                           0x0800474d   Thumb Code   182  _printf_wctomb.o(.text)
    _printf_longlong_dec                     0x08004809   Thumb Code   108  _printf_longlong_dec.o(.text)
    _printf_longlong_oct                     0x08004885   Thumb Code    68  _printf_oct_int_ll.o(.text)
    _printf_int_oct                          0x080048c9   Thumb Code    24  _printf_oct_int_ll.o(.text)
    _printf_ll_oct                           0x080048e1   Thumb Code    12  _printf_oct_int_ll.o(.text)
    _printf_longlong_hex                     0x080048f5   Thumb Code    86  _printf_hex_int_ll_ptr.o(.text)
    _printf_int_hex                          0x0800494b   Thumb Code    28  _printf_hex_int_ll_ptr.o(.text)
    _printf_ll_hex                           0x08004967   Thumb Code    12  _printf_hex_int_ll_ptr.o(.text)
    _printf_hex_ptr                          0x08004973   Thumb Code    18  _printf_hex_int_ll_ptr.o(.text)
    __rt_locale                              0x08004989   Thumb Code     8  rt_locale_intlibspace.o(.text)
    _ll_udiv10                               0x08004991   Thumb Code   138  lludiv10.o(.text)
    _printf_fp_hex_real                      0x08004a1d   Thumb Code   754  _printf_fp_hex.o(.text)
    _printf_fp_infnan                        0x08004d19   Thumb Code   112  _printf_fp_infnan.o(.text)
    _printf_cs_common                        0x08004d99   Thumb Code    20  _printf_char.o(.text)
    _printf_char                             0x08004dad   Thumb Code    16  _printf_char.o(.text)
    _printf_string                           0x08004dbd   Thumb Code     8  _printf_char.o(.text)
    _printf_lcs_common                       0x08004dc5   Thumb Code    20  _printf_wchar.o(.text)
    _printf_wchar                            0x08004dd9   Thumb Code    16  _printf_wchar.o(.text)
    _printf_wstring                          0x08004de9   Thumb Code     8  _printf_wchar.o(.text)
    _btod_etento                             0x08004df1   Thumb Code   216  bigflt0.o(.text)
    _wcrtomb                                 0x08004ecd   Thumb Code    64  _wcrtomb.o(.text)
    __user_libspace                          0x08004f0d   Thumb Code     8  libspace.o(.text)
    __user_perproc_libspace                  0x08004f0d   Thumb Code     0  libspace.o(.text)
    __user_perthread_libspace                0x08004f0d   Thumb Code     0  libspace.o(.text)
    __user_setup_stackheap                   0x08004f15   Thumb Code    74  sys_stackheap_outer.o(.text)
    __rt_ctype_table                         0x08004f61   Thumb Code    16  rt_ctype_table.o(.text)
    exit                                     0x08004f71   Thumb Code    18  exit.o(.text)
    strcmp                                   0x08004f85   Thumb Code   128  strcmpv7m.o(.text)
    _sys_exit                                0x08005005   Thumb Code     8  sys_exit.o(.text)
    __I$use$semihosting                      0x08005011   Thumb Code     0  use_no_semi.o(.text)
    __use_no_semihosting_swi                 0x08005011   Thumb Code     2  use_no_semi.o(.text)
    __semihosting_library_function           0x08005013   Thumb Code     0  indicate_semi.o(.text)
    _btod_d2e                                0x08005013   Thumb Code    62  btod.o(CL$$btod_d2e)
    _d2e_denorm_low                          0x08005051   Thumb Code    70  btod.o(CL$$btod_d2e_denorm_low)
    _d2e_norm_op1                            0x08005097   Thumb Code    96  btod.o(CL$$btod_d2e_norm_op1)
    __btod_div_common                        0x080050f7   Thumb Code   696  btod.o(CL$$btod_div_common)
    _e2e                                     0x0800542f   Thumb Code   198  btod.o(CL$$btod_e2e)
    _btod_ediv                               0x080054f5   Thumb Code    40  btod.o(CL$$btod_ediv)
    _btod_emul                               0x0800551d   Thumb Code    40  btod.o(CL$$btod_emul)
    __btod_mult_common                       0x08005545   Thumb Code   580  btod.o(CL$$btod_mult_common)
    __ARM_fpclassify                         0x08005789   Thumb Code    40  fpclassify.o(i.__ARM_fpclassify)
    __kernel_poly                            0x080057b1   Thumb Code   170  poly.o(i.__kernel_poly)
    __mathlib_dbl_infnan                     0x0800585b   Thumb Code     6  dunder.o(i.__mathlib_dbl_infnan)
    __mathlib_dbl_underflow                  0x08005861   Thumb Code    10  dunder.o(i.__mathlib_dbl_underflow)
    _is_digit                                0x08005871   Thumb Code    14  __printf_wp.o(i._is_digit)
    atan                                     0x08005881   Thumb Code   474  atan.o(i.atan)
    _get_lc_numeric                          0x08005aa1   Thumb Code    44  lc_numeric_c.o(locale$$code)
    _get_lc_ctype                            0x08005acd   Thumb Code    44  lc_ctype_c.o(locale$$code)
    __aeabi_d2f                              0x08005af9   Thumb Code     0  d2f.o(x$fpl$d2f)
    _d2f                                     0x08005af9   Thumb Code    98  d2f.o(x$fpl$d2f)
    __aeabi_dadd                             0x08005b5d   Thumb Code     0  daddsub_clz.o(x$fpl$dadd)
    _dadd                                    0x08005b5d   Thumb Code   332  daddsub_clz.o(x$fpl$dadd)
    __fpl_dcheck_NaN1                        0x08005cad   Thumb Code    10  dcheck1.o(x$fpl$dcheck1)
    __aeabi_ddiv                             0x08005cbd   Thumb Code     0  ddiv.o(x$fpl$ddiv)
    _ddiv                                    0x08005cbd   Thumb Code   552  ddiv.o(x$fpl$ddiv)
    __aeabi_i2d                              0x08005f6d   Thumb Code     0  dflt_clz.o(x$fpl$dflt)
    _dflt                                    0x08005f6d   Thumb Code    46  dflt_clz.o(x$fpl$dflt)
    __aeabi_dmul                             0x08005f9d   Thumb Code     0  dmul.o(x$fpl$dmul)
    _dmul                                    0x08005f9d   Thumb Code   332  dmul.o(x$fpl$dmul)
    __fpl_dnaninf                            0x080060f1   Thumb Code   156  dnaninf.o(x$fpl$dnaninf)
    __fpl_dretinf                            0x0800618d   Thumb Code    12  dretinf.o(x$fpl$dretinf)
    __aeabi_drsub                            0x08006199   Thumb Code     0  daddsub_clz.o(x$fpl$drsb)
    _drsb                                    0x08006199   Thumb Code    22  daddsub_clz.o(x$fpl$drsb)
    __aeabi_dsub                             0x080061b1   Thumb Code     0  daddsub_clz.o(x$fpl$dsub)
    _dsub                                    0x080061b1   Thumb Code   464  daddsub_clz.o(x$fpl$dsub)
    __aeabi_f2d                              0x08006385   Thumb Code     0  f2d.o(x$fpl$f2d)
    _f2d                                     0x08006385   Thumb Code    86  f2d.o(x$fpl$f2d)
    __aeabi_fadd                             0x080063dd   Thumb Code     0  faddsub_clz.o(x$fpl$fadd)
    _fadd                                    0x080063dd   Thumb Code   196  faddsub_clz.o(x$fpl$fadd)
    __fpl_fcmp_Inf                           0x080064a1   Thumb Code    24  fcmpi.o(x$fpl$fcmpinf)
    __aeabi_fdiv                             0x080064b9   Thumb Code     0  fdiv.o(x$fpl$fdiv)
    _fdiv                                    0x080064b9   Thumb Code   384  fdiv.o(x$fpl$fdiv)
    __aeabi_cfcmpeq                          0x0800663d   Thumb Code     0  feqf.o(x$fpl$feqf)
    _fcmpeq                                  0x0800663d   Thumb Code   104  feqf.o(x$fpl$feqf)
    __aeabi_f2iz                             0x080066a5   Thumb Code     0  ffix.o(x$fpl$ffix)
    _ffix                                    0x080066a5   Thumb Code    54  ffix.o(x$fpl$ffix)
    __aeabi_i2f                              0x080066dd   Thumb Code     0  fflt_clz.o(x$fpl$fflt)
    _fflt                                    0x080066dd   Thumb Code    48  fflt_clz.o(x$fpl$fflt)
    __aeabi_ui2f                             0x0800670d   Thumb Code     0  fflt_clz.o(x$fpl$ffltu)
    _ffltu                                   0x0800670d   Thumb Code    38  fflt_clz.o(x$fpl$ffltu)
    __aeabi_cfcmple                          0x08006735   Thumb Code     0  fleqf.o(x$fpl$fleqf)
    _fcmple                                  0x08006735   Thumb Code   104  fleqf.o(x$fpl$fleqf)
    __fpl_fcmple_InfNaN                      0x08006787   Thumb Code     0  fleqf.o(x$fpl$fleqf)
    __aeabi_fmul                             0x0800679d   Thumb Code     0  fmul.o(x$fpl$fmul)
    _fmul                                    0x0800679d   Thumb Code   258  fmul.o(x$fpl$fmul)
    __fpl_fnaninf                            0x0800689f   Thumb Code   140  fnaninf.o(x$fpl$fnaninf)
    __fpl_fretinf                            0x0800692b   Thumb Code    10  fretinf.o(x$fpl$fretinf)
    __aeabi_cfrcmple                         0x08006935   Thumb Code     0  frleqf.o(x$fpl$frleqf)
    _frcmple                                 0x08006935   Thumb Code    98  frleqf.o(x$fpl$frleqf)
    __aeabi_frsub                            0x08006997   Thumb Code     0  faddsub_clz.o(x$fpl$frsb)
    _frsb                                    0x08006997   Thumb Code    20  faddsub_clz.o(x$fpl$frsb)
    __aeabi_fsub                             0x080069ad   Thumb Code     0  faddsub_clz.o(x$fpl$fsub)
    _fsub                                    0x080069ad   Thumb Code   234  faddsub_clz.o(x$fpl$fsub)
    _printf_fp_dec                           0x08006a97   Thumb Code     4  printf1.o(x$fpl$printf1)
    _printf_fp_hex                           0x08006a9b   Thumb Code     4  printf2.o(x$fpl$printf2)
    __fpl_return_NaN                         0x08006a9f   Thumb Code   100  retnan.o(x$fpl$retnan)
    __ARM_scalbn                             0x08006b03   Thumb Code    92  scalbn.o(x$fpl$scalbn)
    __fpl_cmpreturn                          0x08006b5f   Thumb Code    48  trapv.o(x$fpl$trapveneer)
    __I$use$fp                               0x08006b8e   Number         0  usenofp.o(x$fpl$usenofp)
    asc2_1206                                0x08006b8e   Data        1140  oled.o(.constdata)
    asc2_1608                                0x08007002   Data        1520  oled.o(.constdata)
    asc2_2412                                0x080075f2   Data        3420  oled.o(.constdata)
    Region$$Table$$Base                      0x0800852c   Number         0  anon$$obj.o(Region$$Table)
    Region$$Table$$Limit                     0x0800854c   Number         0  anon$$obj.o(Region$$Table)
    __ctype                                  0x08008575   Data           0  lc_ctype_c.o(locale$$data)
    adcx                                     0x20000000   Data           2  main.o(.data)
    error                                    0x20000004   Data           4  main.o(.data)
    pwmpulse                                 0x20000008   Data           4  main.o(.data)
    pwmpulse1                                0x2000000c   Data           4  main.o(.data)
    pwm                                      0x20000010   Data           4  main.o(.data)
    temp                                     0x20000014   Data           4  main.o(.data)
    angle                                    0x20000018   Data           4  main.o(.data)
    angle1                                   0x2000001c   Data           4  main.o(.data)
    voltage                                  0x20000020   Data           4  main.o(.data)
    ZHONGZHI                                 0x20000024   Data           4  main.o(.data)
    Balance_KP                               0x20000028   Data           4  main.o(.data)
    Balance_KD                               0x2000002c   Data           4  main.o(.data)
    x                                        0x20000030   Data           4  main.o(.data)
    y                                        0x20000034   Data           4  main.o(.data)
    z                                        0x20000038   Data           4  main.o(.data)
    flag                                     0x2000003c   Data           4  main.o(.data)
    SystemCoreClock                          0x20000048   Data           4  system_stm32f10x.o(.data)
    AHBPrescTable                            0x2000004c   Data          16  system_stm32f10x.o(.data)
    spdNow                                   0x20000060   Data           4  pid.o(.data)
    spdTag                                   0x20000064   Data           4  pid.o(.data)
    control                                  0x20000068   Data           4  pid.o(.data)
    spdNow2                                  0x2000006c   Data           4  pid.o(.data)
    spdTag2                                  0x20000070   Data           4  pid.o(.data)
    control2                                 0x20000074   Data           4  pid.o(.data)
    oledBuf                                  0x2000008c   Data          20  main.o(.bss)
    OLED_GRAM                                0x200000a0   Data        1152  oled.o(.bss)
    PID                                      0x20000520   Data          52  pid.o(.bss)
    __libspace_start                         0x20000554   Data          96  libspace.o(.bss)
    __temporary_stack_top$libspace           0x200005b4   Data           0  libspace.o(.bss)



==============================================================================

Memory Map of the image

  Image Entry point : 0x08000131

  Load Region LR_IROM1 (Base: 0x08000000, Size: 0x00008704, Max: 0x00010000, ABSOLUTE)

    Execution Region ER_IROM1 (Exec base: 0x08000000, Load base: 0x08000000, Size: 0x00008678, Max: 0x00010000, ABSOLUTE)

    Exec Addr    Load Addr    Size         Type   Attr      Idx    E Section Name        Object

    0x08000000   0x08000000   0x00000130   Data   RO          454    RESET               startup_stm32f10x_hd.o
    0x08000130   0x08000130   0x00000008   Code   RO          608  * !!!main             c_w.l(__main.o)
    0x08000138   0x08000138   0x00000034   Code   RO          996    !!!scatter          c_w.l(__scatter.o)
    0x0800016c   0x0800016c   0x0000001a   Code   RO          998    !!handler_copy      c_w.l(__scatter_copy.o)
    0x08000186   0x08000186   0x00000002   PAD
    0x08000188   0x08000188   0x0000001c   Code   RO         1000    !!handler_zi        c_w.l(__scatter_zi.o)
    0x080001a4   0x080001a4   0x00000000   Code   RO          605    .ARM.Collect$$_printf_percent$$00000000  c_w.l(_printf_percent.o)
    0x080001a4   0x080001a4   0x00000006   Code   RO          723    .ARM.Collect$$_printf_percent$$00000001  c_w.l(_printf_n.o)
    0x080001aa   0x080001aa   0x00000006   Code   RO          725    .ARM.Collect$$_printf_percent$$00000002  c_w.l(_printf_p.o)
    0x080001b0   0x080001b0   0x00000006   Code   RO          604    .ARM.Collect$$_printf_percent$$00000003  c_w.l(_printf_f.o)
    0x080001b6   0x080001b6   0x00000006   Code   RO          729    .ARM.Collect$$_printf_percent$$00000004  c_w.l(_printf_e.o)
    0x080001bc   0x080001bc   0x00000006   Code   RO          730    .ARM.Collect$$_printf_percent$$00000005  c_w.l(_printf_g.o)
    0x080001c2   0x080001c2   0x00000006   Code   RO          731    .ARM.Collect$$_printf_percent$$00000006  c_w.l(_printf_a.o)
    0x080001c8   0x080001c8   0x0000000a   Code   RO          736    .ARM.Collect$$_printf_percent$$00000007  c_w.l(_printf_ll.o)
    0x080001d2   0x080001d2   0x00000006   Code   RO          727    .ARM.Collect$$_printf_percent$$00000008  c_w.l(_printf_i.o)
    0x080001d8   0x080001d8   0x00000006   Code   RO          603    .ARM.Collect$$_printf_percent$$00000009  c_w.l(_printf_d.o)
    0x080001de   0x080001de   0x00000006   Code   RO          728    .ARM.Collect$$_printf_percent$$0000000A  c_w.l(_printf_u.o)
    0x080001e4   0x080001e4   0x00000006   Code   RO          726    .ARM.Collect$$_printf_percent$$0000000B  c_w.l(_printf_o.o)
    0x080001ea   0x080001ea   0x00000006   Code   RO          724    .ARM.Collect$$_printf_percent$$0000000C  c_w.l(_printf_x.o)
    0x080001f0   0x080001f0   0x00000006   Code   RO          733    .ARM.Collect$$_printf_percent$$0000000D  c_w.l(_printf_lli.o)
    0x080001f6   0x080001f6   0x00000006   Code   RO          734    .ARM.Collect$$_printf_percent$$0000000E  c_w.l(_printf_lld.o)
    0x080001fc   0x080001fc   0x00000006   Code   RO          735    .ARM.Collect$$_printf_percent$$0000000F  c_w.l(_printf_llu.o)
    0x08000202   0x08000202   0x00000006   Code   RO          740    .ARM.Collect$$_printf_percent$$00000010  c_w.l(_printf_llo.o)
    0x08000208   0x08000208   0x00000006   Code   RO          741    .ARM.Collect$$_printf_percent$$00000011  c_w.l(_printf_llx.o)
    0x0800020e   0x0800020e   0x0000000a   Code   RO          737    .ARM.Collect$$_printf_percent$$00000012  c_w.l(_printf_l.o)
    0x08000218   0x08000218   0x00000006   Code   RO          721    .ARM.Collect$$_printf_percent$$00000013  c_w.l(_printf_c.o)
    0x0800021e   0x0800021e   0x00000006   Code   RO          722    .ARM.Collect$$_printf_percent$$00000014  c_w.l(_printf_s.o)
    0x08000224   0x08000224   0x00000006   Code   RO          738    .ARM.Collect$$_printf_percent$$00000015  c_w.l(_printf_lc.o)
    0x0800022a   0x0800022a   0x00000006   Code   RO          739    .ARM.Collect$$_printf_percent$$00000016  c_w.l(_printf_ls.o)
    0x08000230   0x08000230   0x00000004   Code   RO          732    .ARM.Collect$$_printf_percent$$00000017  c_w.l(_printf_percent_end.o)
    0x08000234   0x08000234   0x00000002   Code   RO          862    .ARM.Collect$$libinit$$00000000  c_w.l(libinit.o)
    0x08000236   0x08000236   0x00000000   Code   RO          864    .ARM.Collect$$libinit$$00000002  c_w.l(libinit2.o)
    0x08000236   0x08000236   0x00000000   Code   RO          866    .ARM.Collect$$libinit$$00000004  c_w.l(libinit2.o)
    0x08000236   0x08000236   0x00000000   Code   RO          869    .ARM.Collect$$libinit$$0000000A  c_w.l(libinit2.o)
    0x08000236   0x08000236   0x00000000   Code   RO          871    .ARM.Collect$$libinit$$0000000C  c_w.l(libinit2.o)
    0x08000236   0x08000236   0x00000000   Code   RO          873    .ARM.Collect$$libinit$$0000000E  c_w.l(libinit2.o)
    0x08000236   0x08000236   0x00000006   Code   RO          874    .ARM.Collect$$libinit$$0000000F  c_w.l(libinit2.o)
    0x0800023c   0x0800023c   0x00000000   Code   RO          876    .ARM.Collect$$libinit$$00000011  c_w.l(libinit2.o)
    0x0800023c   0x0800023c   0x0000000c   Code   RO          877    .ARM.Collect$$libinit$$00000012  c_w.l(libinit2.o)
    0x08000248   0x08000248   0x00000000   Code   RO          878    .ARM.Collect$$libinit$$00000013  c_w.l(libinit2.o)
    0x08000248   0x08000248   0x00000000   Code   RO          880    .ARM.Collect$$libinit$$00000015  c_w.l(libinit2.o)
    0x08000248   0x08000248   0x0000000a   Code   RO          881    .ARM.Collect$$libinit$$00000016  c_w.l(libinit2.o)
    0x08000252   0x08000252   0x00000000   Code   RO          882    .ARM.Collect$$libinit$$00000017  c_w.l(libinit2.o)
    0x08000252   0x08000252   0x00000000   Code   RO          884    .ARM.Collect$$libinit$$00000019  c_w.l(libinit2.o)
    0x08000252   0x08000252   0x00000000   Code   RO          886    .ARM.Collect$$libinit$$0000001B  c_w.l(libinit2.o)
    0x08000252   0x08000252   0x00000000   Code   RO          888    .ARM.Collect$$libinit$$0000001D  c_w.l(libinit2.o)
    0x08000252   0x08000252   0x00000000   Code   RO          890    .ARM.Collect$$libinit$$0000001F  c_w.l(libinit2.o)
    0x08000252   0x08000252   0x00000000   Code   RO          892    .ARM.Collect$$libinit$$00000021  c_w.l(libinit2.o)
    0x08000252   0x08000252   0x00000000   Code   RO          894    .ARM.Collect$$libinit$$00000023  c_w.l(libinit2.o)
    0x08000252   0x08000252   0x00000000   Code   RO          896    .ARM.Collect$$libinit$$00000025  c_w.l(libinit2.o)
    0x08000252   0x08000252   0x00000000   Code   RO          900    .ARM.Collect$$libinit$$0000002C  c_w.l(libinit2.o)
    0x08000252   0x08000252   0x00000000   Code   RO          902    .ARM.Collect$$libinit$$0000002E  c_w.l(libinit2.o)
    0x08000252   0x08000252   0x00000000   Code   RO          904    .ARM.Collect$$libinit$$00000030  c_w.l(libinit2.o)
    0x08000252   0x08000252   0x00000000   Code   RO          906    .ARM.Collect$$libinit$$00000032  c_w.l(libinit2.o)
    0x08000252   0x08000252   0x00000002   Code   RO          907    .ARM.Collect$$libinit$$00000033  c_w.l(libinit2.o)
    0x08000254   0x08000254   0x00000002   Code   RO          944    .ARM.Collect$$libshutdown$$00000000  c_w.l(libshutdown.o)
    0x08000256   0x08000256   0x00000000   Code   RO          955    .ARM.Collect$$libshutdown$$00000002  c_w.l(libshutdown2.o)
    0x08000256   0x08000256   0x00000000   Code   RO          957    .ARM.Collect$$libshutdown$$00000004  c_w.l(libshutdown2.o)
    0x08000256   0x08000256   0x00000000   Code   RO          960    .ARM.Collect$$libshutdown$$00000007  c_w.l(libshutdown2.o)
    0x08000256   0x08000256   0x00000000   Code   RO          963    .ARM.Collect$$libshutdown$$0000000A  c_w.l(libshutdown2.o)
    0x08000256   0x08000256   0x00000000   Code   RO          965    .ARM.Collect$$libshutdown$$0000000C  c_w.l(libshutdown2.o)
    0x08000256   0x08000256   0x00000000   Code   RO          968    .ARM.Collect$$libshutdown$$0000000F  c_w.l(libshutdown2.o)
    0x08000256   0x08000256   0x00000002   Code   RO          969    .ARM.Collect$$libshutdown$$00000010  c_w.l(libshutdown2.o)
    0x08000258   0x08000258   0x00000000   Code   RO          672    .ARM.Collect$$rtentry$$00000000  c_w.l(__rtentry.o)
    0x08000258   0x08000258   0x00000000   Code   RO          780    .ARM.Collect$$rtentry$$00000002  c_w.l(__rtentry2.o)
    0x08000258   0x08000258   0x00000006   Code   RO          792    .ARM.Collect$$rtentry$$00000004  c_w.l(__rtentry4.o)
    0x0800025e   0x0800025e   0x00000000   Code   RO          782    .ARM.Collect$$rtentry$$00000009  c_w.l(__rtentry2.o)
    0x0800025e   0x0800025e   0x00000004   Code   RO          783    .ARM.Collect$$rtentry$$0000000A  c_w.l(__rtentry2.o)
    0x08000262   0x08000262   0x00000000   Code   RO          785    .ARM.Collect$$rtentry$$0000000C  c_w.l(__rtentry2.o)
    0x08000262   0x08000262   0x00000008   Code   RO          786    .ARM.Collect$$rtentry$$0000000D  c_w.l(__rtentry2.o)
    0x0800026a   0x0800026a   0x00000002   Code   RO          910    .ARM.Collect$$rtexit$$00000000  c_w.l(rtexit.o)
    0x0800026c   0x0800026c   0x00000000   Code   RO          922    .ARM.Collect$$rtexit$$00000002  c_w.l(rtexit2.o)
    0x0800026c   0x0800026c   0x00000004   Code   RO          923    .ARM.Collect$$rtexit$$00000003  c_w.l(rtexit2.o)
    0x08000270   0x08000270   0x00000006   Code   RO          924    .ARM.Collect$$rtexit$$00000004  c_w.l(rtexit2.o)
    0x08000276   0x08000276   0x00000002   PAD
    0x08000278   0x08000278   0x00000328   Code   RO            1    .text               main.o
    0x080005a0   0x080005a0   0x0000001a   Code   RO          149    .text               stm32f10x_it.o
    0x080005ba   0x080005ba   0x00000002   PAD
    0x080005bc   0x080005bc   0x000001e0   Code   RO          190    .text               system_stm32f10x.o
    0x0800079c   0x0800079c   0x00000664   Code   RO          208    .text               oled.o
    0x08000e00   0x08000e00   0x00000074   Code   RO          231    .text               key.o
    0x08000e74   0x08000e74   0x00000034   Code   RO          243    .text               led.o
    0x08000ea8   0x08000ea8   0x000001e2   Code   RO          285    .text               adxl345.o
    0x0800108a   0x0800108a   0x00000002   PAD
    0x0800108c   0x0800108c   0x00000224   Code   RO          303    .text               iic.o
    0x080012b0   0x080012b0   0x000001ec   Code   RO          315    .text               usart.o
    0x0800149c   0x0800149c   0x000002bc   Code   RO          340    .text               exti.o
    0x08001758   0x08001758   0x000000dc   Code   RO          353    .text               pwm.o
    0x08001834   0x08001834   0x00000264   Code   RO          365    .text               timer.o
    0x08001a98   0x08001a98   0x000000d4   Code   RO          382    .text               delay.o
    0x08001b6c   0x08001b6c   0x000002d8   Code   RO          413    .text               pid.o
    0x08001e44   0x08001e44   0x000000f0   Code   RO          430    .text               adc.o
    0x08001f34   0x08001f34   0x00000040   Code   RO          455    .text               startup_stm32f10x_hd.o
    0x08001f74   0x08001f74   0x0000035c   Code   RO          459    .text               stm32f10x_gpio.o
    0x080022d0   0x080022d0   0x000003a4   Code   RO          471    .text               stm32f10x_rcc.o
    0x08002674   0x08002674   0x00000408   Code   RO          485    .text               stm32f10x_usart.o
    0x08002a7c   0x08002a7c   0x000000dc   Code   RO          497    .text               misc.o
    0x08002b58   0x08002b58   0x00000e1a   Code   RO          509    .text               stm32f10x_tim.o
    0x08003972   0x08003972   0x00000002   PAD
    0x08003974   0x08003974   0x0000011c   Code   RO          521    .text               stm32f10x_exti.o
    0x08003a90   0x08003a90   0x0000044e   Code   RO          545    .text               stm32f10x_adc.o
    0x08003ede   0x08003ede   0x00000002   PAD
    0x08003ee0   0x08003ee0   0x00000034   Code   RO          571    .text               c_w.l(vsnprintf.o)
    0x08003f14   0x08003f14   0x0000002c   Code   RO          573    .text               c_w.l(__2sprintf.o)
    0x08003f40   0x08003f40   0x0000004e   Code   RO          579    .text               c_w.l(_printf_pad.o)
    0x08003f8e   0x08003f8e   0x00000002   PAD
    0x08003f90   0x08003f90   0x00000078   Code   RO          581    .text               c_w.l(_printf_dec.o)
    0x08004008   0x08004008   0x00000188   Code   RO          600    .text               c_w.l(__printf_flags_ss_wp.o)
    0x08004190   0x08004190   0x00000006   Code   RO          606    .text               c_w.l(heapauxi.o)
    0x08004196   0x08004196   0x00000024   Code   RO          673    .text               c_w.l(_printf_truncate.o)
    0x080041ba   0x080041ba   0x00000052   Code   RO          675    .text               c_w.l(_printf_str.o)
    0x0800420c   0x0800420c   0x000000b2   Code   RO          677    .text               c_w.l(_printf_intcommon.o)
    0x080042be   0x080042be   0x00000028   Code   RO          679    .text               c_w.l(_printf_charcount.o)
    0x080042e6   0x080042e6   0x0000041a   Code   RO          681    .text               c_w.l(_printf_fp_dec.o)
    0x08004700   0x08004700   0x00000030   Code   RO          683    .text               c_w.l(_printf_char_common.o)
    0x08004730   0x08004730   0x0000000a   Code   RO          685    .text               c_w.l(_sputc.o)
    0x0800473a   0x0800473a   0x00000010   Code   RO          687    .text               c_w.l(_snputc.o)
    0x0800474a   0x0800474a   0x00000002   PAD
    0x0800474c   0x0800474c   0x000000bc   Code   RO          689    .text               c_w.l(_printf_wctomb.o)
    0x08004808   0x08004808   0x0000007c   Code   RO          692    .text               c_w.l(_printf_longlong_dec.o)
    0x08004884   0x08004884   0x00000070   Code   RO          698    .text               c_w.l(_printf_oct_int_ll.o)
    0x080048f4   0x080048f4   0x00000094   Code   RO          718    .text               c_w.l(_printf_hex_int_ll_ptr.o)
    0x08004988   0x08004988   0x00000008   Code   RO          797    .text               c_w.l(rt_locale_intlibspace.o)
    0x08004990   0x08004990   0x0000008a   Code   RO          799    .text               c_w.l(lludiv10.o)
    0x08004a1a   0x08004a1a   0x00000002   PAD
    0x08004a1c   0x08004a1c   0x000002fc   Code   RO          801    .text               c_w.l(_printf_fp_hex.o)
    0x08004d18   0x08004d18   0x00000080   Code   RO          804    .text               c_w.l(_printf_fp_infnan.o)
    0x08004d98   0x08004d98   0x0000002c   Code   RO          808    .text               c_w.l(_printf_char.o)
    0x08004dc4   0x08004dc4   0x0000002c   Code   RO          810    .text               c_w.l(_printf_wchar.o)
    0x08004df0   0x08004df0   0x000000dc   Code   RO          812    .text               c_w.l(bigflt0.o)
    0x08004ecc   0x08004ecc   0x00000040   Code   RO          837    .text               c_w.l(_wcrtomb.o)
    0x08004f0c   0x08004f0c   0x00000008   Code   RO          846    .text               c_w.l(libspace.o)
    0x08004f14   0x08004f14   0x0000004a   Code   RO          849    .text               c_w.l(sys_stackheap_outer.o)
    0x08004f5e   0x08004f5e   0x00000002   PAD
    0x08004f60   0x08004f60   0x00000010   Code   RO          851    .text               c_w.l(rt_ctype_table.o)
    0x08004f70   0x08004f70   0x00000012   Code   RO          853    .text               c_w.l(exit.o)
    0x08004f82   0x08004f82   0x00000002   PAD
    0x08004f84   0x08004f84   0x00000080   Code   RO          855    .text               c_w.l(strcmpv7m.o)
    0x08005004   0x08005004   0x0000000c   Code   RO          934    .text               c_w.l(sys_exit.o)
    0x08005010   0x08005010   0x00000002   Code   RO          945    .text               c_w.l(use_no_semi.o)
    0x08005012   0x08005012   0x00000000   Code   RO          947    .text               c_w.l(indicate_semi.o)
    0x08005012   0x08005012   0x0000003e   Code   RO          815    CL$$btod_d2e        c_w.l(btod.o)
    0x08005050   0x08005050   0x00000046   Code   RO          817    CL$$btod_d2e_denorm_low  c_w.l(btod.o)
    0x08005096   0x08005096   0x00000060   Code   RO          816    CL$$btod_d2e_norm_op1  c_w.l(btod.o)
    0x080050f6   0x080050f6   0x00000338   Code   RO          825    CL$$btod_div_common  c_w.l(btod.o)
    0x0800542e   0x0800542e   0x000000c6   Code   RO          822    CL$$btod_e2e        c_w.l(btod.o)
    0x080054f4   0x080054f4   0x00000028   Code   RO          819    CL$$btod_ediv       c_w.l(btod.o)
    0x0800551c   0x0800551c   0x00000028   Code   RO          818    CL$$btod_emul       c_w.l(btod.o)
    0x08005544   0x08005544   0x00000244   Code   RO          824    CL$$btod_mult_common  c_w.l(btod.o)
    0x08005788   0x08005788   0x00000028   Code   RO          775    i.__ARM_fpclassify  m_ws.l(fpclassify.o)
    0x080057b0   0x080057b0   0x000000aa   Code   RO          777    i.__kernel_poly     m_ws.l(poly.o)
    0x0800585a   0x0800585a   0x00000006   Code   RO          762    i.__mathlib_dbl_infnan  m_ws.l(dunder.o)
    0x08005860   0x08005860   0x00000010   Code   RO          767    i.__mathlib_dbl_underflow  m_ws.l(dunder.o)
    0x08005870   0x08005870   0x0000000e   Code   RO          593    i._is_digit         c_w.l(__printf_wp.o)
    0x0800587e   0x0800587e   0x00000002   PAD
    0x08005880   0x08005880   0x00000220   Code   RO          663    i.atan              m_ws.l(atan.o)
    0x08005aa0   0x08005aa0   0x0000002c   Code   RO          840    locale$$code        c_w.l(lc_numeric_c.o)
    0x08005acc   0x08005acc   0x0000002c   Code   RO          913    locale$$code        c_w.l(lc_ctype_c.o)
    0x08005af8   0x08005af8   0x00000062   Code   RO          610    x$fpl$d2f           fz_ws.l(d2f.o)
    0x08005b5a   0x08005b5a   0x00000002   PAD
    0x08005b5c   0x08005b5c   0x00000150   Code   RO          612    x$fpl$dadd          fz_ws.l(daddsub_clz.o)
    0x08005cac   0x08005cac   0x00000010   Code   RO          842    x$fpl$dcheck1       fz_ws.l(dcheck1.o)
    0x08005cbc   0x08005cbc   0x000002b0   Code   RO          619    x$fpl$ddiv          fz_ws.l(ddiv.o)
    0x08005f6c   0x08005f6c   0x0000002e   Code   RO          623    x$fpl$dflt          fz_ws.l(dflt_clz.o)
    0x08005f9a   0x08005f9a   0x00000002   PAD
    0x08005f9c   0x08005f9c   0x00000154   Code   RO          628    x$fpl$dmul          fz_ws.l(dmul.o)
    0x080060f0   0x080060f0   0x0000009c   Code   RO          742    x$fpl$dnaninf       fz_ws.l(dnaninf.o)
    0x0800618c   0x0800618c   0x0000000c   Code   RO          744    x$fpl$dretinf       fz_ws.l(dretinf.o)
    0x08006198   0x08006198   0x00000016   Code   RO          613    x$fpl$drsb          fz_ws.l(daddsub_clz.o)
    0x080061ae   0x080061ae   0x00000002   PAD
    0x080061b0   0x080061b0   0x000001d4   Code   RO          614    x$fpl$dsub          fz_ws.l(daddsub_clz.o)
    0x08006384   0x08006384   0x00000056   Code   RO          630    x$fpl$f2d           fz_ws.l(f2d.o)
    0x080063da   0x080063da   0x00000002   PAD
    0x080063dc   0x080063dc   0x000000c4   Code   RO          632    x$fpl$fadd          fz_ws.l(faddsub_clz.o)
    0x080064a0   0x080064a0   0x00000018   Code   RO          746    x$fpl$fcmpinf       fz_ws.l(fcmpi.o)
    0x080064b8   0x080064b8   0x00000184   Code   RO          639    x$fpl$fdiv          fz_ws.l(fdiv.o)
    0x0800663c   0x0800663c   0x00000068   Code   RO          642    x$fpl$feqf          fz_ws.l(feqf.o)
    0x080066a4   0x080066a4   0x00000036   Code   RO          644    x$fpl$ffix          fz_ws.l(ffix.o)
    0x080066da   0x080066da   0x00000002   PAD
    0x080066dc   0x080066dc   0x00000030   Code   RO          649    x$fpl$fflt          fz_ws.l(fflt_clz.o)
    0x0800670c   0x0800670c   0x00000026   Code   RO          648    x$fpl$ffltu         fz_ws.l(fflt_clz.o)
    0x08006732   0x08006732   0x00000002   PAD
    0x08006734   0x08006734   0x00000068   Code   RO          654    x$fpl$fleqf         fz_ws.l(fleqf.o)
    0x0800679c   0x0800679c   0x00000102   Code   RO          656    x$fpl$fmul          fz_ws.l(fmul.o)
    0x0800689e   0x0800689e   0x0000008c   Code   RO          748    x$fpl$fnaninf       fz_ws.l(fnaninf.o)
    0x0800692a   0x0800692a   0x0000000a   Code   RO          750    x$fpl$fretinf       fz_ws.l(fretinf.o)
    0x08006934   0x08006934   0x00000062   Code   RO          658    x$fpl$frleqf        fz_ws.l(frleqf.o)
    0x08006996   0x08006996   0x00000014   Code   RO          633    x$fpl$frsb          fz_ws.l(faddsub_clz.o)
    0x080069aa   0x080069aa   0x00000002   PAD
    0x080069ac   0x080069ac   0x000000ea   Code   RO          634    x$fpl$fsub          fz_ws.l(faddsub_clz.o)
    0x08006a96   0x08006a96   0x00000004   Code   RO          660    x$fpl$printf1       fz_ws.l(printf1.o)
    0x08006a9a   0x08006a9a   0x00000004   Code   RO          752    x$fpl$printf2       fz_ws.l(printf2.o)
    0x08006a9e   0x08006a9e   0x00000064   Code   RO          908    x$fpl$retnan        fz_ws.l(retnan.o)
    0x08006b02   0x08006b02   0x0000005c   Code   RO          758    x$fpl$scalbn        fz_ws.l(scalbn.o)
    0x08006b5e   0x08006b5e   0x00000030   Code   RO          919    x$fpl$trapveneer    fz_ws.l(trapv.o)
    0x08006b8e   0x08006b8e   0x00000000   Code   RO          760    x$fpl$usenofp       fz_ws.l(usenofp.o)
    0x08006b8e   0x08006b8e   0x000017c0   Data   RO          210    .constdata          oled.o
    0x0800834e   0x0800834e   0x00000011   Data   RO          601    .constdata          c_w.l(__printf_flags_ss_wp.o)
    0x0800835f   0x0800835f   0x00000001   PAD
    0x08008360   0x08008360   0x00000098   Data   RO          664    .constdata          m_ws.l(atan.o)
    0x080083f8   0x080083f8   0x00000008   Data   RO          690    .constdata          c_w.l(_printf_wctomb.o)
    0x08008400   0x08008400   0x00000028   Data   RO          719    .constdata          c_w.l(_printf_hex_int_ll_ptr.o)
    0x08008428   0x08008428   0x00000026   Data   RO          802    .constdata          c_w.l(_printf_fp_hex.o)
    0x0800844e   0x0800844e   0x00000002   PAD
    0x08008450   0x08008450   0x00000094   Data   RO          813    .constdata          c_w.l(bigflt0.o)
    0x080084e4   0x080084e4   0x00000045   Data   RO            3    .conststring        main.o
    0x08008529   0x08008529   0x00000003   PAD
    0x0800852c   0x0800852c   0x00000020   Data   RO          994    Region$$Table       anon$$obj.o
    0x0800854c   0x0800854c   0x0000001c   Data   RO          839    locale$$data        c_w.l(lc_numeric_c.o)
    0x08008568   0x08008568   0x00000110   Data   RO          912    locale$$data        c_w.l(lc_ctype_c.o)


    Execution Region RW_IRAM1 (Exec base: 0x20000000, Load base: 0x08008678, Size: 0x00000bb8, Max: 0x00005000, ABSOLUTE)

    Exec Addr    Load Addr    Size         Type   Attr      Idx    E Section Name        Object

    0x20000000   0x08008678   0x00000048   Data   RW            4    .data               main.o
    0x20000048   0x080086c0   0x00000014   Data   RW          191    .data               system_stm32f10x.o
    0x2000005c   0x080086d4   0x00000004   Data   RW          383    .data               delay.o
    0x20000060   0x080086d8   0x00000018   Data   RW          415    .data               pid.o
    0x20000078   0x080086f0   0x00000014   Data   RW          472    .data               stm32f10x_rcc.o
    0x2000008c        -       0x00000014   Zero   RW            2    .bss                main.o
    0x200000a0        -       0x00000480   Zero   RW          209    .bss                oled.o
    0x20000520        -       0x00000034   Zero   RW          414    .bss                pid.o
    0x20000554        -       0x00000060   Zero   RW          847    .bss                c_w.l(libspace.o)
    0x200005b4   0x08008704   0x00000004   PAD
    0x200005b8        -       0x00000200   Zero   RW          453    HEAP                startup_stm32f10x_hd.o
    0x200007b8        -       0x00000400   Zero   RW          452    STACK               startup_stm32f10x_hd.o


==============================================================================

Image component sizes


      Code (inc. data)   RO Data    RW Data    ZI Data      Debug   Object Name

       240         10          0          0          0       1127   adc.o
       482          0          0          0          0       1857   adxl345.o
       212         18          0          4          0       1035   delay.o
       700         16          0          0          0       1423   exti.o
       548         14          0          0          0       2120   iic.o
       116          4          0          0          0        539   key.o
        52          6          0          0          0        479   led.o
       808        124         69         72         20     265314   main.o
       220         22          0          0          0       1793   misc.o
      1636         28       6080          0       1152       7012   oled.o
       728         54          0         24         52       1748   pid.o
       220         12          0          0          0        903   pwm.o
        64         26        304          0       1536        796   startup_stm32f10x_hd.o
      1102         26          0          0          0      11033   stm32f10x_adc.o
       284         10          0          0          0       2247   stm32f10x_exti.o
       860         38          0          0          0       5725   stm32f10x_gpio.o
        26          0          0          0          0       1178   stm32f10x_it.o
       932         36          0         20          0       8900   stm32f10x_rcc.o
      3610         88          0          0          0      22832   stm32f10x_tim.o
      1032         22          0          0          0       8452   stm32f10x_usart.o
         0          0          0          0          0         32   sys.o
       480         38          0         20          0       1731   system_stm32f10x.o
       612         94          0          0          0       1246   timer.o
       492         16          0          0          0       2957   usart.o

    ----------------------------------------------------------------------
     15464        702       6488        140       2760     352479   Object Totals
         0          0         32          0          0          0   (incl. Generated)
         8          0          3          0          0          0   (incl. Padding)

    ----------------------------------------------------------------------

      Code (inc. data)   RO Data    RW Data    ZI Data      Debug   Library Member Name

        44          6          0          0          0         84   __2sprintf.o
         8          0          0          0          0         68   __main.o
       392          4         17          0          0         92   __printf_flags_ss_wp.o
        14          0          0          0          0         68   __printf_wp.o
         0          0          0          0          0          0   __rtentry.o
        12          0          0          0          0          0   __rtentry2.o
         6          0          0          0          0          0   __rtentry4.o
        52          8          0          0          0          0   __scatter.o
        26          0          0          0          0          0   __scatter_copy.o
        28          0          0          0          0          0   __scatter_zi.o
         6          0          0          0          0          0   _printf_a.o
         6          0          0          0          0          0   _printf_c.o
        44          0          0          0          0        108   _printf_char.o
        48          6          0          0          0         96   _printf_char_common.o
        40          0          0          0          0         68   _printf_charcount.o
         6          0          0          0          0          0   _printf_d.o
       120         16          0          0          0         92   _printf_dec.o
         6          0          0          0          0          0   _printf_e.o
         6          0          0          0          0          0   _printf_f.o
      1050          0          0          0          0        216   _printf_fp_dec.o
       764         10         38          0          0        100   _printf_fp_hex.o
       128         16          0          0          0         84   _printf_fp_infnan.o
         6          0          0          0          0          0   _printf_g.o
       148          4         40          0          0        160   _printf_hex_int_ll_ptr.o
         6          0          0          0          0          0   _printf_i.o
       178          0          0          0          0         88   _printf_intcommon.o
        10          0          0          0          0          0   _printf_l.o
         6          0          0          0          0          0   _printf_lc.o
        10          0          0          0          0          0   _printf_ll.o
         6          0          0          0          0          0   _printf_lld.o
         6          0          0          0          0          0   _printf_lli.o
         6          0          0          0          0          0   _printf_llo.o
         6          0          0          0          0          0   _printf_llu.o
         6          0          0          0          0          0   _printf_llx.o
       124         16          0          0          0         92   _printf_longlong_dec.o
         6          0          0          0          0          0   _printf_ls.o
         6          0          0          0          0          0   _printf_n.o
         6          0          0          0          0          0   _printf_o.o
       112          8          0          0          0        124   _printf_oct_int_ll.o
         6          0          0          0          0          0   _printf_p.o
        78          0          0          0          0        108   _printf_pad.o
         0          0          0          0          0          0   _printf_percent.o
         4          0          0          0          0          0   _printf_percent_end.o
         6          0          0          0          0          0   _printf_s.o
        82          0          0          0          0         80   _printf_str.o
        36          0          0          0          0         84   _printf_truncate.o
         6          0          0          0          0          0   _printf_u.o
        44          0          0          0          0        108   _printf_wchar.o
       188          6          8          0          0         92   _printf_wctomb.o
         6          0          0          0          0          0   _printf_x.o
        16          0          0          0          0         68   _snputc.o
        10          0          0          0          0         68   _sputc.o
        64          0          0          0          0         92   _wcrtomb.o
       220          4        148          0          0         96   bigflt0.o
      1910        128          0          0          0        672   btod.o
        18          0          0          0          0         80   exit.o
         6          0          0          0          0        152   heapauxi.o
         0          0          0          0          0          0   indicate_semi.o
        44         10        272          0          0         76   lc_ctype_c.o
        44         10         28          0          0         76   lc_numeric_c.o
         2          0          0          0          0          0   libinit.o
        30          0          0          0          0          0   libinit2.o
         2          0          0          0          0          0   libshutdown.o
         2          0          0          0          0          0   libshutdown2.o
         8          4          0          0         96         68   libspace.o
       138          0          0          0          0         80   lludiv10.o
        16          4          0          0          0         76   rt_ctype_table.o
         8          4          0          0          0         68   rt_locale_intlibspace.o
         2          0          0          0          0          0   rtexit.o
        10          0          0          0          0          0   rtexit2.o
       128          0          0          0          0         68   strcmpv7m.o
        12          4          0          0          0         68   sys_exit.o
        74          0          0          0          0         80   sys_stackheap_outer.o
         2          0          0          0          0         68   use_no_semi.o
        52          4          0          0          0         80   vsnprintf.o
        98          4          0          0          0         92   d2f.o
       826         16          0          0          0        348   daddsub_clz.o
        16          4          0          0          0         68   dcheck1.o
       688        140          0          0          0        208   ddiv.o
        46          0          0          0          0         68   dflt_clz.o
       340         12          0          0          0        104   dmul.o
       156          4          0          0          0         92   dnaninf.o
        12          0          0          0          0         68   dretinf.o
        86          4          0          0          0         84   f2d.o
       450          8          0          0          0        236   faddsub_clz.o
        24          0          0          0          0         68   fcmpi.o
       388         76          0          0          0         96   fdiv.o
       104          4          0          0          0         84   feqf.o
        54          4          0          0          0         84   ffix.o
        86          0          0          0          0        136   fflt_clz.o
       104          4          0          0          0         84   fleqf.o
       258          4          0          0          0         84   fmul.o
       140          4          0          0          0         84   fnaninf.o
        10          0          0          0          0         68   fretinf.o
        98          0          0          0          0         68   frleqf.o
         4          0          0          0          0         68   printf1.o
         4          0          0          0          0         68   printf2.o
       100          0          0          0          0         68   retnan.o
        92          0          0          0          0         68   scalbn.o
        48          0          0          0          0         68   trapv.o
         0          0          0          0          0          0   usenofp.o
       544         70        152          0          0        124   atan.o
        22          6          0          0          0        136   dunder.o
        40          0          0          0          0         68   fpclassify.o
       170          0          0          0          0         96   poly.o

    ----------------------------------------------------------------------
     11766        636        706          0        100       7036   Library Totals
        30          0          3          0          4          0   (incl. Padding)

    ----------------------------------------------------------------------

      Code (inc. data)   RO Data    RW Data    ZI Data      Debug   Library Name

      6728        272        551          0         96       4048   c_w.l
      4232        288          0          0          0       2564   fz_ws.l
       776         76        152          0          0        424   m_ws.l

    ----------------------------------------------------------------------
     11766        636        706          0        100       7036   Library Totals

    ----------------------------------------------------------------------

==============================================================================


      Code (inc. data)   RO Data    RW Data    ZI Data      Debug   

     27230       1338       7194        140       2860     353843   Grand Totals
     27230       1338       7194        140       2860     353843   ELF Image Totals
     27230       1338       7194        140          0          0   ROM Totals

==============================================================================

    Total RO  Size (Code + RO Data)                34424 (  33.62kB)
    Total RW  Size (RW Data + ZI Data)              3000 (   2.93kB)
    Total ROM Size (Code + RO Data + RW Data)      34564 (  33.75kB)

==============================================================================

