Component: ARM Compiler 5.06 update 1 (build 61) Tool: armlink [4d35a8]

==============================================================================

Section Cross References

    main.o(.text) refers to fflt_clz.o(x$fpl$fflt) for __aeabi_i2f
    main.o(.text) refers to faddsub_clz.o(x$fpl$frsb) for __aeabi_frsub
    main.o(.text) refers to faddsub_clz.o(x$fpl$fsub) for __aeabi_fsub
    main.o(.text) refers to fmul.o(x$fpl$fmul) for __aeabi_fmul
    main.o(.text) refers to ffix.o(x$fpl$ffix) for __aeabi_f2iz
    main.o(.text) refers to delay.o(.text) for delay_init
    main.o(.text) refers to usart.o(.text) for Usart1_Init
    main.o(.text) refers to led.o(.text) for LED_Init
    main.o(.text) refers to timer.o(.text) for TIM3_Int_Init
    main.o(.text) refers to misc.o(.text) for NVIC_PriorityGroupConfig
    main.o(.text) refers to key.o(.text) for KEY_Init
    main.o(.text) refers to exti.o(.text) for EXTIX_Init
    main.o(.text) refers to oled.o(.text) for OLED_Init
    main.o(.text) refers to pwm.o(.text) for L298N_Init
    main.o(.text) refers to stm32f10x_gpio.o(.text) for GPIO_ResetBits
    main.o(.text) refers to adc.o(.text) for Adc_Init
    main.o(.text) refers to fflt_clz.o(x$fpl$ffltu) for __aeabi_ui2f
    main.o(.text) refers to f2d.o(x$fpl$f2d) for __aeabi_f2d
    main.o(.text) refers to dmul.o(x$fpl$dmul) for __aeabi_dmul
    main.o(.text) refers to d2f.o(x$fpl$d2f) for __aeabi_d2f
    main.o(.text) refers to daddsub_clz.o(x$fpl$drsb) for __aeabi_drsub
    main.o(.text) refers to fleqf.o(x$fpl$fleqf) for __aeabi_cfcmple
    main.o(.text) refers to frleqf.o(x$fpl$frleqf) for __aeabi_cfrcmple
    main.o(.text) refers to stm32f10x_tim.o(.text) for TIM_SetCompare3
    main.o(.text) refers to main.o(.data) for ZHONGZHI
    system_stm32f10x.o(.text) refers to system_stm32f10x.o(.data) for SystemCoreClock
    oled.o(.text) refers to stm32f10x_gpio.o(.text) for GPIO_SetBits
    oled.o(.text) refers to oled.o(.bss) for OLED_GRAM
    oled.o(.text) refers to oled.o(.constdata) for asc2_1206
    oled.o(.text) refers to stm32f10x_rcc.o(.text) for RCC_APB2PeriphClockCmd
    key.o(.text) refers to stm32f10x_rcc.o(.text) for RCC_APB2PeriphClockCmd
    key.o(.text) refers to stm32f10x_gpio.o(.text) for GPIO_Init
    led.o(.text) refers to stm32f10x_rcc.o(.text) for RCC_APB2PeriphClockCmd
    led.o(.text) refers to stm32f10x_gpio.o(.text) for GPIO_Init
    m5311.o(.text) refers to _printf_percent.o(.ARM.Collect$$_printf_percent$$00000000) for _printf_percent
    m5311.o(.text) refers to _printf_s.o(.ARM.Collect$$_printf_percent$$00000014) for _printf_s
    m5311.o(.text) refers to _printf_str.o(.text) for _printf_str
    m5311.o(.text) refers to rt_memclr.o(.text) for __aeabi_memclr
    m5311.o(.text) refers to strlen.o(.text) for strlen
    m5311.o(.text) refers to usart.o(.text) for Usart_SendString
    m5311.o(.text) refers to strstr.o(.text) for strstr
    m5311.o(.text) refers to delay.o(.text) for delay_ms
    m5311.o(.text) refers to wdg.o(.text) for IWDG_Feed
    m5311.o(.text) refers to __2sprintf.o(.text) for __2sprintf
    m5311.o(.text) refers to m5311.o(.data) for m5311_cnt
    m5311.o(.text) refers to m5311.o(.bss) for m5311_buf
    wdg.o(.text) refers to stm32f10x_iwdg.o(.text) for IWDG_WriteAccessCmd
    exti.o(.text) refers to stm32f10x_rcc.o(.text) for RCC_APB2PeriphClockCmd
    exti.o(.text) refers to key.o(.text) for KEY_Init
    exti.o(.text) refers to stm32f10x_gpio.o(.text) for GPIO_EXTILineConfig
    exti.o(.text) refers to stm32f10x_exti.o(.text) for EXTI_Init
    exti.o(.text) refers to misc.o(.text) for NVIC_Init
    exti.o(.text) refers to delay.o(.text) for delay_ms
    exti.o(.text) refers to main.o(.data) for ZHONGZHI
    pwm.o(.text) refers to stm32f10x_rcc.o(.text) for RCC_APB2PeriphClockCmd
    pwm.o(.text) refers to stm32f10x_gpio.o(.text) for GPIO_Init
    pwm.o(.text) refers to stm32f10x_tim.o(.text) for TIM_TimeBaseInit
    timer.o(.text) refers to _printf_pad.o(.text) for _printf_pre_padding
    timer.o(.text) refers to _printf_percent.o(.ARM.Collect$$_printf_percent$$00000000) for _printf_percent
    timer.o(.text) refers to _printf_d.o(.ARM.Collect$$_printf_percent$$00000009) for _printf_d
    timer.o(.text) refers to _printf_dec.o(.text) for _printf_int_dec
    timer.o(.text) refers to stm32f10x_rcc.o(.text) for RCC_APB1PeriphClockCmd
    timer.o(.text) refers to stm32f10x_tim.o(.text) for TIM_ClearITPendingBit
    timer.o(.text) refers to misc.o(.text) for NVIC_PriorityGroupConfig
    timer.o(.text) refers to ffix.o(x$fpl$ffix) for __aeabi_f2iz
    timer.o(.text) refers to __2sprintf.o(.text) for __2sprintf
    timer.o(.text) refers to oled.o(.text) for OLED_ShowString
    timer.o(.text) refers to main.o(.data) for angle
    timer.o(.text) refers to main.o(.bss) for oledBuf
    delay.o(.text) refers to misc.o(.text) for SysTick_CLKSourceConfig
    delay.o(.text) refers to system_stm32f10x.o(.data) for SystemCoreClock
[...]
    __lcnum_c_name                           0x08007558   Data           2  lc_numeric_c.o(locale$$data)
    __lcnum_c_start                          0x08007560   Data           0  lc_numeric_c.o(locale$$data)
    __lcnum_c_point                          0x0800756c   Data           0  lc_numeric_c.o(locale$$data)
    __lcnum_c_thousands                      0x0800756e   Data           0  lc_numeric_c.o(locale$$data)
    __lcnum_c_grouping                       0x0800756f   Data           0  lc_numeric_c.o(locale$$data)
    locale$$data                             0x08007570   Section      272  lc_ctype_c.o(locale$$data)
    __lcnum_c_end                            0x08007570   Data           0  lc_numeric_c.o(locale$$data)
    __lcctype_c_name                         0x08007574   Data           2  lc_ctype_c.o(locale$$data)
    __lcctype_c_start                        0x0800757c   Data           0  lc_ctype_c.o(locale$$data)
    __lcctype_c_end                          0x08007680   Data           0  lc_ctype_c.o(locale$$data)
    .data                                    0x20000000   Section       68  main.o(.data)
    Last_Bias                                0x2000003c   Data           4  main.o(.data)
    D_Bias                                   0x20000040   Data           4  main.o(.data)
    .data                                    0x20000044   Section       20  system_stm32f10x.o(.data)
    .data                                    0x20000058   Section        4  delay.o(.data)
    fac_us                                   0x20000058   Data           1  delay.o(.data)
    fac_ms                                   0x2000005a   Data           2  delay.o(.data)
    .data                                    0x2000005c   Section        2  usart.o(.data)
    .data                                    0x2000005e   Section       20  stm32f10x_rcc.o(.data)
    APBAHBPrescTable                         0x2000005e   Data          16  stm32f10x_rcc.o(.data)
    ADCPrescTable                            0x2000006e   Data           4  stm32f10x_rcc.o(.data)
    .bss                                     0x20000074   Section       20  main.o(.bss)
    .bss                                     0x20000088   Section     1152  oled.o(.bss)
    .bss                                     0x20000508   Section      660  usart.o(.bss)
    .bss                                     0x2000079c   Section       96  libspace.o(.bss)
    HEAP                                     0x20000800   Section      512  startup_stm32f10x_hd.o(HEAP)
    Heap_Mem                                 0x20000800   Data         512  startup_stm32f10x_hd.o(HEAP)
    STACK                                    0x20000a00   Section     1024  startup_stm32f10x_hd.o(STACK)
    Stack_Mem                                0x20000a00   Data        1024  startup_stm32f10x_hd.o(STACK)
    __initial_sp                             0x20000e00   Data           0  startup_stm32f10x_hd.o(STACK)

    Global Symbols

    Symbol Name                              Value     Ov Type        Size  Object(Section)

    BuildAttributes$$THM_ISAv4$P$D$K$B$S$PE$A:L22UL41UL21$X:L11$S22US41US21$IEEE1$IW$USESV6$~STKCKD$USESV7$~SHL$OTIME$ROPI$IEEEJ$EBA8$UX$STANDARDLIB$REQ8$PRES8$EABIv2 0x00000000   Number         0  anon$$obj.o ABSOLUTE
    __ARM_use_no_argv                        0x00000000   Number         0  main.o ABSOLUTE
    _printf_flags                            0x00000000   Number         0  printf_stubs.o ABSOLUTE
    _printf_return_value                     0x00000000   Number         0  printf_stubs.o ABSOLUTE
    _printf_sizespec                         0x00000000   Number         0  printf_stubs.o ABSOLUTE
    _printf_widthprec                        0x00000000   Number         0  printf_stubs.o ABSOLUTE
    __ARM_exceptions_init                     - Undefined Weak Reference
    __alloca_initialize                       - Undefined Weak Reference
    __arm_preinit_                            - Undefined Weak Reference
    __cpp_initialize__aeabi_                  - Undefined Weak Reference
    __cxa_finalize                            - Undefined Weak Reference
    __sigvec_lookup                           - Undefined Weak Reference
    _atexit_init                              - Undefined Weak Reference
    _call_atexit_fns                          - Undefined Weak Reference
    _clock_init                               - Undefined Weak Reference
    _fp_trap_init                             - Undefined Weak Reference
    _fp_trap_shutdown                         - Undefined Weak Reference
    _get_lc_collate                           - Undefined Weak Reference
    _get_lc_monetary                          - Undefined Weak Reference
    _get_lc_time                              - Undefined Weak Reference
    _getenv_init                              - Undefined Weak Reference
    _handle_redirection                       - Undefined Weak Reference
    _init_alloc                               - Undefined Weak Reference
    _init_user_alloc                          - Undefined Weak Reference
    _initio                                   - Undefined Weak Reference
    _printf_mbtowc                            - Undefined Weak Reference
    _printf_wc                                - Undefined Weak Reference
    _rand_init                                - Undefined Weak Reference
    _signal_finish                            - Undefined Weak Reference
    _signal_init                              - Undefined Weak Reference
    _terminate_alloc                          - Undefined Weak Reference
    _terminate_user_alloc                     - Undefined Weak Reference
    _terminateio                              - Undefined Weak Reference
    __Vectors_Size                           0x00000130   Number         0  startup_stm32f10x_hd.o ABSOLUTE
    __Vectors                                0x08000000   Data           4  startup_stm32f10x_hd.o(RESET)
    __Vectors_End                            0x08000130   Data           0  startup_stm32f10x_hd.o(RESET)
    __main                                   0x08000131   Thumb Code     8  __main.o(!!!main)
    __scatterload                            0x08000139   Thumb Code     0  __scatter.o(!!!scatter)
    __scatterload_rt2                        0x08000139   Thumb Code    44  __scatter.o(!!!scatter)
    __scatterload_rt2_thumb_only             0x08000139   Thumb Code     0  __scatter.o(!!!scatter)
    __scatterload_null                       0x08000147   Thumb Code     0  __scatter.o(!!!scatter)
    __scatterload_copy                       0x0800016d   Thumb Code    26  __scatter_copy.o(!!handler_copy)
    __scatterload_zeroinit                   0x08000189   Thumb Code    28  __scatter_zi.o(!!handler_zi)
    _printf_n                                0x080001a5   Thumb Code     0  _printf_n.o(.ARM.Collect$$_printf_percent$$00000001)
    _printf_percent                          0x080001a5   Thumb Code     0  _printf_percent.o(.ARM.Collect$$_printf_percent$$00000000)
    _printf_p                                0x080001ab   Thumb Code     0  _printf_p.o(.ARM.Collect$$_printf_percent$$00000002)
    _printf_f                                0x080001b1   Thumb Code     0  _printf_f.o(.ARM.Collect$$_printf_percent$$00000003)
    _printf_e                                0x080001b7   Thumb Code     0  _printf_e.o(.ARM.Collect$$_printf_percent$$00000004)
    _printf_g                                0x080001bd   Thumb Code     0  _printf_g.o(.ARM.Collect$$_printf_percent$$00000005)
    _printf_a                                0x080001c3   Thumb Code     0  _printf_a.o(.ARM.Collect$$_printf_percent$$00000006)
    _printf_ll                               0x080001c9   Thumb Code     0  _printf_ll.o(.ARM.Collect$$_printf_percent$$00000007)
    _printf_i                                0x080001d3   Thumb Code     0  _printf_i.o(.ARM.Collect$$_printf_percent$$00000008)
    _printf_d                                0x080001d9   Thumb Code     0  _printf_d.o(.ARM.Collect$$_printf_percent$$00000009)
    _printf_u                                0x080001df   Thumb Code     0  _printf_u.o(.ARM.Collect$$_printf_percent$$0000000A)
    _printf_o                                0x080001e5   Thumb Code     0  _printf_o.o(.ARM.Collect$$_printf_percent$$0000000B)
    _printf_x                                0x080001eb   Thumb Code     0  _printf_x.o(.ARM.Collect$$_printf_percent$$0000000C)
    _printf_lli                              0x080001f1   Thumb Code     0  _printf_lli.o(.ARM.Collect$$_printf_percent$$0000000D)
    _printf_lld                              0x080001f7   Thumb Code     0  _printf_lld.o(.ARM.Collect$$_printf_percent$$0000000E)
    _printf_llu                              0x080001fd   Thumb Code     0  _printf_llu.o(.ARM.Collect$$_printf_percent$$0000000F)
    _printf_llo                              0x08000203   Thumb Code     0  _printf_llo.o(.ARM.Collect$$_printf_percent$$00000010)
    _printf_llx                              0x08000209   Thumb Code     0  _printf_llx.o(.ARM.Collect$$_printf_percent$$00000011)
    _printf_l                                0x0800020f   Thumb Code     0  _printf_l.o(.ARM.Collect$$_printf_percent$$00000012)
    _printf_c                                0x08000219   Thumb Code     0  _printf_c.o(.ARM.Collect$$_printf_percent$$00000013)
    _printf_s                                0x0800021f   Thumb Code     0  _printf_s.o(.ARM.Collect$$_printf_percent$$00000014)
    _printf_lc                               0x08000225   Thumb Code     0  _printf_lc.o(.ARM.Collect$$_printf_percent$$00000015)
    _printf_ls                               0x0800022b   Thumb Code     0  _printf_ls.o(.ARM.Collect$$_printf_percent$$00000016)
    _printf_percent_end                      0x08000231   Thumb Code     0  _printf_percent_end.o(.ARM.Collect$$_printf_percent$$00000017)
    __rt_lib_init                            0x08000235   Thumb Code     0  libinit.o(.ARM.Collect$$libinit$$00000000)
    __rt_lib_init_fp_1                       0x08000237   Thumb Code     0  libinit2.o(.ARM.Collect$$libinit$$00000002)
    __rt_lib_init_heap_1                     0x08000237   Thumb Code     0  libinit2.o(.ARM.Collect$$libinit$$0000000A)
    __rt_lib_init_lc_common                  0x08000237   Thumb Code     0  libinit2.o(.ARM.Collect$$libinit$$0000000F)
    __rt_lib_init_preinit_1                  0x08000237   Thumb Code     0  libinit2.o(.ARM.Collect$$libinit$$00000004)
    __rt_lib_init_rand_1                     0x08000237   Thumb Code     0  libinit2.o(.ARM.Collect$$libinit$$0000000E)
    __rt_lib_init_user_alloc_1               0x08000237   Thumb Code     0  libinit2.o(.ARM.Collect$$libinit$$0000000C)
    __rt_lib_init_lc_collate_1               0x0800023d   Thumb Code     0  libinit2.o(.ARM.Collect$$libinit$$00000011)
    __rt_lib_init_lc_ctype_2                 0x0800023d   Thumb Code     0  libinit2.o(.ARM.Collect$$libinit$$00000012)
    __rt_lib_init_lc_ctype_1                 0x08000249   Thumb Code     0  libinit2.o(.ARM.Collect$$libinit$$00000013)
    __rt_lib_init_lc_monetary_1              0x08000249   Thumb Code     0  libinit2.o(.ARM.Collect$$libinit$$00000015)
    __rt_lib_init_lc_numeric_2               0x08000249   Thumb Code     0  libinit2.o(.ARM.Collect$$libinit$$00000016)
    __rt_lib_init_alloca_1                   0x08000253   Thumb Code     0  libinit2.o(.ARM.Collect$$libinit$$0000002E)
    __rt_lib_init_argv_1                     0x08000253   Thumb Code     0  libinit2.o(.ARM.Collect$$libinit$$0000002C)
    __rt_lib_init_atexit_1                   0x08000253   Thumb Code     0  libinit2.o(.ARM.Collect$$libinit$$0000001B)
    __rt_lib_init_clock_1                    0x08000253   Thumb Code     0  libinit2.o(.ARM.Collect$$libinit$$00000021)
    __rt_lib_init_cpp_1                      0x08000253   Thumb Code     0  libinit2.o(.ARM.Collect$$libinit$$00000032)
    __rt_lib_init_exceptions_1               0x08000253   Thumb Code     0  libinit2.o(.ARM.Collect$$libinit$$00000030)
    __rt_lib_init_fp_trap_1                  0x08000253   Thumb Code     0  libinit2.o(.ARM.Collect$$libinit$$0000001F)
    __rt_lib_init_getenv_1                   0x08000253   Thumb Code     0  libinit2.o(.ARM.Collect$$libinit$$00000023)
    __rt_lib_init_lc_numeric_1               0x08000253   Thumb Code     0  libinit2.o(.ARM.Collect$$libinit$$00000017)
    __rt_lib_init_lc_time_1                  0x08000253   Thumb Code     0  libinit2.o(.ARM.Collect$$libinit$$00000019)
    __rt_lib_init_return                     0x08000253   Thumb Code     0  libinit2.o(.ARM.Collect$$libinit$$00000033)
    __rt_lib_init_signal_1                   0x08000253   Thumb Code     0  libinit2.o(.ARM.Collect$$libinit$$0000001D)
    __rt_lib_init_stdio_1                    0x08000253   Thumb Code     0  libinit2.o(.ARM.Collect$$libinit$$00000025)
    __rt_lib_shutdown                        0x08000255   Thumb Code     0  libshutdown.o(.ARM.Collect$$libshutdown$$00000000)
    __rt_lib_shutdown_cpp_1                  0x08000257   Thumb Code     0  libshutdown2.o(.ARM.Collect$$libshutdown$$00000002)
    __rt_lib_shutdown_fp_trap_1              0x08000257   Thumb Code     0  libshutdown2.o(.ARM.Collect$$libshutdown$$00000007)
    __rt_lib_shutdown_heap_1                 0x08000257   Thumb Code     0  libshutdown2.o(.ARM.Collect$$libshutdown$$0000000F)
    __rt_lib_shutdown_return                 0x08000257   Thumb Code     0  libshutdown2.o(.ARM.Collect$$libshutdown$$00000010)
    __rt_lib_shutdown_signal_1               0x08000257   Thumb Code     0  libshutdown2.o(.ARM.Collect$$libshutdown$$0000000A)
    __rt_lib_shutdown_stdio_1                0x08000257   Thumb Code     0  libshutdown2.o(.ARM.Collect$$libshutdown$$00000004)
    __rt_lib_shutdown_user_alloc_1           0x08000257   Thumb Code     0  libshutdown2.o(.ARM.Collect$$libshutdown$$0000000C)
    __rt_entry                               0x08000259   Thumb Code     0  __rtentry.o(.ARM.Collect$$rtentry$$00000000)
    __rt_entry_presh_1                       0x08000259   Thumb Code     0  __rtentry2.o(.ARM.Collect$$rtentry$$00000002)
    __rt_entry_sh                            0x08000259   Thumb Code     0  __rtentry4.o(.ARM.Collect$$rtentry$$00000004)
    __rt_entry_li                            0x0800025f   Thumb Code     0  __rtentry2.o(.ARM.Collect$$rtentry$$0000000A)
    __rt_entry_postsh_1                      0x0800025f   Thumb Code     0  __rtentry2.o(.ARM.Collect$$rtentry$$00000009)
    __rt_entry_main                          0x08000263   Thumb Code     0  __rtentry2.o(.ARM.Collect$$rtentry$$0000000D)
    __rt_entry_postli_1                      0x08000263   Thumb Code     0  __rtentry2.o(.ARM.Collect$$rtentry$$0000000C)
    __rt_exit                                0x0800026b   Thumb Code     0  rtexit.o(.ARM.Collect$$rtexit$$00000000)
    __rt_exit_ls                             0x0800026d   Thumb Code     0  rtexit2.o(.ARM.Collect$$rtexit$$00000003)
    __rt_exit_prels_1                        0x0800026d   Thumb Code     0  rtexit2.o(.ARM.Collect$$rtexit$$00000002)
    __rt_exit_exit                           0x08000271   Thumb Code     0  rtexit2.o(.ARM.Collect$$rtexit$$00000004)
    blance                                   0x08000279   Thumb Code   104  main.o(.text)
    main                                     0x080002e1   Thumb Code   304  main.o(.text)
    NMI_Handler                              0x0800047d   Thumb Code     2  stm32f10x_it.o(.text)
    HardFault_Handler                        0x0800047f   Thumb Code     4  stm32f10x_it.o(.text)
    MemManage_Handler                        0x08000483   Thumb Code     4  stm32f10x_it.o(.text)
    BusFault_Handler                         0x08000487   Thumb Code     4  stm32f10x_it.o(.text)
    UsageFault_Handler                       0x0800048b   Thumb Code     4  stm32f10x_it.o(.text)
    SVC_Handler                              0x0800048f   Thumb Code     2  stm32f10x_it.o(.text)
    DebugMon_Handler                         0x08000491   Thumb Code     2  stm32f10x_it.o(.text)
    PendSV_Handler                           0x08000493   Thumb Code     2  stm32f10x_it.o(.text)
    SysTick_Handler                          0x08000495   Thumb Code     2  stm32f10x_it.o(.text)
    SystemInit                               0x08000577   Thumb Code    78  system_stm32f10x.o(.text)
    SystemCoreClockUpdate                    0x080005c5   Thumb Code   142  system_stm32f10x.o(.text)
    I2C_Stop                                 0x08000679   Thumb Code    28  oled.o(.text)
    I2C_WaitAck                              0x08000695   Thumb Code    20  oled.o(.text)
    Send_Byte                                0x080006a9   Thumb Code    70  oled.o(.text)
    I2C_Start                                0x080006ef   Thumb Code    36  oled.o(.text)
    OLED_WR_Byte                             0x08000713   Thumb Code    56  oled.o(.text)
    OLED_ColorTurn                           0x0800074b   Thumb Code    28  oled.o(.text)
    OLED_DisplayTurn                         0x08000767   Thumb Code    44  oled.o(.text)
    OLED_DisPlay_On                          0x08000793   Thumb Code    28  oled.o(.text)
    OLED_DisPlay_Off                         0x080007af   Thumb Code    28  oled.o(.text)
    OLED_Refresh                             0x080007cb   Thumb Code    70  oled.o(.text)
    OLED_Clear                               0x08000811   Thumb Code    42  oled.o(.text)
    OLED_DrawPoint                           0x0800083b   Thumb Code    54  oled.o(.text)
    OLED_ClearPoint                          0x08000871   Thumb Code    90  oled.o(.text)
    OLED_DrawCircle                          0x080008cb   Thumb Code   152  oled.o(.text)
    OLED_ShowChar                            0x08000963   Thumb Code   240  oled.o(.text)
    OLED_ShowString                          0x08000a53   Thumb Code    88  oled.o(.text)
    OLED_Pow                                 0x08000aab   Thumb Code    22  oled.o(.text)
    OLED_ShowNum                             0x08000ac1   Thumb Code   116  oled.o(.text)
    OLED_WR_BP                               0x08000b35   Thumb Code    46  oled.o(.text)
    OLED_ShowPicture                         0x08000b63   Thumb Code    98  oled.o(.text)
    OLED_Init                                0x08000bc5   Thumb Code   274  oled.o(.text)
    KEY_Init                                 0x08000cdd   Thumb Code   112  key.o(.text)
    LED_Init                                 0x08000d51   Thumb Code    46  led.o(.text)
    EXTIX_Init                               0x08000d85   Thumb Code   308  exti.o(.text)
    EXTI0_IRQHandler                         0x08000eb9   Thumb Code   184  exti.o(.text)
    EXTI1_IRQHandler                         0x08000f71   Thumb Code   186  exti.o(.text)
    EXTI2_IRQHandler                         0x0800102b   Thumb Code    42  exti.o(.text)
    EXTI9_5_IRQHandler                       0x08001055   Thumb Code    70  exti.o(.text)
    L298N_Init                               0x080010ad   Thumb Code    74  pwm.o(.text)
    TIM4_PWM_Init                            0x080010f7   Thumb Code   134  pwm.o(.text)
    TIM3_Int_Init                            0x08001189   Thumb Code   108  timer.o(.text)
    TIM3_IRQHandler                          0x080011f5   Thumb Code   140  timer.o(.text)
    TIM2_Int_Init                            0x08001281   Thumb Code    92  timer.o(.text)
    TIM2_IRQHandler                          0x080012dd   Thumb Code   140  timer.o(.text)
    delay_init                               0x080013a9   Thumb Code    50  delay.o(.text)
    delay_us                                 0x080013db   Thumb Code    72  delay.o(.text)
    delay_ms                                 0x08001423   Thumb Code    72  delay.o(.text)
    Adc_Init                                 0x0800147d   Thumb Code   138  adc.o(.text)
    Get_Adc                                  0x08001507   Thumb Code    46  adc.o(.text)
    Get_Adc_Average                          0x08001535   Thumb Code    46  adc.o(.text)
    Usart1_Init                              0x0800156d   Thumb Code   166  usart.o(.text)
    usart3_init                              0x08001613   Thumb Code   172  usart.o(.text)
    Usart3_SendStr                           0x080016bf   Thumb Code    34  usart.o(.text)
    Usart_SendString                         0x080016e1   Thumb Code    50  usart.o(.text)
    UsartPrintf                              0x08001713   Thumb Code    72  usart.o(.text)
    USART1_IRQHandler                        0x0800175b   Thumb Code    24  usart.o(.text)
    USART3_RX_Data                           0x08001773   Thumb Code    48  usart.o(.text)
    USART3_IRQHandler                        0x080017a3   Thumb Code    96  usart.o(.text)
    u3_printf                                0x08001803   Thumb Code    72  usart.o(.text)
    Reset_Handler                            0x08001869   Thumb Code     8  startup_stm32f10x_hd.o(.text)
    ADC1_2_IRQHandler                        0x08001883   Thumb Code     0  startup_stm32f10x_hd.o(.text)
    ADC3_IRQHandler                          0x08001883   Thumb Code     0  startup_stm32f10x_hd.o(.text)
    CAN1_RX1_IRQHandler                      0x08001883   Thumb Code     0  startup_stm32f10x_hd.o(.text)
    CAN1_SCE_IRQHandler                      0x08001883   Thumb Code     0  startup_stm32f10x_hd.o(.text)
    DMA1_Channel1_IRQHandler                 0x08001883   Thumb Code     0  startup_stm32f10x_hd.o(.text)
    DMA1_Channel2_IRQHandler                 0x08001883   Thumb Code     0  startup_stm32f10x_hd.o(.text)
    DMA1_Channel3_IRQHandler                 0x08001883   Thumb Code     0  startup_stm32f10x_hd.o(.text)
    DMA1_Channel4_IRQHandler                 0x08001883   Thumb Code     0  startup_stm32f10x_hd.o(.text)
    DMA1_Channel5_IRQHandler                 0x08001883   Thumb Code     0  startup_stm32f10x_hd.o(.text)
    DMA1_Channel6_IRQHandler                 0x08001883   Thumb Code     0  startup_stm32f10x_hd.o(.text)
    DMA1_Channel7_IRQHandler                 0x08001883   Thumb Code     0  startup_stm32f10x_hd.o(.text)
    DMA2_Channel1_IRQHandler                 0x08001883   Thumb Code     0  startup_stm32f10x_hd.o(.text)
    DMA2_Channel2_IRQHandler                 0x08001883   Thumb Code     0  startup_stm32f10x_hd.o(.text)
    DMA2_Channel3_IRQHandler                 0x08001883   Thumb Code     0  startup_stm32f10x_hd.o(.text)
    DMA2_Channel4_5_IRQHandler               0x08001883   Thumb Code     0  startup_stm32f10x_hd.o(.text)
    EXTI15_10_IRQHandler                     0x08001883   Thumb Code     0  startup_stm32f10x_hd.o(.text)
    EXTI3_IRQHandler                         0x08001883   Thumb Code     0  startup_stm32f10x_hd.o(.text)
    EXTI4_IRQHandler                         0x08001883   Thumb Code     0  startup_stm32f10x_hd.o(.text)
    FLASH_IRQHandler                         0x08001883   Thumb Code     0  startup_stm32f10x_hd.o(.text)
    FSMC_IRQHandler                          0x08001883   Thumb Code     0  startup_stm32f10x_hd.o(.text)
    I2C1_ER_IRQHandler                       0x08001883   Thumb Code     0  startup_stm32f10x_hd.o(.text)
    I2C1_EV_IRQHandler                       0x08001883   Thumb Code     0  startup_stm32f10x_hd.o(.text)
    I2C2_ER_IRQHandler                       0x08001883   Thumb Code     0  startup_stm32f10x_hd.o(.text)
    I2C2_EV_IRQHandler                       0x08001883   Thumb Code     0  startup_stm32f10x_hd.o(.text)
    PVD_IRQHandler                           0x08001883   Thumb Code     0  startup_stm32f10x_hd.o(.text)
    RCC_IRQHandler                           0x08001883   Thumb Code     0  startup_stm32f10x_hd.o(.text)
    RTCAlarm_IRQHandler                      0x08001883   Thumb Code     0  startup_stm32f10x_hd.o(.text)
    RTC_IRQHandler                           0x08001883   Thumb Code     0  startup_stm32f10x_hd.o(.text)
    SDIO_IRQHandler                          0x08001883   Thumb Code     0  startup_stm32f10x_hd.o(.text)
    SPI1_IRQHandler                          0x08001883   Thumb Code     0  startup_stm32f10x_hd.o(.text)
    SPI2_IRQHandler                          0x08001883   Thumb Code     0  startup_stm32f10x_hd.o(.text)
    SPI3_IRQHandler                          0x08001883   Thumb Code     0  startup_stm32f10x_hd.o(.text)
    TAMPER_IRQHandler                        0x08001883   Thumb Code     0  startup_stm32f10x_hd.o(.text)
    TIM1_BRK_IRQHandler                      0x08001883   Thumb Code     0  startup_stm32f10x_hd.o(.text)
    TIM1_CC_IRQHandler                       0x08001883   Thumb Code     0  startup_stm32f10x_hd.o(.text)
    TIM1_TRG_COM_IRQHandler                  0x08001883   Thumb Code     0  startup_stm32f10x_hd.o(.text)
    TIM1_UP_IRQHandler                       0x08001883   Thumb Code     0  startup_stm32f10x_hd.o(.text)
    TIM4_IRQHandler                          0x08001883   Thumb Code     0  startup_stm32f10x_hd.o(.text)
    TIM5_IRQHandler                          0x08001883   Thumb Code     0  startup_stm32f10x_hd.o(.text)
    TIM6_IRQHandler                          0x08001883   Thumb Code     0  startup_stm32f10x_hd.o(.text)
    TIM7_IRQHandler                          0x08001883   Thumb Code     0  startup_stm32f10x_hd.o(.text)
    TIM8_BRK_IRQHandler                      0x08001883   Thumb Code     0  startup_stm32f10x_hd.o(.text)
    TIM8_CC_IRQHandler                       0x08001883   Thumb Code     0  startup_stm32f10x_hd.o(.text)
    TIM8_TRG_COM_IRQHandler                  0x08001883   Thumb Code     0  startup_stm32f10x_hd.o(.text)
    TIM8_UP_IRQHandler                       0x08001883   Thumb Code     0  startup_stm32f10x_hd.o(.text)
    UART4_IRQHandler                         0x08001883   Thumb Code     0  startup_stm32f10x_hd.o(.text)
    UART5_IRQHandler                         0x08001883   Thumb Code     0  startup_stm32f10x_hd.o(.text)
    USART2_IRQHandler                        0x08001883   Thumb Code     0  startup_stm32f10x_hd.o(.text)
    USBWakeUp_IRQHandler                     0x08001883   Thumb Code     0  startup_stm32f10x_hd.o(.text)
    USB_HP_CAN1_TX_IRQHandler                0x08001883   Thumb Code     0  startup_stm32f10x_hd.o(.text)
    USB_LP_CAN1_RX0_IRQHandler               0x08001883   Thumb Code     0  startup_stm32f10x_hd.o(.text)
    WWDG_IRQHandler                          0x08001883   Thumb Code     0  startup_stm32f10x_hd.o(.text)
    __user_initial_stackheap                 0x08001885   Thumb Code     0  startup_stm32f10x_hd.o(.text)
    GPIO_DeInit                              0x080018a9   Thumb Code   172  stm32f10x_gpio.o(.text)
    GPIO_AFIODeInit                          0x08001955   Thumb Code    20  stm32f10x_gpio.o(.text)
    GPIO_Init                                0x08001969   Thumb Code   278  stm32f10x_gpio.o(.text)
    GPIO_StructInit                          0x08001a7f   Thumb Code    16  stm32f10x_gpio.o(.text)
    GPIO_ReadInputDataBit                    0x08001a8f   Thumb Code    18  stm32f10x_gpio.o(.text)
    GPIO_ReadInputData                       0x08001aa1   Thumb Code     8  stm32f10x_gpio.o(.text)
    GPIO_ReadOutputDataBit                   0x08001aa9   Thumb Code    18  stm32f10x_gpio.o(.text)
    GPIO_ReadOutputData                      0x08001abb   Thumb Code     8  stm32f10x_gpio.o(.text)
    GPIO_SetBits                             0x08001ac3   Thumb Code     4  stm32f10x_gpio.o(.text)
    GPIO_ResetBits                           0x08001ac7   Thumb Code     4  stm32f10x_gpio.o(.text)
    GPIO_WriteBit                            0x08001acb   Thumb Code    10  stm32f10x_gpio.o(.text)
    GPIO_Write                               0x08001ad5   Thumb Code     4  stm32f10x_gpio.o(.text)
    GPIO_PinLockConfig                       0x08001ad9   Thumb Code    18  stm32f10x_gpio.o(.text)
    GPIO_EventOutputConfig                   0x08001aeb   Thumb Code    26  stm32f10x_gpio.o(.text)
    GPIO_EventOutputCmd                      0x08001b05   Thumb Code     6  stm32f10x_gpio.o(.text)
    GPIO_PinRemapConfig                      0x08001b0b   Thumb Code   138  stm32f10x_gpio.o(.text)
    GPIO_EXTILineConfig                      0x08001b95   Thumb Code    66  stm32f10x_gpio.o(.text)
    GPIO_ETH_MediaInterfaceConfig            0x08001bd7   Thumb Code     8  stm32f10x_gpio.o(.text)
    RCC_DeInit                               0x08001c05   Thumb Code    64  stm32f10x_rcc.o(.text)
    RCC_HSEConfig                            0x08001c45   Thumb Code    70  stm32f10x_rcc.o(.text)
    RCC_GetFlagStatus                        0x08001c8b   Thumb Code    56  stm32f10x_rcc.o(.text)
    RCC_WaitForHSEStartUp                    0x08001cc3   Thumb Code    56  stm32f10x_rcc.o(.text)
    RCC_AdjustHSICalibrationValue            0x08001cfb   Thumb Code    20  stm32f10x_rcc.o(.text)
    RCC_HSICmd                               0x08001d0f   Thumb Code     6  stm32f10x_rcc.o(.text)
    RCC_PLLConfig                            0x08001d15   Thumb Code    24  stm32f10x_rcc.o(.text)
    RCC_PLLCmd                               0x08001d2d   Thumb Code     6  stm32f10x_rcc.o(.text)
    RCC_SYSCLKConfig                         0x08001d33   Thumb Code    18  stm32f10x_rcc.o(.text)
    RCC_GetSYSCLKSource                      0x08001d45   Thumb Code    10  stm32f10x_rcc.o(.text)
    RCC_HCLKConfig                           0x08001d4f   Thumb Code    18  stm32f10x_rcc.o(.text)
    RCC_PCLK1Config                          0x08001d61   Thumb Code    18  stm32f10x_rcc.o(.text)
    RCC_PCLK2Config                          0x08001d73   Thumb Code    20  stm32f10x_rcc.o(.text)
    RCC_ITConfig                             0x08001d87   Thumb Code    26  stm32f10x_rcc.o(.text)
    RCC_USBCLKConfig                         0x08001da1   Thumb Code     8  stm32f10x_rcc.o(.text)
    RCC_ADCCLKConfig                         0x08001da9   Thumb Code    18  stm32f10x_rcc.o(.text)
    RCC_LSEConfig                            0x08001dbb   Thumb Code    50  stm32f10x_rcc.o(.text)
    RCC_LSICmd                               0x08001ded   Thumb Code     6  stm32f10x_rcc.o(.text)
    RCC_RTCCLKConfig                         0x08001df3   Thumb Code    12  stm32f10x_rcc.o(.text)
    RCC_RTCCLKCmd                            0x08001dff   Thumb Code     8  stm32f10x_rcc.o(.text)
    RCC_GetClocksFreq                        0x08001e07   Thumb Code   192  stm32f10x_rcc.o(.text)
    RCC_AHBPeriphClockCmd                    0x08001ec7   Thumb Code    26  stm32f10x_rcc.o(.text)
    RCC_APB2PeriphClockCmd                   0x08001ee1   Thumb Code    26  stm32f10x_rcc.o(.text)
    RCC_APB1PeriphClockCmd                   0x08001efb   Thumb Code    26  stm32f10x_rcc.o(.text)
    RCC_APB2PeriphResetCmd                   0x08001f15   Thumb Code    26  stm32f10x_rcc.o(.text)
    RCC_APB1PeriphResetCmd                   0x08001f2f   Thumb Code    26  stm32f10x_rcc.o(.text)
    RCC_BackupResetCmd                       0x08001f49   Thumb Code     8  stm32f10x_rcc.o(.text)
    RCC_ClockSecuritySystemCmd               0x08001f51   Thumb Code     6  stm32f10x_rcc.o(.text)
    RCC_MCOConfig                            0x08001f57   Thumb Code     6  stm32f10x_rcc.o(.text)
    RCC_ClearFlag                            0x08001f5d   Thumb Code    14  stm32f10x_rcc.o(.text)
    RCC_GetITStatus                          0x08001f6b   Thumb Code    20  stm32f10x_rcc.o(.text)
    RCC_ClearITPendingBit                    0x08001f7f   Thumb Code     6  stm32f10x_rcc.o(.text)
    USART_DeInit                             0x08001fa9   Thumb Code   134  stm32f10x_usart.o(.text)
    USART_Init                               0x0800202f   Thumb Code   210  stm32f10x_usart.o(.text)
    USART_StructInit                         0x08002101   Thumb Code    24  stm32f10x_usart.o(.text)
    USART_ClockInit                          0x08002119   Thumb Code    34  stm32f10x_usart.o(.text)
    USART_ClockStructInit                    0x0800213b   Thumb Code    12  stm32f10x_usart.o(.text)
    USART_Cmd                                0x08002147   Thumb Code    24  stm32f10x_usart.o(.text)
    USART_ITConfig                           0x0800215f   Thumb Code    74  stm32f10x_usart.o(.text)
    USART_DMACmd                             0x080021a9   Thumb Code    18  stm32f10x_usart.o(.text)
    USART_SetAddress                         0x080021bb   Thumb Code    18  stm32f10x_usart.o(.text)
    USART_WakeUpConfig                       0x080021cd   Thumb Code    18  stm32f10x_usart.o(.text)
    USART_ReceiverWakeUpCmd                  0x080021df   Thumb Code    24  stm32f10x_usart.o(.text)
    USART_LINBreakDetectLengthConfig         0x080021f7   Thumb Code    18  stm32f10x_usart.o(.text)
    USART_LINCmd                             0x08002209   Thumb Code    24  stm32f10x_usart.o(.text)
    USART_SendData                           0x08002221   Thumb Code     8  stm32f10x_usart.o(.text)
    USART_ReceiveData                        0x08002229   Thumb Code    10  stm32f10x_usart.o(.text)
    USART_SendBreak                          0x08002233   Thumb Code    10  stm32f10x_usart.o(.text)
    USART_SetGuardTime                       0x0800223d   Thumb Code    16  stm32f10x_usart.o(.text)
    USART_SetPrescaler                       0x0800224d   Thumb Code    16  stm32f10x_usart.o(.text)
    USART_SmartCardCmd                       0x0800225d   Thumb Code    24  stm32f10x_usart.o(.text)
    USART_SmartCardNACKCmd                   0x08002275   Thumb Code    24  stm32f10x_usart.o(.text)
    USART_HalfDuplexCmd                      0x0800228d   Thumb Code    24  stm32f10x_usart.o(.text)
    USART_OverSampling8Cmd                   0x080022a5   Thumb Code    22  stm32f10x_usart.o(.text)
    USART_OneBitMethodCmd                    0x080022bb   Thumb Code    24  stm32f10x_usart.o(.text)
    USART_IrDAConfig                         0x080022d3   Thumb Code    18  stm32f10x_usart.o(.text)
    USART_IrDACmd                            0x080022e5   Thumb Code    24  stm32f10x_usart.o(.text)
    USART_GetFlagStatus                      0x080022fd   Thumb Code    26  stm32f10x_usart.o(.text)
    USART_ClearFlag                          0x08002317   Thumb Code    18  stm32f10x_usart.o(.text)
    USART_GetITStatus                        0x08002329   Thumb Code    84  stm32f10x_usart.o(.text)
    USART_ClearITPendingBit                  0x0800237d   Thumb Code    52  stm32f10x_usart.o(.text)
    NVIC_PriorityGroupConfig                 0x080023b1   Thumb Code    10  misc.o(.text)
    NVIC_Init                                0x080023bb   Thumb Code   100  misc.o(.text)
    NVIC_SetVectorTable                      0x0800241f   Thumb Code    14  misc.o(.text)
    NVIC_SystemLPConfig                      0x0800242d   Thumb Code    34  misc.o(.text)
    SysTick_CLKSourceConfig                  0x0800244f   Thumb Code    40  misc.o(.text)
    TIM_DeInit                               0x0800248d   Thumb Code   424  stm32f10x_tim.o(.text)
    TIM_TimeBaseInit                         0x08002635   Thumb Code   122  stm32f10x_tim.o(.text)
    TIM_OC1Init                              0x080026af   Thumb Code   132  stm32f10x_tim.o(.text)
    TIM_OC2Init                              0x08002733   Thumb Code   154  stm32f10x_tim.o(.text)
    TIM_OC3Init                              0x080027cd   Thumb Code   150  stm32f10x_tim.o(.text)
    TIM_OC4Init                              0x08002863   Thumb Code   182  stm32f10x_tim.o(.text)
    TIM_SetIC4Prescaler                      0x08002919   Thumb Code    26  stm32f10x_tim.o(.text)
    TIM_SetIC3Prescaler                      0x080029b5   Thumb Code    18  stm32f10x_tim.o(.text)
    TIM_SetIC2Prescaler                      0x08002a41   Thumb Code    26  stm32f10x_tim.o(.text)
    TIM_SetIC1Prescaler                      0x08002add   Thumb Code    18  stm32f10x_tim.o(.text)
    TIM_ICInit                               0x08002b5b   Thumb Code   150  stm32f10x_tim.o(.text)
    TIM_PWMIConfig                           0x08002bf1   Thumb Code   124  stm32f10x_tim.o(.text)
    TIM_BDTRConfig                           0x08002c6d   Thumb Code    32  stm32f10x_tim.o(.text)
    TIM_TimeBaseStructInit                   0x08002c8d   Thumb Code    18  stm32f10x_tim.o(.text)
    TIM_OCStructInit                         0x08002c9f   Thumb Code    20  stm32f10x_tim.o(.text)
    TIM_ICStructInit                         0x08002cb3   Thumb Code    18  stm32f10x_tim.o(.text)
    TIM_BDTRStructInit                       0x08002cc5   Thumb Code    40  stm32f10x_tim.o(.text)
    TIM_Cmd                                  0x08002ced   Thumb Code    24  stm32f10x_tim.o(.text)
    TIM_CtrlPWMOutputs                       0x08002d05   Thumb Code    30  stm32f10x_tim.o(.text)
    TIM_ITConfig                             0x08002d23   Thumb Code    18  stm32f10x_tim.o(.text)
    TIM_GenerateEvent                        0x08002d35   Thumb Code     4  stm32f10x_tim.o(.text)
    TIM_DMAConfig                            0x08002d39   Thumb Code    10  stm32f10x_tim.o(.text)
    TIM_DMACmd                               0x08002d43   Thumb Code    18  stm32f10x_tim.o(.text)
    TIM_InternalClockConfig                  0x08002d55   Thumb Code    12  stm32f10x_tim.o(.text)
    TIM_SelectInputTrigger                   0x08002d61   Thumb Code    18  stm32f10x_tim.o(.text)
    TIM_ITRxExternalClockConfig              0x08002d73   Thumb Code    24  stm32f10x_tim.o(.text)
    TIM_TIxExternalClockConfig               0x08002d8b   Thumb Code    62  stm32f10x_tim.o(.text)
    TIM_ETRConfig                            0x08002dc9   Thumb Code    28  stm32f10x_tim.o(.text)
    TIM_ETRClockMode1Config                  0x08002de5   Thumb Code    54  stm32f10x_tim.o(.text)
    TIM_ETRClockMode2Config                  0x08002e1b   Thumb Code    32  stm32f10x_tim.o(.text)
    TIM_PrescalerConfig                      0x08002e3b   Thumb Code     6  stm32f10x_tim.o(.text)
    TIM_CounterModeConfig                    0x08002e41   Thumb Code    18  stm32f10x_tim.o(.text)
    TIM_EncoderInterfaceConfig               0x08002e53   Thumb Code    66  stm32f10x_tim.o(.text)
    TIM_ForcedOC1Config                      0x08002e95   Thumb Code    18  stm32f10x_tim.o(.text)
    TIM_ForcedOC2Config                      0x08002ea7   Thumb Code    26  stm32f10x_tim.o(.text)
    TIM_ForcedOC3Config                      0x08002ec1   Thumb Code    18  stm32f10x_tim.o(.text)
    TIM_ForcedOC4Config                      0x08002ed3   Thumb Code    26  stm32f10x_tim.o(.text)
    TIM_ARRPreloadConfig                     0x08002eed   Thumb Code    24  stm32f10x_tim.o(.text)
    TIM_SelectCOM                            0x08002f05   Thumb Code    24  stm32f10x_tim.o(.text)
    TIM_SelectCCDMA                          0x08002f1d   Thumb Code    24  stm32f10x_tim.o(.text)
    TIM_CCPreloadControl                     0x08002f35   Thumb Code    24  stm32f10x_tim.o(.text)
    TIM_OC1PreloadConfig                     0x08002f4d   Thumb Code    18  stm32f10x_tim.o(.text)
    TIM_OC2PreloadConfig                     0x08002f5f   Thumb Code    26  stm32f10x_tim.o(.text)
    TIM_OC3PreloadConfig                     0x08002f79   Thumb Code    18  stm32f10x_tim.o(.text)
    TIM_OC4PreloadConfig                     0x08002f8b   Thumb Code    26  stm32f10x_tim.o(.text)
    TIM_OC1FastConfig                        0x08002fa5   Thumb Code    18  stm32f10x_tim.o(.text)
    TIM_OC2FastConfig                        0x08002fb7   Thumb Code    26  stm32f10x_tim.o(.text)
    TIM_OC3FastConfig                        0x08002fd1   Thumb Code    18  stm32f10x_tim.o(.text)
    TIM_OC4FastConfig                        0x08002fe3   Thumb Code    26  stm32f10x_tim.o(.text)
    TIM_ClearOC1Ref                          0x08002ffd   Thumb Code    18  stm32f10x_tim.o(.text)
    TIM_ClearOC2Ref                          0x0800300f   Thumb Code    24  stm32f10x_tim.o(.text)
    TIM_ClearOC3Ref                          0x08003027   Thumb Code    18  stm32f10x_tim.o(.text)
    TIM_ClearOC4Ref                          0x08003039   Thumb Code    24  stm32f10x_tim.o(.text)
    TIM_OC1PolarityConfig                    0x08003051   Thumb Code    18  stm32f10x_tim.o(.text)
    TIM_OC1NPolarityConfig                   0x08003063   Thumb Code    18  stm32f10x_tim.o(.text)
    TIM_OC2PolarityConfig                    0x08003075   Thumb Code    26  stm32f10x_tim.o(.text)
    TIM_OC2NPolarityConfig                   0x0800308f   Thumb Code    26  stm32f10x_tim.o(.text)
    TIM_OC3PolarityConfig                    0x080030a9   Thumb Code    26  stm32f10x_tim.o(.text)
    TIM_OC3NPolarityConfig                   0x080030c3   Thumb Code    26  stm32f10x_tim.o(.text)
    TIM_OC4PolarityConfig                    0x080030dd   Thumb Code    26  stm32f10x_tim.o(.text)
    TIM_CCxCmd                               0x080030f7   Thumb Code    30  stm32f10x_tim.o(.text)
    TIM_CCxNCmd                              0x08003115   Thumb Code    30  stm32f10x_tim.o(.text)
    TIM_SelectOCxM                           0x08003133   Thumb Code    82  stm32f10x_tim.o(.text)
    TIM_UpdateDisableConfig                  0x08003185   Thumb Code    24  stm32f10x_tim.o(.text)
    TIM_UpdateRequestConfig                  0x0800319d   Thumb Code    24  stm32f10x_tim.o(.text)
    TIM_SelectHallSensor                     0x080031b5   Thumb Code    24  stm32f10x_tim.o(.text)
    TIM_SelectOnePulseMode                   0x080031cd   Thumb Code    18  stm32f10x_tim.o(.text)
    TIM_SelectOutputTrigger                  0x080031df   Thumb Code    18  stm32f10x_tim.o(.text)
    TIM_SelectSlaveMode                      0x080031f1   Thumb Code    18  stm32f10x_tim.o(.text)
    TIM_SelectMasterSlaveMode                0x08003203   Thumb Code    18  stm32f10x_tim.o(.text)
    TIM_SetCounter                           0x08003215   Thumb Code     4  stm32f10x_tim.o(.text)
    TIM_SetAutoreload                        0x08003219   Thumb Code     4  stm32f10x_tim.o(.text)
    TIM_SetCompare1                          0x0800321d   Thumb Code     4  stm32f10x_tim.o(.text)
    TIM_SetCompare2                          0x08003221   Thumb Code     4  stm32f10x_tim.o(.text)
    TIM_SetCompare3                          0x08003225   Thumb Code     4  stm32f10x_tim.o(.text)
    TIM_SetCompare4                          0x08003229   Thumb Code     6  stm32f10x_tim.o(.text)
    TIM_SetClockDivision                     0x0800322f   Thumb Code    18  stm32f10x_tim.o(.text)
    TIM_GetCapture1                          0x08003241   Thumb Code     6  stm32f10x_tim.o(.text)
    TIM_GetCapture2                          0x08003247   Thumb Code     6  stm32f10x_tim.o(.text)
    TIM_GetCapture3                          0x0800324d   Thumb Code     6  stm32f10x_tim.o(.text)
    TIM_GetCapture4                          0x08003253   Thumb Code     8  stm32f10x_tim.o(.text)
    TIM_GetCounter                           0x0800325b   Thumb Code     6  stm32f10x_tim.o(.text)
    TIM_GetPrescaler                         0x08003261   Thumb Code     6  stm32f10x_tim.o(.text)
    TIM_GetFlagStatus                        0x08003267   Thumb Code    18  stm32f10x_tim.o(.text)
    TIM_ClearFlag                            0x08003279   Thumb Code     6  stm32f10x_tim.o(.text)
    TIM_GetITStatus                          0x0800327f   Thumb Code    34  stm32f10x_tim.o(.text)
    TIM_ClearITPendingBit                    0x080032a1   Thumb Code     6  stm32f10x_tim.o(.text)
    EXTI_DeInit                              0x080032a9   Thumb Code    28  stm32f10x_exti.o(.text)
    EXTI_Init                                0x080032c5   Thumb Code   142  stm32f10x_exti.o(.text)
    EXTI_StructInit                          0x08003353   Thumb Code    16  stm32f10x_exti.o(.text)
    EXTI_GenerateSWInterrupt                 0x08003363   Thumb Code    16  stm32f10x_exti.o(.text)
    EXTI_GetFlagStatus                       0x08003373   Thumb Code    22  stm32f10x_exti.o(.text)
    EXTI_ClearFlag                           0x08003389   Thumb Code     8  stm32f10x_exti.o(.text)
    EXTI_GetITStatus                         0x08003391   Thumb Code    34  stm32f10x_exti.o(.text)
    EXTI_ClearITPendingBit                   0x080033b3   Thumb Code     8  stm32f10x_exti.o(.text)
    ADC_DeInit                               0x080033c5   Thumb Code    78  stm32f10x_adc.o(.text)
    ADC_Init                                 0x08003413   Thumb Code    70  stm32f10x_adc.o(.text)
    ADC_StructInit                           0x08003459   Thumb Code    18  stm32f10x_adc.o(.text)
    ADC_Cmd                                  0x0800346b   Thumb Code    22  stm32f10x_adc.o(.text)
    ADC_DMACmd                               0x08003481   Thumb Code    22  stm32f10x_adc.o(.text)
    ADC_ITConfig                             0x08003497   Thumb Code    24  stm32f10x_adc.o(.text)
    ADC_ResetCalibration                     0x080034af   Thumb Code    10  stm32f10x_adc.o(.text)
    ADC_GetResetCalibrationStatus            0x080034b9   Thumb Code    20  stm32f10x_adc.o(.text)
    ADC_StartCalibration                     0x080034cd   Thumb Code    10  stm32f10x_adc.o(.text)
    ADC_GetCalibrationStatus                 0x080034d7   Thumb Code    20  stm32f10x_adc.o(.text)
    ADC_SoftwareStartConvCmd                 0x080034eb   Thumb Code    22  stm32f10x_adc.o(.text)
    ADC_GetSoftwareStartConvStatus           0x08003501   Thumb Code    20  stm32f10x_adc.o(.text)
    ADC_DiscModeChannelCountConfig           0x08003515   Thumb Code    24  stm32f10x_adc.o(.text)
    ADC_DiscModeCmd                          0x0800352d   Thumb Code    22  stm32f10x_adc.o(.text)
    ADC_RegularChannelConfig                 0x08003543   Thumb Code   184  stm32f10x_adc.o(.text)
    ADC_ExternalTrigConvCmd                  0x080035fb   Thumb Code    22  stm32f10x_adc.o(.text)
    ADC_GetConversionValue                   0x08003611   Thumb Code     8  stm32f10x_adc.o(.text)
    ADC_GetDualModeConversionValue           0x08003619   Thumb Code     8  stm32f10x_adc.o(.text)
    ADC_AutoInjectedConvCmd                  0x08003621   Thumb Code    22  stm32f10x_adc.o(.text)
    ADC_InjectedDiscModeCmd                  0x08003637   Thumb Code    22  stm32f10x_adc.o(.text)
    ADC_ExternalTrigInjectedConvConfig       0x0800364d   Thumb Code    16  stm32f10x_adc.o(.text)
    ADC_ExternalTrigInjectedConvCmd          0x0800365d   Thumb Code    22  stm32f10x_adc.o(.text)
    ADC_SoftwareStartInjectedConvCmd         0x08003673   Thumb Code    22  stm32f10x_adc.o(.text)
    ADC_GetSoftwareStartInjectedConvCmdStatus 0x08003689   Thumb Code    20  stm32f10x_adc.o(.text)
    ADC_InjectedChannelConfig                0x0800369d   Thumb Code   130  stm32f10x_adc.o(.text)
    ADC_InjectedSequencerLengthConfig        0x0800371f   Thumb Code    24  stm32f10x_adc.o(.text)
    ADC_SetInjectedOffset                    0x08003737   Thumb Code    20  stm32f10x_adc.o(.text)
    ADC_GetInjectedConversionValue           0x0800374b   Thumb Code    28  stm32f10x_adc.o(.text)
    ADC_AnalogWatchdogCmd                    0x08003767   Thumb Code    16  stm32f10x_adc.o(.text)
    ADC_AnalogWatchdogThresholdsConfig       0x08003777   Thumb Code     6  stm32f10x_adc.o(.text)
    ADC_AnalogWatchdogSingleChannelConfig    0x0800377d   Thumb Code    16  stm32f10x_adc.o(.text)
    ADC_TempSensorVrefintCmd                 0x0800378d   Thumb Code    64  stm32f10x_adc.o(.text)
    ADC_GetFlagStatus                        0x080037cd   Thumb Code    18  stm32f10x_adc.o(.text)
    ADC_ClearFlag                            0x080037df   Thumb Code     6  stm32f10x_adc.o(.text)
    ADC_GetITStatus                          0x080037e5   Thumb Code    36  stm32f10x_adc.o(.text)
    ADC_ClearITPendingBit                    0x08003809   Thumb Code    10  stm32f10x_adc.o(.text)
    vsprintf                                 0x08003815   Thumb Code    32  vsprintf.o(.text)
    vsnprintf                                0x08003839   Thumb Code    48  vsnprintf.o(.text)
    __2sprintf                               0x0800386d   Thumb Code    38  __2sprintf.o(.text)
    _printf_pre_padding                      0x08003899   Thumb Code    44  _printf_pad.o(.text)
    _printf_post_padding                     0x080038c5   Thumb Code    34  _printf_pad.o(.text)
    _printf_str                              0x080038e7   Thumb Code    82  _printf_str.o(.text)
    _printf_int_dec                          0x08003939   Thumb Code   104  _printf_dec.o(.text)
    __printf                                 0x080039b1   Thumb Code   388  __printf_flags_ss_wp.o(.text)
    strlen                                   0x08003b39   Thumb Code    62  strlen.o(.text)
    __use_two_region_memory                  0x08003b77   Thumb Code     2  heapauxi.o(.text)
    __rt_heap_escrow$2region                 0x08003b79   Thumb Code     2  heapauxi.o(.text)
    __rt_heap_expand$2region                 0x08003b7b   Thumb Code     2  heapauxi.o(.text)
    _printf_truncate_signed                  0x08003b7d   Thumb Code    18  _printf_truncate.o(.text)
    _printf_truncate_unsigned                0x08003b8f   Thumb Code    18  _printf_truncate.o(.text)
    _printf_int_common                       0x08003ba1   Thumb Code   178  _printf_intcommon.o(.text)
    _printf_charcount                        0x08003c53   Thumb Code    40  _printf_charcount.o(.text)
    _printf_char_common                      0x08003c87   Thumb Code    32  _printf_char_common.o(.text)
    _sputc                                   0x08003cad   Thumb Code    10  _sputc.o(.text)
    _snputc                                  0x08003cb7   Thumb Code    16  _snputc.o(.text)
    _printf_cs_common                        0x08003cc7   Thumb Code    20  _printf_char.o(.text)
    _printf_char                             0x08003cdb   Thumb Code    16  _printf_char.o(.text)
    _printf_string                           0x08003ceb   Thumb Code     8  _printf_char.o(.text)
    _printf_wctomb                           0x08003cf5   Thumb Code   182  _printf_wctomb.o(.text)
    _printf_longlong_dec                     0x08003db1   Thumb Code   108  _printf_longlong_dec.o(.text)
    _printf_longlong_oct                     0x08003e2d   Thumb Code    68  _printf_oct_int_ll.o(.text)
    _printf_int_oct                          0x08003e71   Thumb Code    24  _printf_oct_int_ll.o(.text)
    _printf_ll_oct                           0x08003e89   Thumb Code    12  _printf_oct_int_ll.o(.text)
    _printf_longlong_hex                     0x08003e9d   Thumb Code    86  _printf_hex_int_ll_ptr.o(.text)
    _printf_int_hex                          0x08003ef3   Thumb Code    28  _printf_hex_int_ll_ptr.o(.text)
    _printf_ll_hex                           0x08003f0f   Thumb Code    12  _printf_hex_int_ll_ptr.o(.text)
    _printf_hex_ptr                          0x08003f1b   Thumb Code    18  _printf_hex_int_ll_ptr.o(.text)
    _ll_udiv10                               0x08003f31   Thumb Code   138  lludiv10.o(.text)
    __lib_sel_fp_printf                      0x08003fbb   Thumb Code     2  _printf_fp_dec.o(.text)
    _printf_fp_dec_real                      0x08004169   Thumb Code   620  _printf_fp_dec.o(.text)
    _printf_fp_hex_real                      0x080043d5   Thumb Code   754  _printf_fp_hex.o(.text)
    _printf_lcs_common                       0x080046d1   Thumb Code    20  _printf_wchar.o(.text)
    _printf_wchar                            0x080046e5   Thumb Code    16  _printf_wchar.o(.text)
    _printf_wstring                          0x080046f5   Thumb Code     8  _printf_wchar.o(.text)
    _wcrtomb                                 0x080046fd   Thumb Code    64  _wcrtomb.o(.text)
    __user_setup_stackheap                   0x0800473d   Thumb Code    74  sys_stackheap_outer.o(.text)
    __rt_ctype_table                         0x08004789   Thumb Code    16  rt_ctype_table.o(.text)
    __rt_locale                              0x08004799   Thumb Code     8  rt_locale_intlibspace.o(.text)
    _printf_fp_infnan                        0x080047a1   Thumb Code   112  _printf_fp_infnan.o(.text)
    _btod_etento                             0x08004821   Thumb Code   216  bigflt0.o(.text)
    exit                                     0x080048fd   Thumb Code    18  exit.o(.text)
    __user_libspace                          0x08004911   Thumb Code     8  libspace.o(.text)
    __user_perproc_libspace                  0x08004911   Thumb Code     0  libspace.o(.text)
    __user_perthread_libspace                0x08004911   Thumb Code     0  libspace.o(.text)
    strcmp                                   0x08004919   Thumb Code   128  strcmpv7m.o(.text)
    _sys_exit                                0x08004999   Thumb Code     8  sys_exit.o(.text)
    __I$use$semihosting                      0x080049a5   Thumb Code     0  use_no_semi.o(.text)
    __use_no_semihosting_swi                 0x080049a5   Thumb Code     2  use_no_semi.o(.text)
    __semihosting_library_function           0x080049a7   Thumb Code     0  indicate_semi.o(.text)
    _btod_d2e                                0x080049a7   Thumb Code    62  btod.o(CL$$btod_d2e)
    _d2e_denorm_low                          0x080049e5   Thumb Code    70  btod.o(CL$$btod_d2e_denorm_low)
    _d2e_norm_op1                            0x08004a2b   Thumb Code    96  btod.o(CL$$btod_d2e_norm_op1)
    __btod_div_common                        0x08004a8b   Thumb Code   696  btod.o(CL$$btod_div_common)
    _e2e                                     0x08004dc3   Thumb Code   198  btod.o(CL$$btod_e2e)
    _btod_ediv                               0x08004e89   Thumb Code    40  btod.o(CL$$btod_ediv)
    _btod_emul                               0x08004eb1   Thumb Code    40  btod.o(CL$$btod_emul)
    __btod_mult_common                       0x08004ed9   Thumb Code   580  btod.o(CL$$btod_mult_common)
    __ARM_fpclassify                         0x0800511d   Thumb Code    40  fpclassify.o(i.__ARM_fpclassify)
    _is_digit                                0x08005145   Thumb Code    14  __printf_wp.o(i._is_digit)
    _get_lc_numeric                          0x08005155   Thumb Code    44  lc_numeric_c.o(locale$$code)
    _get_lc_ctype                            0x08005181   Thumb Code    44  lc_ctype_c.o(locale$$code)
    __aeabi_d2f                              0x080051ad   Thumb Code     0  d2f.o(x$fpl$d2f)
    _d2f                                     0x080051ad   Thumb Code    98  d2f.o(x$fpl$d2f)
    __aeabi_dadd                             0x08005211   Thumb Code     0  daddsub_clz.o(x$fpl$dadd)
    _dadd                                    0x08005211   Thumb Code   332  daddsub_clz.o(x$fpl$dadd)
    __aeabi_dmul                             0x08005361   Thumb Code     0  dmul.o(x$fpl$dmul)
    _dmul                                    0x08005361   Thumb Code   332  dmul.o(x$fpl$dmul)
    __fpl_dnaninf                            0x080054b5   Thumb Code   156  dnaninf.o(x$fpl$dnaninf)
    __fpl_dretinf                            0x08005551   Thumb Code    12  dretinf.o(x$fpl$dretinf)
    __aeabi_drsub                            0x0800555d   Thumb Code     0  daddsub_clz.o(x$fpl$drsb)
    _drsb                                    0x0800555d   Thumb Code    22  daddsub_clz.o(x$fpl$drsb)
    __aeabi_dsub                             0x08005575   Thumb Code     0  daddsub_clz.o(x$fpl$dsub)
    _dsub                                    0x08005575   Thumb Code   464  daddsub_clz.o(x$fpl$dsub)
    __aeabi_f2d                              0x08005749   Thumb Code     0  f2d.o(x$fpl$f2d)
    _f2d                                     0x08005749   Thumb Code    86  f2d.o(x$fpl$f2d)
    __aeabi_fadd                             0x080057a1   Thumb Code     0  faddsub_clz.o(x$fpl$fadd)
    _fadd                                    0x080057a1   Thumb Code   196  faddsub_clz.o(x$fpl$fadd)
    __fpl_fcmp_Inf                           0x08005865   Thumb Code    24  fcmpi.o(x$fpl$fcmpinf)
    __aeabi_f2iz                             0x0800587d   Thumb Code     0  ffix.o(x$fpl$ffix)
    _ffix                                    0x0800587d   Thumb Code    54  ffix.o(x$fpl$ffix)
    __aeabi_i2f                              0x080058b5   Thumb Code     0  fflt_clz.o(x$fpl$fflt)
    _fflt                                    0x080058b5   Thumb Code    48  fflt_clz.o(x$fpl$fflt)
    __aeabi_ui2f                             0x080058e5   Thumb Code     0  fflt_clz.o(x$fpl$ffltu)
    _ffltu                                   0x080058e5   Thumb Code    38  fflt_clz.o(x$fpl$ffltu)
    __aeabi_cfcmple                          0x0800590d   Thumb Code     0  fleqf.o(x$fpl$fleqf)
    _fcmple                                  0x0800590d   Thumb Code   104  fleqf.o(x$fpl$fleqf)
    __fpl_fcmple_InfNaN                      0x0800595f   Thumb Code     0  fleqf.o(x$fpl$fleqf)
    __aeabi_fmul                             0x08005975   Thumb Code     0  fmul.o(x$fpl$fmul)
    _fmul                                    0x08005975   Thumb Code   258  fmul.o(x$fpl$fmul)
    __fpl_fnaninf                            0x08005a77   Thumb Code   140  fnaninf.o(x$fpl$fnaninf)
    __fpl_fretinf                            0x08005b03   Thumb Code    10  fretinf.o(x$fpl$fretinf)
    __aeabi_cfrcmple                         0x08005b0d   Thumb Code     0  frleqf.o(x$fpl$frleqf)
    _frcmple                                 0x08005b0d   Thumb Code    98  frleqf.o(x$fpl$frleqf)
    __aeabi_frsub                            0x08005b6f   Thumb Code     0  faddsub_clz.o(x$fpl$frsb)
    _frsb                                    0x08005b6f   Thumb Code    20  faddsub_clz.o(x$fpl$frsb)
    __aeabi_fsub                             0x08005b85   Thumb Code     0  faddsub_clz.o(x$fpl$fsub)
    _fsub                                    0x08005b85   Thumb Code   234  faddsub_clz.o(x$fpl$fsub)
    _printf_fp_dec                           0x08005c6f   Thumb Code     4  printf1.o(x$fpl$printf1)
    _printf_fp_hex                           0x08005c73   Thumb Code     4  printf2.o(x$fpl$printf2)
    __I$use$fp                               0x08005c76   Number         0  usenofp.o(x$fpl$usenofp)
    asc2_1206                                0x08005c76   Data        1140  oled.o(.constdata)
    asc2_1608                                0x080060ea   Data        1520  oled.o(.constdata)
    asc2_2412                                0x080066da   Data        3420  oled.o(.constdata)
    Region$$Table$$Base                      0x08007534   Number         0  anon$$obj.o(Region$$Table)
    Region$$Table$$Limit                     0x08007554   Number         0  anon$$obj.o(Region$$Table)
    __ctype                                  0x0800757d   Data           0  lc_ctype_c.o(locale$$data)
    mypid                                    0x20000000   Data          24  main.o(.data)
    adcx                                     0x20000018   Data           2  main.o(.data)
    pwmpulse                                 0x2000001c   Data           4  main.o(.data)
    temp                                     0x20000020   Data           4  main.o(.data)
    angle                                    0x20000024   Data           4  main.o(.data)
    angle1                                   0x20000028   Data           4  main.o(.data)
    voltage                                  0x2000002c   Data           4  main.o(.data)
    ZHONGZHI                                 0x20000030   Data           4  main.o(.data)
    Balance_KP                               0x20000034   Data           4  main.o(.data)
    Balance_KD                               0x20000038   Data           4  main.o(.data)
    SystemCoreClock                          0x20000044   Data           4  system_stm32f10x.o(.data)
    AHBPrescTable                            0x20000048   Data          16  system_stm32f10x.o(.data)
    USART3_RX_STA                            0x2000005c   Data           2  usart.o(.data)
    oledBuf                                  0x20000074   Data          20  main.o(.bss)
    OLED_GRAM                                0x20000088   Data        1152  oled.o(.bss)
    USART3_RX_BUF                            0x20000508   Data          60  usart.o(.bss)
    USART3_TX_BUF                            0x20000544   Data         600  usart.o(.bss)
    __libspace_start                         0x2000079c   Data          96  libspace.o(.bss)
    __temporary_stack_top$libspace           0x200007fc   Data           0  libspace.o(.bss)



==============================================================================

Memory Map of the image

  Image Entry point : 0x08000131

  Load Region LR_IROM1 (Base: 0x08000000, Size: 0x000076f4, Max: 0x00010000, ABSOLUTE)

    Execution Region ER_IROM1 (Exec base: 0x08000000, Load base: 0x08000000, Size: 0x00007680, Max: 0x00010000, ABSOLUTE)

    Exec Addr    Load Addr    Size         Type   Attr      Idx    E Section Name        Object

    0x08000000   0x08000000   0x00000130   Data   RO          444    RESET               startup_stm32f10x_hd.o
    0x08000130   0x08000130   0x00000008   Code   RO          608  * !!!main             c_w.l(__main.o)
    0x08000138   0x08000138   0x00000034   Code   RO          946    !!!scatter          c_w.l(__scatter.o)
    0x0800016c   0x0800016c   0x0000001a   Code   RO          948    !!handler_copy      c_w.l(__scatter_copy.o)
    0x08000186   0x08000186   0x00000002   PAD
    0x08000188   0x08000188   0x0000001c   Code   RO          950    !!handler_zi        c_w.l(__scatter_zi.o)
    0x080001a4   0x080001a4   0x00000000   Code   RO          599    .ARM.Collect$$_printf_percent$$00000000  c_w.l(_printf_percent.o)
    0x080001a4   0x080001a4   0x00000006   Code   RO          692    .ARM.Collect$$_printf_percent$$00000001  c_w.l(_printf_n.o)
    0x080001aa   0x080001aa   0x00000006   Code   RO          694    .ARM.Collect$$_printf_percent$$00000002  c_w.l(_printf_p.o)
    0x080001b0   0x080001b0   0x00000006   Code   RO          698    .ARM.Collect$$_printf_percent$$00000003  c_w.l(_printf_f.o)
    0x080001b6   0x080001b6   0x00000006   Code   RO          699    .ARM.Collect$$_printf_percent$$00000004  c_w.l(_printf_e.o)
    0x080001bc   0x080001bc   0x00000006   Code   RO          700    .ARM.Collect$$_printf_percent$$00000005  c_w.l(_printf_g.o)
    0x080001c2   0x080001c2   0x00000006   Code   RO          701    .ARM.Collect$$_printf_percent$$00000006  c_w.l(_printf_a.o)
    0x080001c8   0x080001c8   0x0000000a   Code   RO          706    .ARM.Collect$$_printf_percent$$00000007  c_w.l(_printf_ll.o)
    0x080001d2   0x080001d2   0x00000006   Code   RO          696    .ARM.Collect$$_printf_percent$$00000008  c_w.l(_printf_i.o)
    0x080001d8   0x080001d8   0x00000006   Code   RO          598    .ARM.Collect$$_printf_percent$$00000009  c_w.l(_printf_d.o)
    0x080001de   0x080001de   0x00000006   Code   RO          697    .ARM.Collect$$_printf_percent$$0000000A  c_w.l(_printf_u.o)
    0x080001e4   0x080001e4   0x00000006   Code   RO          695    .ARM.Collect$$_printf_percent$$0000000B  c_w.l(_printf_o.o)
    0x080001ea   0x080001ea   0x00000006   Code   RO          693    .ARM.Collect$$_printf_percent$$0000000C  c_w.l(_printf_x.o)
    0x080001f0   0x080001f0   0x00000006   Code   RO          703    .ARM.Collect$$_printf_percent$$0000000D  c_w.l(_printf_lli.o)
    0x080001f6   0x080001f6   0x00000006   Code   RO          704    .ARM.Collect$$_printf_percent$$0000000E  c_w.l(_printf_lld.o)
    0x080001fc   0x080001fc   0x00000006   Code   RO          705    .ARM.Collect$$_printf_percent$$0000000F  c_w.l(_printf_llu.o)
    0x08000202   0x08000202   0x00000006   Code   RO          710    .ARM.Collect$$_printf_percent$$00000010  c_w.l(_printf_llo.o)
    0x08000208   0x08000208   0x00000006   Code   RO          711    .ARM.Collect$$_printf_percent$$00000011  c_w.l(_printf_llx.o)
    0x0800020e   0x0800020e   0x0000000a   Code   RO          707    .ARM.Collect$$_printf_percent$$00000012  c_w.l(_printf_l.o)
    0x08000218   0x08000218   0x00000006   Code   RO          691    .ARM.Collect$$_printf_percent$$00000013  c_w.l(_printf_c.o)
    0x0800021e   0x0800021e   0x00000006   Code   RO          597    .ARM.Collect$$_printf_percent$$00000014  c_w.l(_printf_s.o)
    0x08000224   0x08000224   0x00000006   Code   RO          708    .ARM.Collect$$_printf_percent$$00000015  c_w.l(_printf_lc.o)
    0x0800022a   0x0800022a   0x00000006   Code   RO          709    .ARM.Collect$$_printf_percent$$00000016  c_w.l(_printf_ls.o)
    0x08000230   0x08000230   0x00000004   Code   RO          702    .ARM.Collect$$_printf_percent$$00000017  c_w.l(_printf_percent_end.o)
    0x08000234   0x08000234   0x00000002   Code   RO          807    .ARM.Collect$$libinit$$00000000  c_w.l(libinit.o)
    0x08000236   0x08000236   0x00000000   Code   RO          823    .ARM.Collect$$libinit$$00000002  c_w.l(libinit2.o)
    0x08000236   0x08000236   0x00000000   Code   RO          825    .ARM.Collect$$libinit$$00000004  c_w.l(libinit2.o)
    0x08000236   0x08000236   0x00000000   Code   RO          828    .ARM.Collect$$libinit$$0000000A  c_w.l(libinit2.o)
    0x08000236   0x08000236   0x00000000   Code   RO          830    .ARM.Collect$$libinit$$0000000C  c_w.l(libinit2.o)
    0x08000236   0x08000236   0x00000000   Code   RO          832    .ARM.Collect$$libinit$$0000000E  c_w.l(libinit2.o)
    0x08000236   0x08000236   0x00000006   Code   RO          833    .ARM.Collect$$libinit$$0000000F  c_w.l(libinit2.o)
    0x0800023c   0x0800023c   0x00000000   Code   RO          835    .ARM.Collect$$libinit$$00000011  c_w.l(libinit2.o)
    0x0800023c   0x0800023c   0x0000000c   Code   RO          836    .ARM.Collect$$libinit$$00000012  c_w.l(libinit2.o)
    0x08000248   0x08000248   0x00000000   Code   RO          837    .ARM.Collect$$libinit$$00000013  c_w.l(libinit2.o)
    0x08000248   0x08000248   0x00000000   Code   RO          839    .ARM.Collect$$libinit$$00000015  c_w.l(libinit2.o)
    0x08000248   0x08000248   0x0000000a   Code   RO          840    .ARM.Collect$$libinit$$00000016  c_w.l(libinit2.o)
    0x08000252   0x08000252   0x00000000   Code   RO          841    .ARM.Collect$$libinit$$00000017  c_w.l(libinit2.o)
    0x08000252   0x08000252   0x00000000   Code   RO          843    .ARM.Collect$$libinit$$00000019  c_w.l(libinit2.o)
    0x08000252   0x08000252   0x00000000   Code   RO          845    .ARM.Collect$$libinit$$0000001B  c_w.l(libinit2.o)
    0x08000252   0x08000252   0x00000000   Code   RO          847    .ARM.Collect$$libinit$$0000001D  c_w.l(libinit2.o)
    0x08000252   0x08000252   0x00000000   Code   RO          849    .ARM.Collect$$libinit$$0000001F  c_w.l(libinit2.o)
    0x08000252   0x08000252   0x00000000   Code   RO          851    .ARM.Collect$$libinit$$00000021  c_w.l(libinit2.o)
    0x08000252   0x08000252   0x00000000   Code   RO          853    .ARM.Collect$$libinit$$00000023  c_w.l(libinit2.o)
    0x08000252   0x08000252   0x00000000   Code   RO          855    .ARM.Collect$$libinit$$00000025  c_w.l(libinit2.o)
    0x08000252   0x08000252   0x00000000   Code   RO          859    .ARM.Collect$$libinit$$0000002C  c_w.l(libinit2.o)
    0x08000252   0x08000252   0x00000000   Code   RO          861    .ARM.Collect$$libinit$$0000002E  c_w.l(libinit2.o)
    0x08000252   0x08000252   0x00000000   Code   RO          863    .ARM.Collect$$libinit$$00000030  c_w.l(libinit2.o)
    0x08000252   0x08000252   0x00000000   Code   RO          865    .ARM.Collect$$libinit$$00000032  c_w.l(libinit2.o)
    0x08000252   0x08000252   0x00000002   Code   RO          866    .ARM.Collect$$libinit$$00000033  c_w.l(libinit2.o)
    0x08000254   0x08000254   0x00000002   Code   RO          886    .ARM.Collect$$libshutdown$$00000000  c_w.l(libshutdown.o)
    0x08000256   0x08000256   0x00000000   Code   RO          899    .ARM.Collect$$libshutdown$$00000002  c_w.l(libshutdown2.o)
    0x08000256   0x08000256   0x00000000   Code   RO          901    .ARM.Collect$$libshutdown$$00000004  c_w.l(libshutdown2.o)
    0x08000256   0x08000256   0x00000000   Code   RO          904    .ARM.Collect$$libshutdown$$00000007  c_w.l(libshutdown2.o)
    0x08000256   0x08000256   0x00000000   Code   RO          907    .ARM.Collect$$libshutdown$$0000000A  c_w.l(libshutdown2.o)
    0x08000256   0x08000256   0x00000000   Code   RO          909    .ARM.Collect$$libshutdown$$0000000C  c_w.l(libshutdown2.o)
    0x08000256   0x08000256   0x00000000   Code   RO          912    .ARM.Collect$$libshutdown$$0000000F  c_w.l(libshutdown2.o)
    0x08000256   0x08000256   0x00000002   Code   RO          913    .ARM.Collect$$libshutdown$$00000010  c_w.l(libshutdown2.o)
    0x08000258   0x08000258   0x00000000   Code   RO          644    .ARM.Collect$$rtentry$$00000000  c_w.l(__rtentry.o)
    0x08000258   0x08000258   0x00000000   Code   RO          734    .ARM.Collect$$rtentry$$00000002  c_w.l(__rtentry2.o)
    0x08000258   0x08000258   0x00000006   Code   RO          746    .ARM.Collect$$rtentry$$00000004  c_w.l(__rtentry4.o)
    0x0800025e   0x0800025e   0x00000000   Code   RO          736    .ARM.Collect$$rtentry$$00000009  c_w.l(__rtentry2.o)
    0x0800025e   0x0800025e   0x00000004   Code   RO          737    .ARM.Collect$$rtentry$$0000000A  c_w.l(__rtentry2.o)
    0x08000262   0x08000262   0x00000000   Code   RO          739    .ARM.Collect$$rtentry$$0000000C  c_w.l(__rtentry2.o)
    0x08000262   0x08000262   0x00000008   Code   RO          740    .ARM.Collect$$rtentry$$0000000D  c_w.l(__rtentry2.o)
    0x0800026a   0x0800026a   0x00000002   Code   RO          815    .ARM.Collect$$rtexit$$00000000  c_w.l(rtexit.o)
    0x0800026c   0x0800026c   0x00000000   Code   RO          868    .ARM.Collect$$rtexit$$00000002  c_w.l(rtexit2.o)
    0x0800026c   0x0800026c   0x00000004   Code   RO          869    .ARM.Collect$$rtexit$$00000003  c_w.l(rtexit2.o)
    0x08000270   0x08000270   0x00000006   Code   RO          870    .ARM.Collect$$rtexit$$00000004  c_w.l(rtexit2.o)
    0x08000276   0x08000276   0x00000002   PAD
    0x08000278   0x08000278   0x00000204   Code   RO            1    .text               main.o
    0x0800047c   0x0800047c   0x0000001a   Code   RO          148    .text               stm32f10x_it.o
    0x08000496   0x08000496   0x00000002   PAD
    0x08000498   0x08000498   0x000001e0   Code   RO          189    .text               system_stm32f10x.o
    0x08000678   0x08000678   0x00000664   Code   RO          207    .text               oled.o
    0x08000cdc   0x08000cdc   0x00000074   Code   RO          230    .text               key.o
    0x08000d50   0x08000d50   0x00000034   Code   RO          242    .text               led.o
    0x08000d84   0x08000d84   0x00000328   Code   RO          310    .text               exti.o
    0x080010ac   0x080010ac   0x000000dc   Code   RO          323    .text               pwm.o
    0x08001188   0x08001188   0x00000220   Code   RO          335    .text               timer.o
    0x080013a8   0x080013a8   0x000000d4   Code   RO          352    .text               delay.o
    0x0800147c   0x0800147c   0x000000f0   Code   RO          397    .text               adc.o
    0x0800156c   0x0800156c   0x000002fc   Code   RO          409    .text               usart.o
    0x08001868   0x08001868   0x00000040   Code   RO          445    .text               startup_stm32f10x_hd.o
    0x080018a8   0x080018a8   0x0000035c   Code   RO          449    .text               stm32f10x_gpio.o
    0x08001c04   0x08001c04   0x000003a4   Code   RO          461    .text               stm32f10x_rcc.o
    0x08001fa8   0x08001fa8   0x00000408   Code   RO          475    .text               stm32f10x_usart.o
    0x080023b0   0x080023b0   0x000000dc   Code   RO          487    .text               misc.o
    0x0800248c   0x0800248c   0x00000e1a   Code   RO          499    .text               stm32f10x_tim.o
    0x080032a6   0x080032a6   0x00000002   PAD
    0x080032a8   0x080032a8   0x0000011c   Code   RO          511    .text               stm32f10x_exti.o
    0x080033c4   0x080033c4   0x0000044e   Code   RO          535    .text               stm32f10x_adc.o
    0x08003812   0x08003812   0x00000002   PAD
    0x08003814   0x08003814   0x00000024   Code   RO          561    .text               c_w.l(vsprintf.o)
    0x08003838   0x08003838   0x00000034   Code   RO          563    .text               c_w.l(vsnprintf.o)
    0x0800386c   0x0800386c   0x0000002c   Code   RO          565    .text               c_w.l(__2sprintf.o)
    0x08003898   0x08003898   0x0000004e   Code   RO          571    .text               c_w.l(_printf_pad.o)
    0x080038e6   0x080038e6   0x00000052   Code   RO          573    .text               c_w.l(_printf_str.o)
    0x08003938   0x08003938   0x00000078   Code   RO          575    .text               c_w.l(_printf_dec.o)
    0x080039b0   0x080039b0   0x00000188   Code   RO          594    .text               c_w.l(__printf_flags_ss_wp.o)
    0x08003b38   0x08003b38   0x0000003e   Code   RO          602    .text               c_w.l(strlen.o)
    0x08003b76   0x08003b76   0x00000006   Code   RO          606    .text               c_w.l(heapauxi.o)
    0x08003b7c   0x08003b7c   0x00000024   Code   RO          645    .text               c_w.l(_printf_truncate.o)
    0x08003ba0   0x08003ba0   0x000000b2   Code   RO          647    .text               c_w.l(_printf_intcommon.o)
    0x08003c52   0x08003c52   0x00000028   Code   RO          649    .text               c_w.l(_printf_charcount.o)
    0x08003c7a   0x08003c7a   0x00000002   PAD
    0x08003c7c   0x08003c7c   0x00000030   Code   RO          651    .text               c_w.l(_printf_char_common.o)
    0x08003cac   0x08003cac   0x0000000a   Code   RO          653    .text               c_w.l(_sputc.o)
    0x08003cb6   0x08003cb6   0x00000010   Code   RO          655    .text               c_w.l(_snputc.o)
    0x08003cc6   0x08003cc6   0x0000002c   Code   RO          657    .text               c_w.l(_printf_char.o)
    0x08003cf2   0x08003cf2   0x00000002   PAD
    0x08003cf4   0x08003cf4   0x000000bc   Code   RO          659    .text               c_w.l(_printf_wctomb.o)
    0x08003db0   0x08003db0   0x0000007c   Code   RO          662    .text               c_w.l(_printf_longlong_dec.o)
    0x08003e2c   0x08003e2c   0x00000070   Code   RO          668    .text               c_w.l(_printf_oct_int_ll.o)
    0x08003e9c   0x08003e9c   0x00000094   Code   RO          688    .text               c_w.l(_printf_hex_int_ll_ptr.o)
    0x08003f30   0x08003f30   0x0000008a   Code   RO          748    .text               c_w.l(lludiv10.o)
    0x08003fba   0x08003fba   0x0000041a   Code   RO          750    .text               c_w.l(_printf_fp_dec.o)
    0x080043d4   0x080043d4   0x000002fc   Code   RO          752    .text               c_w.l(_printf_fp_hex.o)
    0x080046d0   0x080046d0   0x0000002c   Code   RO          757    .text               c_w.l(_printf_wchar.o)
    0x080046fc   0x080046fc   0x00000040   Code   RO          759    .text               c_w.l(_wcrtomb.o)
    0x0800473c   0x0800473c   0x0000004a   Code   RO          761    .text               c_w.l(sys_stackheap_outer.o)
    0x08004786   0x08004786   0x00000002   PAD
    0x08004788   0x08004788   0x00000010   Code   RO          763    .text               c_w.l(rt_ctype_table.o)
    0x08004798   0x08004798   0x00000008   Code   RO          768    .text               c_w.l(rt_locale_intlibspace.o)
    0x080047a0   0x080047a0   0x00000080   Code   RO          770    .text               c_w.l(_printf_fp_infnan.o)
    0x08004820   0x08004820   0x000000dc   Code   RO          772    .text               c_w.l(bigflt0.o)
    0x080048fc   0x080048fc   0x00000012   Code   RO          800    .text               c_w.l(exit.o)
    0x0800490e   0x0800490e   0x00000002   PAD
    0x08004910   0x08004910   0x00000008   Code   RO          812    .text               c_w.l(libspace.o)
    0x08004918   0x08004918   0x00000080   Code   RO          820    .text               c_w.l(strcmpv7m.o)
    0x08004998   0x08004998   0x0000000c   Code   RO          878    .text               c_w.l(sys_exit.o)
    0x080049a4   0x080049a4   0x00000002   Code   RO          889    .text               c_w.l(use_no_semi.o)
    0x080049a6   0x080049a6   0x00000000   Code   RO          891    .text               c_w.l(indicate_semi.o)
    0x080049a6   0x080049a6   0x0000003e   Code   RO          775    CL$$btod_d2e        c_w.l(btod.o)
    0x080049e4   0x080049e4   0x00000046   Code   RO          777    CL$$btod_d2e_denorm_low  c_w.l(btod.o)
    0x08004a2a   0x08004a2a   0x00000060   Code   RO          776    CL$$btod_d2e_norm_op1  c_w.l(btod.o)
    0x08004a8a   0x08004a8a   0x00000338   Code   RO          785    CL$$btod_div_common  c_w.l(btod.o)
    0x08004dc2   0x08004dc2   0x000000c6   Code   RO          782    CL$$btod_e2e        c_w.l(btod.o)
    0x08004e88   0x08004e88   0x00000028   Code   RO          779    CL$$btod_ediv       c_w.l(btod.o)
    0x08004eb0   0x08004eb0   0x00000028   Code   RO          778    CL$$btod_emul       c_w.l(btod.o)
    0x08004ed8   0x08004ed8   0x00000244   Code   RO          784    CL$$btod_mult_common  c_w.l(btod.o)
    0x0800511c   0x0800511c   0x00000028   Code   RO          810    i.__ARM_fpclassify  m_ws.l(fpclassify.o)
    0x08005144   0x08005144   0x0000000e   Code   RO          587    i._is_digit         c_w.l(__printf_wp.o)
    0x08005152   0x08005152   0x00000002   PAD
    0x08005154   0x08005154   0x0000002c   Code   RO          798    locale$$code        c_w.l(lc_numeric_c.o)
    0x08005180   0x08005180   0x0000002c   Code   RO          818    locale$$code        c_w.l(lc_ctype_c.o)
    0x080051ac   0x080051ac   0x00000062   Code   RO          610    x$fpl$d2f           fz_ws.l(d2f.o)
    0x0800520e   0x0800520e   0x00000002   PAD
    0x08005210   0x08005210   0x00000150   Code   RO          612    x$fpl$dadd          fz_ws.l(daddsub_clz.o)
    0x08005360   0x08005360   0x00000154   Code   RO          618    x$fpl$dmul          fz_ws.l(dmul.o)
    0x080054b4   0x080054b4   0x0000009c   Code   RO          714    x$fpl$dnaninf       fz_ws.l(dnaninf.o)
    0x08005550   0x08005550   0x0000000c   Code   RO          716    x$fpl$dretinf       fz_ws.l(dretinf.o)
    0x0800555c   0x0800555c   0x00000016   Code   RO          613    x$fpl$drsb          fz_ws.l(daddsub_clz.o)
    0x08005572   0x08005572   0x00000002   PAD
    0x08005574   0x08005574   0x000001d4   Code   RO          614    x$fpl$dsub          fz_ws.l(daddsub_clz.o)
    0x08005748   0x08005748   0x00000056   Code   RO          620    x$fpl$f2d           fz_ws.l(f2d.o)
    0x0800579e   0x0800579e   0x00000002   PAD
    0x080057a0   0x080057a0   0x000000c4   Code   RO          622    x$fpl$fadd          fz_ws.l(faddsub_clz.o)
    0x08005864   0x08005864   0x00000018   Code   RO          718    x$fpl$fcmpinf       fz_ws.l(fcmpi.o)
    0x0800587c   0x0800587c   0x00000036   Code   RO          628    x$fpl$ffix          fz_ws.l(ffix.o)
    0x080058b2   0x080058b2   0x00000002   PAD
    0x080058b4   0x080058b4   0x00000030   Code   RO          633    x$fpl$fflt          fz_ws.l(fflt_clz.o)
    0x080058e4   0x080058e4   0x00000026   Code   RO          632    x$fpl$ffltu         fz_ws.l(fflt_clz.o)
    0x0800590a   0x0800590a   0x00000002   PAD
    0x0800590c   0x0800590c   0x00000068   Code   RO          638    x$fpl$fleqf         fz_ws.l(fleqf.o)
    0x08005974   0x08005974   0x00000102   Code   RO          640    x$fpl$fmul          fz_ws.l(fmul.o)
    0x08005a76   0x08005a76   0x0000008c   Code   RO          720    x$fpl$fnaninf       fz_ws.l(fnaninf.o)
    0x08005b02   0x08005b02   0x0000000a   Code   RO          722    x$fpl$fretinf       fz_ws.l(fretinf.o)
    0x08005b0c   0x08005b0c   0x00000062   Code   RO          642    x$fpl$frleqf        fz_ws.l(frleqf.o)
    0x08005b6e   0x08005b6e   0x00000014   Code   RO          623    x$fpl$frsb          fz_ws.l(faddsub_clz.o)
    0x08005b82   0x08005b82   0x00000002   PAD
    0x08005b84   0x08005b84   0x000000ea   Code   RO          624    x$fpl$fsub          fz_ws.l(faddsub_clz.o)
    0x08005c6e   0x08005c6e   0x00000004   Code   RO          724    x$fpl$printf1       fz_ws.l(printf1.o)
    0x08005c72   0x08005c72   0x00000004   Code   RO          726    x$fpl$printf2       fz_ws.l(printf2.o)
    0x08005c76   0x08005c76   0x00000000   Code   RO          732    x$fpl$usenofp       fz_ws.l(usenofp.o)
    0x08005c76   0x08005c76   0x000017c0   Data   RO          209    .constdata          oled.o
    0x08007436   0x08007436   0x00000011   Data   RO          595    .constdata          c_w.l(__printf_flags_ss_wp.o)
    0x08007447   0x08007447   0x00000001   PAD
    0x08007448   0x08007448   0x00000008   Data   RO          660    .constdata          c_w.l(_printf_wctomb.o)
    0x08007450   0x08007450   0x00000028   Data   RO          689    .constdata          c_w.l(_printf_hex_int_ll_ptr.o)
    0x08007478   0x08007478   0x00000026   Data   RO          753    .constdata          c_w.l(_printf_fp_hex.o)
    0x0800749e   0x0800749e   0x00000002   PAD
    0x080074a0   0x080074a0   0x00000094   Data   RO          773    .constdata          c_w.l(bigflt0.o)
    0x08007534   0x08007534   0x00000020   Data   RO          944    Region$$Table       anon$$obj.o
    0x08007554   0x08007554   0x0000001c   Data   RO          797    locale$$data        c_w.l(lc_numeric_c.o)
    0x08007570   0x08007570   0x00000110   Data   RO          817    locale$$data        c_w.l(lc_ctype_c.o)


    Execution Region RW_IRAM1 (Exec base: 0x20000000, Load base: 0x08007680, Size: 0x00000e00, Max: 0x00005000, ABSOLUTE)

    Exec Addr    Load Addr    Size         Type   Attr      Idx    E Section Name        Object

    0x20000000   0x08007680   0x00000044   Data   RW            3    .data               main.o
    0x20000044   0x080076c4   0x00000014   Data   RW          190    .data               system_stm32f10x.o
    0x20000058   0x080076d8   0x00000004   Data   RW          353    .data               delay.o
    0x2000005c   0x080076dc   0x00000002   Data   RW          411    .data               usart.o
    0x2000005e   0x080076de   0x00000014   Data   RW          462    .data               stm32f10x_rcc.o
    0x20000072   0x080076f2   0x00000002   PAD
    0x20000074        -       0x00000014   Zero   RW            2    .bss                main.o
    0x20000088        -       0x00000480   Zero   RW          208    .bss                oled.o
    0x20000508        -       0x00000294   Zero   RW          410    .bss                usart.o
    0x2000079c        -       0x00000060   Zero   RW          813    .bss                c_w.l(libspace.o)
    0x200007fc   0x080076f2   0x00000004   PAD
    0x20000800        -       0x00000200   Zero   RW          443    HEAP                startup_stm32f10x_hd.o
    0x20000a00        -       0x00000400   Zero   RW          442    STACK               startup_stm32f10x_hd.o


==============================================================================

Image component sizes


      Code (inc. data)   RO Data    RW Data    ZI Data      Debug   Object Name

       240         10          0          0          0       1099   adc.o
       212         18          0          4          0        979   delay.o
       808         18          0          0          0       1463   exti.o
       116          4          0          0          0        507   key.o
        52          6          0          0          0        447   led.o
       516        108          0         68         20     264649   main.o
       220         22          0          0          0       1737   misc.o
      1636         28       6080          0       1152       6896   oled.o
       220         12          0          0          0        871   pwm.o
        64         26        304          0       1536        768   startup_stm32f10x_hd.o
      1102         26          0          0          0      10977   stm32f10x_adc.o
       284         10          0          0          0       2191   stm32f10x_exti.o
       860         38          0          0          0       5669   stm32f10x_gpio.o
        26          0          0          0          0       1146   stm32f10x_it.o
       932         36          0         20          0       8812   stm32f10x_rcc.o
      3610         88          0          0          0      22776   stm32f10x_tim.o
      1032         22          0          0          0       8392   stm32f10x_usart.o
         0          0          0          0          0         32   sys.o
       480         38          0         20          0       1643   system_stm32f10x.o
       544         64          0          0          0       1194   timer.o
       764         30          0          2        660       4067   usart.o

    ----------------------------------------------------------------------
     13724        604       6416        116       3368     346315   Object Totals
         0          0         32          0          0          0   (incl. Generated)
         6          0          0          2          0          0   (incl. Padding)

    ----------------------------------------------------------------------

      Code (inc. data)   RO Data    RW Data    ZI Data      Debug   Library Member Name

        44          6          0          0          0         84   __2sprintf.o
         8          0          0          0          0         68   __main.o
       392          4         17          0          0         92   __printf_flags_ss_wp.o
        14          0          0          0          0         68   __printf_wp.o
         0          0          0          0          0          0   __rtentry.o
        12          0          0          0          0          0   __rtentry2.o
         6          0          0          0          0          0   __rtentry4.o
        52          8          0          0          0          0   __scatter.o
        26          0          0          0          0          0   __scatter_copy.o
        28          0          0          0          0          0   __scatter_zi.o
         6          0          0          0          0          0   _printf_a.o
         6          0          0          0          0          0   _printf_c.o
        44          0          0          0          0        108   _printf_char.o
        48          6          0          0          0         96   _printf_char_common.o
        40          0          0          0          0         68   _printf_charcount.o
         6          0          0          0          0          0   _printf_d.o
       120         16          0          0          0         92   _printf_dec.o
         6          0          0          0          0          0   _printf_e.o
         6          0          0          0          0          0   _printf_f.o
      1050          0          0          0          0        216   _printf_fp_dec.o
       764         10         38          0          0        100   _printf_fp_hex.o
       128         16          0          0          0         84   _printf_fp_infnan.o
         6          0          0          0          0          0   _printf_g.o
       148          4         40          0          0        160   _printf_hex_int_ll_ptr.o
         6          0          0          0          0          0   _printf_i.o
       178          0          0          0          0         88   _printf_intcommon.o
        10          0          0          0          0          0   _printf_l.o
         6          0          0          0          0          0   _printf_lc.o
        10          0          0          0          0          0   _printf_ll.o
         6          0          0          0          0          0   _printf_lld.o
         6          0          0          0          0          0   _printf_lli.o
         6          0          0          0          0          0   _printf_llo.o
         6          0          0          0          0          0   _printf_llu.o
         6          0          0          0          0          0   _printf_llx.o
       124         16          0          0          0         92   _printf_longlong_dec.o
         6          0          0          0          0          0   _printf_ls.o
         6          0          0          0          0          0   _printf_n.o
         6          0          0          0          0          0   _printf_o.o
       112          8          0          0          0        124   _printf_oct_int_ll.o
         6          0          0          0          0          0   _printf_p.o
        78          0          0          0          0        108   _printf_pad.o
         0          0          0          0          0          0   _printf_percent.o
         4          0          0          0          0          0   _printf_percent_end.o
         6          0          0          0          0          0   _printf_s.o
        82          0          0          0          0         80   _printf_str.o
        36          0          0          0          0         84   _printf_truncate.o
         6          0          0          0          0          0   _printf_u.o
        44          0          0          0          0        108   _printf_wchar.o
       188          6          8          0          0         92   _printf_wctomb.o
         6          0          0          0          0          0   _printf_x.o
        16          0          0          0          0         68   _snputc.o
        10          0          0          0          0         68   _sputc.o
        64          0          0          0          0         92   _wcrtomb.o
       220          4        148          0          0         96   bigflt0.o
      1910        128          0          0          0        672   btod.o
        18          0          0          0          0         80   exit.o
         6          0          0          0          0        152   heapauxi.o
         0          0          0          0          0          0   indicate_semi.o
        44         10        272          0          0         76   lc_ctype_c.o
        44         10         28          0          0         76   lc_numeric_c.o
         2          0          0          0          0          0   libinit.o
        30          0          0          0          0          0   libinit2.o
         2          0          0          0          0          0   libshutdown.o
         2          0          0          0          0          0   libshutdown2.o
         8          4          0          0         96         68   libspace.o
       138          0          0          0          0         80   lludiv10.o
        16          4          0          0          0         76   rt_ctype_table.o
         8          4          0          0          0         68   rt_locale_intlibspace.o
         2          0          0          0          0          0   rtexit.o
        10          0          0          0          0          0   rtexit2.o
       128          0          0          0          0         68   strcmpv7m.o
        62          0          0          0          0         76   strlen.o
        12          4          0          0          0         68   sys_exit.o
        74          0          0          0          0         80   sys_stackheap_outer.o
         2          0          0          0          0         68   use_no_semi.o
        52          4          0          0          0         80   vsnprintf.o
        36          4          0          0          0         76   vsprintf.o
        98          4          0          0          0         92   d2f.o
       826         16          0          0          0        348   daddsub_clz.o
       340         12          0          0          0        104   dmul.o
       156          4          0          0          0         92   dnaninf.o
        12          0          0          0          0         68   dretinf.o
        86          4          0          0          0         84   f2d.o
       450          8          0          0          0        236   faddsub_clz.o
        24          0          0          0          0         68   fcmpi.o
        54          4          0          0          0         84   ffix.o
        86          0          0          0          0        136   fflt_clz.o
       104          4          0          0          0         84   fleqf.o
       258          4          0          0          0         84   fmul.o
       140          4          0          0          0         84   fnaninf.o
        10          0          0          0          0         68   fretinf.o
        98          0          0          0          0         68   frleqf.o
         4          0          0          0          0         68   printf1.o
         4          0          0          0          0         68   printf2.o
         0          0          0          0          0          0   usenofp.o
        40          0          0          0          0         68   fpclassify.o

    ----------------------------------------------------------------------
      9642        340        554          0        100       6104   Library Totals
        26          0          3          0          4          0   (incl. Padding)

    ----------------------------------------------------------------------

      Code (inc. data)   RO Data    RW Data    ZI Data      Debug   Library Name

      6826        276        551          0         96       4200   c_w.l
      2750         64          0          0          0       1836   fz_ws.l
        40          0          0          0          0         68   m_ws.l

    ----------------------------------------------------------------------
      9642        340        554          0        100       6104   Library Totals

    ----------------------------------------------------------------------

==============================================================================


      Code (inc. data)   RO Data    RW Data    ZI Data      Debug   

     23366        944       6970        116       3468     347371   Grand Totals
     23366        944       6970        116       3468     347371   ELF Image Totals
     23366        944       6970        116          0          0   ROM Totals

==============================================================================

    Total RO  Size (Code + RO Data)                30336 (  29.63kB)
    Total RW  Size (RW Data + ZI Data)              3584 (   3.50kB)
    Total ROM Size (Code + RO Data + RW Data)      30452 (  29.74kB)

==============================================================================

