Component: ARM Compiler 5.06 update 6 (build 750) Tool: armlink [4d35ed]

==============================================================================

Section Cross References

    main.o(.text) refers to delay.o(.text) for delay_init
    main.o(.text) refers to usart.o(.text) for Usart1_Init
    main.o(.text) refers to led.o(.text) for LED_Init
    main.o(.text) refers to timer.o(.text) for TIM3_Int_Init
    main.o(.text) refers to misc.o(.text) for NVIC_PriorityGroupConfig
    main.o(.text) refers to key.o(.text) for KEY_Init
    main.o(.text) refers to exti.o(.text) for EXTIX_Init
    main.o(.text) refers to oled.o(.text) for OLED_Init
    main.o(.text) refers to __2sprintf.o(.text) for __2sprintf
    main.o(.text) refers to pwm.o(.text) for L298N_Init
    main.o(.text) refers to stm32f10x_gpio.o(.text) for GPIO_ResetBits
    main.o(.text) refers to adc.o(.text) for Adc_Init
    main.o(.text) refers to fflt_clz.o(x$fpl$ffltu) for __aeabi_ui2f
    main.o(.text) refers to f2d.o(x$fpl$f2d) for __aeabi_f2d
    main.o(.text) refers to dmul.o(x$fpl$dmul) for __aeabi_dmul
    main.o(.text) refers to d2f.o(x$fpl$d2f) for __aeabi_d2f
    main.o(.text) refers to pid.o(.text) for Position_PID
    main.o(.text) refers to stm32f10x_tim.o(.text) for TIM_SetCompare3
    main.o(.text) refers to main.o(.bss) for oledBuf
    main.o(.text) refers to main.o(.data) for adcx
    system_stm32f10x.o(.text) refers to system_stm32f10x.o(.data) for SystemCoreClock
    oled.o(.text) refers to stm32f10x_gpio.o(.text) for GPIO_SetBits
    oled.o(.text) refers to oled.o(.bss) for OLED_GRAM
    oled.o(.text) refers to oled.o(.constdata) for asc2_1206
    oled.o(.text) refers to stm32f10x_rcc.o(.text) for RCC_APB2PeriphClockCmd
    key.o(.text) refers to stm32f10x_rcc.o(.text) for RCC_APB2PeriphClockCmd
    key.o(.text) refers to stm32f10x_gpio.o(.text) for GPIO_Init
    led.o(.text) refers to stm32f10x_rcc.o(.text) for RCC_APB2PeriphClockCmd
    led.o(.text) refers to stm32f10x_gpio.o(.text) for GPIO_Init
    m5311.o(.text) refers to _printf_percent.o(.ARM.Collect$$_printf_percent$$00000000) for _printf_percent
    m5311.o(.text) refers to _printf_s.o(.ARM.Collect$$_printf_percent$$00000014) for _printf_s
    m5311.o(.text) refers to _printf_str.o(.text) for _printf_str
    m5311.o(.text) refers to rt_memclr.o(.text) for __aeabi_memclr
    m5311.o(.text) refers to strlen.o(.text) for strlen
    m5311.o(.text) refers to usart.o(.text) for Usart_SendString
    m5311.o(.text) refers to strstr.o(.text) for strstr
    m5311.o(.text) refers to delay.o(.text) for delay_ms
    m5311.o(.text) refers to wdg.o(.text) for IWDG_Feed
    m5311.o(.text) refers to __2sprintf.o(.text) for __2sprintf
    m5311.o(.text) refers to m5311.o(.data) for m5311_cnt
    m5311.o(.text) refers to m5311.o(.bss) for m5311_buf
    wdg.o(.text) refers to stm32f10x_iwdg.o(.text) for IWDG_WriteAccessCmd
    exti.o(.text) refers to stm32f10x_rcc.o(.text) for RCC_APB2PeriphClockCmd
    exti.o(.text) refers to key.o(.text) for KEY_Init
    exti.o(.text) refers to stm32f10x_gpio.o(.text) for GPIO_EXTILineConfig
    exti.o(.text) refers to stm32f10x_exti.o(.text) for EXTI_Init
    exti.o(.text) refers to misc.o(.text) for NVIC_Init
    exti.o(.text) refers to delay.o(.text) for delay_ms
    pwm.o(.text) refers to stm32f10x_rcc.o(.text) for RCC_APB2PeriphClockCmd
    pwm.o(.text) refers to stm32f10x_gpio.o(.text) for GPIO_Init
    pwm.o(.text) refers to stm32f10x_tim.o(.text) for TIM_TimeBaseInit
    timer.o(.text) refers to _printf_percent.o(.ARM.Collect$$_printf_percent$$00000000) for _printf_percent
    timer.o(.text) refers to _printf_f.o(.ARM.Collect$$_printf_percent$$00000003) for _printf_f
    timer.o(.text) refers to printf1.o(x$fpl$printf1) for _printf_fp_dec
    timer.o(.text) refers to _printf_d.o(.ARM.Collect$$_printf_percent$$00000009) for _printf_d
    timer.o(.text) refers to _printf_dec.o(.text) for _printf_int_dec
    timer.o(.text) refers to stm32f10x_rcc.o(.text) for RCC_APB1PeriphClockCmd
    timer.o(.text) refers to stm32f10x_tim.o(.text) for TIM_ClearITPendingBit
    timer.o(.text) refers to misc.o(.text) for NVIC_PriorityGroupConfig
    timer.o(.text) refers to __2sprintf.o(.text) for __2sprintf
    timer.o(.text) refers to oled.o(.text) for OLED_ShowString
    timer.o(.text) refers to f2d.o(x$fpl$f2d) for __aeabi_f2d
    timer.o(.text) refers to main.o(.bss) for oledBuf
    timer.o(.text) refers to main.o(.data) for angle
    delay.o(.text) refers to misc.o(.text) for SysTick_CLKSourceConfig
    delay.o(.text) refers to system_stm32f10x.o(.data) for SystemCoreClock
    delay.o(.text) refers to delay.o(.data) for fac_us
    pid.o(.text) refers to faddsub_clz.o(x$fpl$frsb) for __aeabi_frsub
    pid.o(.text) refers to ffix.o(x$fpl$ffix) for __aeabi_f2iz
    pid.o(.text) refers to fflt_clz.o(x$fpl$fflt) for __aeabi_i2f
    pid.o(.text) refers to fmul.o(x$fpl$fmul) for __aeabi_fmul
    pid.o(.text) refers to faddsub_clz.o(x$fpl$fadd) for __aeabi_fadd
[...]
    x$fpl$fmul                               0x08005460   Section      258  fmul.o(x$fpl$fmul)
    x$fpl$fnaninf                            0x08005562   Section      140  fnaninf.o(x$fpl$fnaninf)
    x$fpl$fretinf                            0x080055ee   Section       10  fretinf.o(x$fpl$fretinf)
    x$fpl$frsb                               0x080055f8   Section       20  faddsub_clz.o(x$fpl$frsb)
    x$fpl$fsub                               0x0800560c   Section      234  faddsub_clz.o(x$fpl$fsub)
    _fsub1                                   0x0800561b   Thumb Code     0  faddsub_clz.o(x$fpl$fsub)
    x$fpl$printf1                            0x080056f6   Section        4  printf1.o(x$fpl$printf1)
    x$fpl$printf2                            0x080056fa   Section        4  printf2.o(x$fpl$printf2)
    .constdata                               0x080056fe   Section     6080  oled.o(.constdata)
    x$fpl$usenofp                            0x080056fe   Section        0  usenofp.o(x$fpl$usenofp)
    .constdata                               0x08006ebe   Section       17  __printf_flags_ss_wp.o(.constdata)
    maptable                                 0x08006ebe   Data          17  __printf_flags_ss_wp.o(.constdata)
    .constdata                               0x08006ed0   Section        8  _printf_wctomb.o(.constdata)
    initial_mbstate                          0x08006ed0   Data           8  _printf_wctomb.o(.constdata)
    .constdata                               0x08006ed8   Section       40  _printf_hex_int_ll_ptr.o(.constdata)
    uc_hextab                                0x08006ed8   Data          20  _printf_hex_int_ll_ptr.o(.constdata)
    lc_hextab                                0x08006eec   Data          20  _printf_hex_int_ll_ptr.o(.constdata)
    .constdata                               0x08006f00   Section       38  _printf_fp_hex.o(.constdata)
    lc_hextab                                0x08006f00   Data          19  _printf_fp_hex.o(.constdata)
    uc_hextab                                0x08006f13   Data          19  _printf_fp_hex.o(.constdata)
    .constdata                               0x08006f28   Section      148  bigflt0.o(.constdata)
    tenpwrs_x                                0x08006f28   Data          60  bigflt0.o(.constdata)
    tenpwrs_i                                0x08006f64   Data          64  bigflt0.o(.constdata)
    locale$$data                             0x08006fdc   Section       28  lc_numeric_c.o(locale$$data)
    __lcnum_c_name                           0x08006fe0   Data           2  lc_numeric_c.o(locale$$data)
    __lcnum_c_start                          0x08006fe8   Data           0  lc_numeric_c.o(locale$$data)
    __lcnum_c_point                          0x08006ff4   Data           0  lc_numeric_c.o(locale$$data)
    __lcnum_c_thousands                      0x08006ff6   Data           0  lc_numeric_c.o(locale$$data)
    __lcnum_c_grouping                       0x08006ff7   Data           0  lc_numeric_c.o(locale$$data)
    locale$$data                             0x08006ff8   Section      272  lc_ctype_c.o(locale$$data)
    __lcnum_c_end                            0x08006ff8   Data           0  lc_numeric_c.o(locale$$data)
    __lcctype_c_name                         0x08006ffc   Data           2  lc_ctype_c.o(locale$$data)
    __lcctype_c_start                        0x08007004   Data           0  lc_ctype_c.o(locale$$data)
    __lcctype_c_end                          0x08007108   Data           0  lc_ctype_c.o(locale$$data)
    .data                                    0x20000000   Section       44  main.o(.data)
    .data                                    0x2000002c   Section       20  system_stm32f10x.o(.data)
    .data                                    0x20000040   Section        4  delay.o(.data)
    fac_us                                   0x20000040   Data           1  delay.o(.data)
    fac_ms                                   0x20000042   Data           2  delay.o(.data)
    .data                                    0x20000044   Section        2  usart.o(.data)
    .data                                    0x20000046   Section       20  stm32f10x_rcc.o(.data)
    APBAHBPrescTable                         0x20000046   Data          16  stm32f10x_rcc.o(.data)
    ADCPrescTable                            0x20000056   Data           4  stm32f10x_rcc.o(.data)
    .bss                                     0x2000005c   Section       20  main.o(.bss)
    .bss                                     0x20000070   Section     1152  oled.o(.bss)
    .bss                                     0x200004f0   Section      660  usart.o(.bss)
    .bss                                     0x20000784   Section       96  libspace.o(.bss)
    HEAP                                     0x200007e8   Section      512  startup_stm32f10x_hd.o(HEAP)
    Heap_Mem                                 0x200007e8   Data         512  startup_stm32f10x_hd.o(HEAP)
    STACK                                    0x200009e8   Section     1024  startup_stm32f10x_hd.o(STACK)
    Stack_Mem                                0x200009e8   Data        1024  startup_stm32f10x_hd.o(STACK)
    __initial_sp                             0x20000de8   Data           0  startup_stm32f10x_hd.o(STACK)

    Global Symbols

    Symbol Name                              Value     Ov Type        Size  Object(Section)

    BuildAttributes$$THM_ISAv4$P$D$K$B$S$PE$A:L22UL41UL21$X:L11$S22US41US21$IEEE1$IW$USESV6$~STKCKD$USESV7$~SHL$OTIME$ROPI$IEEEJ$EBA8$UX$STANDARDLIB$REQ8$PRES8$EABIv2 0x00000000   Number         0  anon$$obj.o ABSOLUTE
    __ARM_use_no_argv                        0x00000000   Number         0  main.o ABSOLUTE
    _printf_flags                            0x00000000   Number         0  printf_stubs.o ABSOLUTE
    _printf_return_value                     0x00000000   Number         0  printf_stubs.o ABSOLUTE
    _printf_sizespec                         0x00000000   Number         0  printf_stubs.o ABSOLUTE
    _printf_widthprec                        0x00000000   Number         0  printf_stubs.o ABSOLUTE
    __ARM_exceptions_init                     - Undefined Weak Reference
    __alloca_initialize                       - Undefined Weak Reference
    __arm_preinit_                            - Undefined Weak Reference
    __cpp_initialize__aeabi_                  - Undefined Weak Reference
    __cxa_finalize                            - Undefined Weak Reference
    __sigvec_lookup                           - Undefined Weak Reference
    _atexit_init                              - Undefined Weak Reference
    _call_atexit_fns                          - Undefined Weak Reference
    _clock_init                               - Undefined Weak Reference
    _fp_trap_init                             - Undefined Weak Reference
    _fp_trap_shutdown                         - Undefined Weak Reference
    _get_lc_collate                           - Undefined Weak Reference
    _get_lc_monetary                          - Undefined Weak Reference
    _get_lc_time                              - Undefined Weak Reference
    _getenv_init                              - Undefined Weak Reference
    _handle_redirection                       - Undefined Weak Reference
    _init_alloc                               - Undefined Weak Reference
    _init_user_alloc                          - Undefined Weak Reference
    _initio                                   - Undefined Weak Reference
    _printf_mbtowc                            - Undefined Weak Reference
    _printf_wc                                - Undefined Weak Reference
    _rand_init                                - Undefined Weak Reference
    _signal_finish                            - Undefined Weak Reference
    _signal_init                              - Undefined Weak Reference
    _terminate_alloc                          - Undefined Weak Reference
    _terminate_user_alloc                     - Undefined Weak Reference
    _terminateio                              - Undefined Weak Reference
    __Vectors_Size                           0x00000130   Number         0  startup_stm32f10x_hd.o ABSOLUTE
    __Vectors                                0x08000000   Data           4  startup_stm32f10x_hd.o(RESET)
    __Vectors_End                            0x08000130   Data           0  startup_stm32f10x_hd.o(RESET)
    __main                                   0x08000131   Thumb Code     8  __main.o(!!!main)
    __scatterload                            0x08000139   Thumb Code     0  __scatter.o(!!!scatter)
    __scatterload_rt2                        0x08000139   Thumb Code    44  __scatter.o(!!!scatter)
    __scatterload_rt2_thumb_only             0x08000139   Thumb Code     0  __scatter.o(!!!scatter)
    __scatterload_null                       0x08000147   Thumb Code     0  __scatter.o(!!!scatter)
    __scatterload_copy                       0x0800016d   Thumb Code    26  __scatter_copy.o(!!handler_copy)
    __scatterload_zeroinit                   0x08000189   Thumb Code    28  __scatter_zi.o(!!handler_zi)
    _printf_n                                0x080001a5   Thumb Code     0  _printf_n.o(.ARM.Collect$$_printf_percent$$00000001)
    _printf_percent                          0x080001a5   Thumb Code     0  _printf_percent.o(.ARM.Collect$$_printf_percent$$00000000)
    _printf_p                                0x080001ab   Thumb Code     0  _printf_p.o(.ARM.Collect$$_printf_percent$$00000002)
    _printf_f                                0x080001b1   Thumb Code     0  _printf_f.o(.ARM.Collect$$_printf_percent$$00000003)
    _printf_e                                0x080001b7   Thumb Code     0  _printf_e.o(.ARM.Collect$$_printf_percent$$00000004)
    _printf_g                                0x080001bd   Thumb Code     0  _printf_g.o(.ARM.Collect$$_printf_percent$$00000005)
    _printf_a                                0x080001c3   Thumb Code     0  _printf_a.o(.ARM.Collect$$_printf_percent$$00000006)
    _printf_ll                               0x080001c9   Thumb Code     0  _printf_ll.o(.ARM.Collect$$_printf_percent$$00000007)
    _printf_i                                0x080001d3   Thumb Code     0  _printf_i.o(.ARM.Collect$$_printf_percent$$00000008)
    _printf_d                                0x080001d9   Thumb Code     0  _printf_d.o(.ARM.Collect$$_printf_percent$$00000009)
    _printf_u                                0x080001df   Thumb Code     0  _printf_u.o(.ARM.Collect$$_printf_percent$$0000000A)
    _printf_o                                0x080001e5   Thumb Code     0  _printf_o.o(.ARM.Collect$$_printf_percent$$0000000B)
    _printf_x                                0x080001eb   Thumb Code     0  _printf_x.o(.ARM.Collect$$_printf_percent$$0000000C)
    _printf_lli                              0x080001f1   Thumb Code     0  _printf_lli.o(.ARM.Collect$$_printf_percent$$0000000D)
    _printf_lld                              0x080001f7   Thumb Code     0  _printf_lld.o(.ARM.Collect$$_printf_percent$$0000000E)
    _printf_llu                              0x080001fd   Thumb Code     0  _printf_llu.o(.ARM.Collect$$_printf_percent$$0000000F)
    _printf_llo                              0x08000203   Thumb Code     0  _printf_llo.o(.ARM.Collect$$_printf_percent$$00000010)
    _printf_llx                              0x08000209   Thumb Code     0  _printf_llx.o(.ARM.Collect$$_printf_percent$$00000011)
    _printf_l                                0x0800020f   Thumb Code     0  _printf_l.o(.ARM.Collect$$_printf_percent$$00000012)
    _printf_c                                0x08000219   Thumb Code     0  _printf_c.o(.ARM.Collect$$_printf_percent$$00000013)
    _printf_s                                0x0800021f   Thumb Code     0  _printf_s.o(.ARM.Collect$$_printf_percent$$00000014)
    _printf_lc                               0x08000225   Thumb Code     0  _printf_lc.o(.ARM.Collect$$_printf_percent$$00000015)
    _printf_ls                               0x0800022b   Thumb Code     0  _printf_ls.o(.ARM.Collect$$_printf_percent$$00000016)
    _printf_percent_end                      0x08000231   Thumb Code     0  _printf_percent_end.o(.ARM.Collect$$_printf_percent$$00000017)
    __rt_lib_init                            0x08000235   Thumb Code     0  libinit.o(.ARM.Collect$$libinit$$00000000)
    __rt_lib_init_fp_1                       0x08000237   Thumb Code     0  libinit2.o(.ARM.Collect$$libinit$$00000002)
    __rt_lib_init_heap_1                     0x08000237   Thumb Code     0  libinit2.o(.ARM.Collect$$libinit$$0000000A)
    __rt_lib_init_lc_common                  0x08000237   Thumb Code     0  libinit2.o(.ARM.Collect$$libinit$$0000000F)
    __rt_lib_init_preinit_1                  0x08000237   Thumb Code     0  libinit2.o(.ARM.Collect$$libinit$$00000004)
    __rt_lib_init_rand_1                     0x08000237   Thumb Code     0  libinit2.o(.ARM.Collect$$libinit$$0000000E)
    __rt_lib_init_user_alloc_1               0x08000237   Thumb Code     0  libinit2.o(.ARM.Collect$$libinit$$0000000C)
    __rt_lib_init_lc_collate_1               0x0800023d   Thumb Code     0  libinit2.o(.ARM.Collect$$libinit$$00000011)
    __rt_lib_init_lc_ctype_2                 0x0800023d   Thumb Code     0  libinit2.o(.ARM.Collect$$libinit$$00000012)
    __rt_lib_init_lc_ctype_1                 0x08000249   Thumb Code     0  libinit2.o(.ARM.Collect$$libinit$$00000013)
    __rt_lib_init_lc_monetary_1              0x08000249   Thumb Code     0  libinit2.o(.ARM.Collect$$libinit$$00000015)
    __rt_lib_init_lc_numeric_2               0x08000249   Thumb Code     0  libinit2.o(.ARM.Collect$$libinit$$00000016)
    __rt_lib_init_alloca_1                   0x08000253   Thumb Code     0  libinit2.o(.ARM.Collect$$libinit$$0000002E)
    __rt_lib_init_argv_1                     0x08000253   Thumb Code     0  libinit2.o(.ARM.Collect$$libinit$$0000002C)
    __rt_lib_init_atexit_1                   0x08000253   Thumb Code     0  libinit2.o(.ARM.Collect$$libinit$$0000001B)
    __rt_lib_init_clock_1                    0x08000253   Thumb Code     0  libinit2.o(.ARM.Collect$$libinit$$00000021)
    __rt_lib_init_cpp_1                      0x08000253   Thumb Code     0  libinit2.o(.ARM.Collect$$libinit$$00000032)
    __rt_lib_init_exceptions_1               0x08000253   Thumb Code     0  libinit2.o(.ARM.Collect$$libinit$$00000030)
    __rt_lib_init_fp_trap_1                  0x08000253   Thumb Code     0  libinit2.o(.ARM.Collect$$libinit$$0000001F)
    __rt_lib_init_getenv_1                   0x08000253   Thumb Code     0  libinit2.o(.ARM.Collect$$libinit$$00000023)
    __rt_lib_init_lc_numeric_1               0x08000253   Thumb Code     0  libinit2.o(.ARM.Collect$$libinit$$00000017)
    __rt_lib_init_lc_time_1                  0x08000253   Thumb Code     0  libinit2.o(.ARM.Collect$$libinit$$00000019)
    __rt_lib_init_return                     0x08000253   Thumb Code     0  libinit2.o(.ARM.Collect$$libinit$$00000033)
    __rt_lib_init_signal_1                   0x08000253   Thumb Code     0  libinit2.o(.ARM.Collect$$libinit$$0000001D)
    __rt_lib_init_stdio_1                    0x08000253   Thumb Code     0  libinit2.o(.ARM.Collect$$libinit$$00000025)
    __rt_lib_shutdown                        0x08000255   Thumb Code     0  libshutdown.o(.ARM.Collect$$libshutdown$$00000000)
    __rt_lib_shutdown_cpp_1                  0x08000257   Thumb Code     0  libshutdown2.o(.ARM.Collect$$libshutdown$$00000002)
    __rt_lib_shutdown_fp_trap_1              0x08000257   Thumb Code     0  libshutdown2.o(.ARM.Collect$$libshutdown$$00000007)
    __rt_lib_shutdown_heap_1                 0x08000257   Thumb Code     0  libshutdown2.o(.ARM.Collect$$libshutdown$$0000000F)
    __rt_lib_shutdown_return                 0x08000257   Thumb Code     0  libshutdown2.o(.ARM.Collect$$libshutdown$$00000010)
    __rt_lib_shutdown_signal_1               0x08000257   Thumb Code     0  libshutdown2.o(.ARM.Collect$$libshutdown$$0000000A)
    __rt_lib_shutdown_stdio_1                0x08000257   Thumb Code     0  libshutdown2.o(.ARM.Collect$$libshutdown$$00000004)
    __rt_lib_shutdown_user_alloc_1           0x08000257   Thumb Code     0  libshutdown2.o(.ARM.Collect$$libshutdown$$0000000C)
    __rt_entry                               0x08000259   Thumb Code     0  __rtentry.o(.ARM.Collect$$rtentry$$00000000)
    __rt_entry_presh_1                       0x08000259   Thumb Code     0  __rtentry2.o(.ARM.Collect$$rtentry$$00000002)
    __rt_entry_sh                            0x08000259   Thumb Code     0  __rtentry4.o(.ARM.Collect$$rtentry$$00000004)
    __rt_entry_li                            0x0800025f   Thumb Code     0  __rtentry2.o(.ARM.Collect$$rtentry$$0000000A)
    __rt_entry_postsh_1                      0x0800025f   Thumb Code     0  __rtentry2.o(.ARM.Collect$$rtentry$$00000009)
    __rt_entry_main                          0x08000263   Thumb Code     0  __rtentry2.o(.ARM.Collect$$rtentry$$0000000D)
    __rt_entry_postli_1                      0x08000263   Thumb Code     0  __rtentry2.o(.ARM.Collect$$rtentry$$0000000C)
    __rt_exit                                0x0800026b   Thumb Code     0  rtexit.o(.ARM.Collect$$rtexit$$00000000)
    __rt_exit_ls                             0x0800026d   Thumb Code     0  rtexit2.o(.ARM.Collect$$rtexit$$00000003)
    __rt_exit_prels_1                        0x0800026d   Thumb Code     0  rtexit2.o(.ARM.Collect$$rtexit$$00000002)
    __rt_exit_exit                           0x08000271   Thumb Code     0  rtexit2.o(.ARM.Collect$$rtexit$$00000004)
    main                                     0x08000279   Thumb Code   310  main.o(.text)
    NMI_Handler                              0x08000411   Thumb Code     2  stm32f10x_it.o(.text)
    HardFault_Handler                        0x08000413   Thumb Code     4  stm32f10x_it.o(.text)
    MemManage_Handler                        0x08000417   Thumb Code     4  stm32f10x_it.o(.text)
    BusFault_Handler                         0x0800041b   Thumb Code     4  stm32f10x_it.o(.text)
    UsageFault_Handler                       0x0800041f   Thumb Code     4  stm32f10x_it.o(.text)
    SVC_Handler                              0x08000423   Thumb Code     2  stm32f10x_it.o(.text)
    DebugMon_Handler                         0x08000425   Thumb Code     2  stm32f10x_it.o(.text)
    PendSV_Handler                           0x08000427   Thumb Code     2  stm32f10x_it.o(.text)
    SysTick_Handler                          0x08000429   Thumb Code     2  stm32f10x_it.o(.text)
    SystemInit                               0x0800050b   Thumb Code    78  system_stm32f10x.o(.text)
    SystemCoreClockUpdate                    0x08000559   Thumb Code   142  system_stm32f10x.o(.text)
    I2C_Stop                                 0x0800060d   Thumb Code    28  oled.o(.text)
    I2C_WaitAck                              0x08000629   Thumb Code    20  oled.o(.text)
    Send_Byte                                0x0800063d   Thumb Code    70  oled.o(.text)
    I2C_Start                                0x08000683   Thumb Code    36  oled.o(.text)
    OLED_WR_Byte                             0x080006a7   Thumb Code    56  oled.o(.text)
    OLED_ColorTurn                           0x080006df   Thumb Code    28  oled.o(.text)
    OLED_DisplayTurn                         0x080006fb   Thumb Code    44  oled.o(.text)
    OLED_DisPlay_On                          0x08000727   Thumb Code    28  oled.o(.text)
    OLED_DisPlay_Off                         0x08000743   Thumb Code    28  oled.o(.text)
    OLED_Refresh                             0x0800075f   Thumb Code    70  oled.o(.text)
    OLED_Clear                               0x080007a5   Thumb Code    42  oled.o(.text)
    OLED_DrawPoint                           0x080007cf   Thumb Code    54  oled.o(.text)
    OLED_ClearPoint                          0x08000805   Thumb Code    90  oled.o(.text)
    OLED_DrawCircle                          0x0800085f   Thumb Code   152  oled.o(.text)
    OLED_ShowChar                            0x080008f7   Thumb Code   240  oled.o(.text)
    OLED_ShowString                          0x080009e7   Thumb Code    88  oled.o(.text)
    OLED_Pow                                 0x08000a3f   Thumb Code    22  oled.o(.text)
    OLED_ShowNum                             0x08000a55   Thumb Code   116  oled.o(.text)
    OLED_WR_BP                               0x08000ac9   Thumb Code    46  oled.o(.text)
    OLED_ShowPicture                         0x08000af7   Thumb Code    98  oled.o(.text)
    OLED_Init                                0x08000b59   Thumb Code   274  oled.o(.text)
    KEY_Init                                 0x08000c71   Thumb Code   112  key.o(.text)
    LED_Init                                 0x08000ce5   Thumb Code    46  led.o(.text)
    EXTIX_Init                               0x08000d19   Thumb Code   308  exti.o(.text)
    EXTI0_IRQHandler                         0x08000e4d   Thumb Code    40  exti.o(.text)
    EXTI1_IRQHandler                         0x08000e75   Thumb Code    42  exti.o(.text)
    EXTI2_IRQHandler                         0x08000e9f   Thumb Code    42  exti.o(.text)
    EXTI9_5_IRQHandler                       0x08000ec9   Thumb Code    70  exti.o(.text)
    L298N_Init                               0x08000f19   Thumb Code    74  pwm.o(.text)
    TIM4_PWM_Init                            0x08000f63   Thumb Code   134  pwm.o(.text)
    TIM3_Int_Init                            0x08000ff5   Thumb Code   108  timer.o(.text)
    TIM3_IRQHandler                          0x08001061   Thumb Code    24  timer.o(.text)
    TIM2_Int_Init                            0x08001079   Thumb Code    92  timer.o(.text)
    TIM2_IRQHandler                          0x080010d5   Thumb Code   140  timer.o(.text)
    delay_init                               0x080011a9   Thumb Code    50  delay.o(.text)
    delay_us                                 0x080011db   Thumb Code    72  delay.o(.text)
    delay_ms                                 0x08001223   Thumb Code    72  delay.o(.text)
    Position_PID                             0x0800127d   Thumb Code   126  pid.o(.text)
    Adc_Init                                 0x080012fd   Thumb Code   138  adc.o(.text)
    Get_Adc                                  0x08001387   Thumb Code    46  adc.o(.text)
    Get_Adc_Average                          0x080013b5   Thumb Code    46  adc.o(.text)
    Usart1_Init                              0x080013ed   Thumb Code   166  usart.o(.text)
    usart3_init                              0x08001493   Thumb Code   172  usart.o(.text)
    Usart3_SendStr                           0x0800153f   Thumb Code    34  usart.o(.text)
    Usart_SendString                         0x08001561   Thumb Code    50  usart.o(.text)
    UsartPrintf                              0x08001593   Thumb Code    72  usart.o(.text)
    USART1_IRQHandler                        0x080015db   Thumb Code    24  usart.o(.text)
    USART3_RX_Data                           0x080015f3   Thumb Code    48  usart.o(.text)
    USART3_IRQHandler                        0x08001623   Thumb Code    96  usart.o(.text)
    u3_printf                                0x08001683   Thumb Code    72  usart.o(.text)
    Reset_Handler                            0x080016e9   Thumb Code     8  startup_stm32f10x_hd.o(.text)
    ADC1_2_IRQHandler                        0x08001703   Thumb Code     0  startup_stm32f10x_hd.o(.text)
    ADC3_IRQHandler                          0x08001703   Thumb Code     0  startup_stm32f10x_hd.o(.text)
    CAN1_RX1_IRQHandler                      0x08001703   Thumb Code     0  startup_stm32f10x_hd.o(.text)
    CAN1_SCE_IRQHandler                      0x08001703   Thumb Code     0  startup_stm32f10x_hd.o(.text)
    DMA1_Channel1_IRQHandler                 0x08001703   Thumb Code     0  startup_stm32f10x_hd.o(.text)
    DMA1_Channel2_IRQHandler                 0x08001703   Thumb Code     0  startup_stm32f10x_hd.o(.text)
    DMA1_Channel3_IRQHandler                 0x08001703   Thumb Code     0  startup_stm32f10x_hd.o(.text)
    DMA1_Channel4_IRQHandler                 0x08001703   Thumb Code     0  startup_stm32f10x_hd.o(.text)
    DMA1_Channel5_IRQHandler                 0x08001703   Thumb Code     0  startup_stm32f10x_hd.o(.text)
    DMA1_Channel6_IRQHandler                 0x08001703   Thumb Code     0  startup_stm32f10x_hd.o(.text)
    DMA1_Channel7_IRQHandler                 0x08001703   Thumb Code     0  startup_stm32f10x_hd.o(.text)
    DMA2_Channel1_IRQHandler                 0x08001703   Thumb Code     0  startup_stm32f10x_hd.o(.text)
    DMA2_Channel2_IRQHandler                 0x08001703   Thumb Code     0  startup_stm32f10x_hd.o(.text)
    DMA2_Channel3_IRQHandler                 0x08001703   Thumb Code     0  startup_stm32f10x_hd.o(.text)
    DMA2_Channel4_5_IRQHandler               0x08001703   Thumb Code     0  startup_stm32f10x_hd.o(.text)
    EXTI15_10_IRQHandler                     0x08001703   Thumb Code     0  startup_stm32f10x_hd.o(.text)
    EXTI3_IRQHandler                         0x08001703   Thumb Code     0  startup_stm32f10x_hd.o(.text)
    EXTI4_IRQHandler                         0x08001703   Thumb Code     0  startup_stm32f10x_hd.o(.text)
    FLASH_IRQHandler                         0x08001703   Thumb Code     0  startup_stm32f10x_hd.o(.text)
    FSMC_IRQHandler                          0x08001703   Thumb Code     0  startup_stm32f10x_hd.o(.text)
    I2C1_ER_IRQHandler                       0x08001703   Thumb Code     0  startup_stm32f10x_hd.o(.text)
    I2C1_EV_IRQHandler                       0x08001703   Thumb Code     0  startup_stm32f10x_hd.o(.text)
    I2C2_ER_IRQHandler                       0x08001703   Thumb Code     0  startup_stm32f10x_hd.o(.text)
    I2C2_EV_IRQHandler                       0x08001703   Thumb Code     0  startup_stm32f10x_hd.o(.text)
    PVD_IRQHandler                           0x08001703   Thumb Code     0  startup_stm32f10x_hd.o(.text)
    RCC_IRQHandler                           0x08001703   Thumb Code     0  startup_stm32f10x_hd.o(.text)
    RTCAlarm_IRQHandler                      0x08001703   Thumb Code     0  startup_stm32f10x_hd.o(.text)
    RTC_IRQHandler                           0x08001703   Thumb Code     0  startup_stm32f10x_hd.o(.text)
    SDIO_IRQHandler                          0x08001703   Thumb Code     0  startup_stm32f10x_hd.o(.text)
    SPI1_IRQHandler                          0x08001703   Thumb Code     0  startup_stm32f10x_hd.o(.text)
    SPI2_IRQHandler                          0x08001703   Thumb Code     0  startup_stm32f10x_hd.o(.text)
    SPI3_IRQHandler                          0x08001703   Thumb Code     0  startup_stm32f10x_hd.o(.text)
    TAMPER_IRQHandler                        0x08001703   Thumb Code     0  startup_stm32f10x_hd.o(.text)
    TIM1_BRK_IRQHandler                      0x08001703   Thumb Code     0  startup_stm32f10x_hd.o(.text)
    TIM1_CC_IRQHandler                       0x08001703   Thumb Code     0  startup_stm32f10x_hd.o(.text)
    TIM1_TRG_COM_IRQHandler                  0x08001703   Thumb Code     0  startup_stm32f10x_hd.o(.text)
    TIM1_UP_IRQHandler                       0x08001703   Thumb Code     0  startup_stm32f10x_hd.o(.text)
    TIM4_IRQHandler                          0x08001703   Thumb Code     0  startup_stm32f10x_hd.o(.text)
    TIM5_IRQHandler                          0x08001703   Thumb Code     0  startup_stm32f10x_hd.o(.text)
    TIM6_IRQHandler                          0x08001703   Thumb Code     0  startup_stm32f10x_hd.o(.text)
    TIM7_IRQHandler                          0x08001703   Thumb Code     0  startup_stm32f10x_hd.o(.text)
    TIM8_BRK_IRQHandler                      0x08001703   Thumb Code     0  startup_stm32f10x_hd.o(.text)
    TIM8_CC_IRQHandler                       0x08001703   Thumb Code     0  startup_stm32f10x_hd.o(.text)
    TIM8_TRG_COM_IRQHandler                  0x08001703   Thumb Code     0  startup_stm32f10x_hd.o(.text)
    TIM8_UP_IRQHandler                       0x08001703   Thumb Code     0  startup_stm32f10x_hd.o(.text)
    UART4_IRQHandler                         0x08001703   Thumb Code     0  startup_stm32f10x_hd.o(.text)
    UART5_IRQHandler                         0x08001703   Thumb Code     0  startup_stm32f10x_hd.o(.text)
    USART2_IRQHandler                        0x08001703   Thumb Code     0  startup_stm32f10x_hd.o(.text)
    USBWakeUp_IRQHandler                     0x08001703   Thumb Code     0  startup_stm32f10x_hd.o(.text)
    USB_HP_CAN1_TX_IRQHandler                0x08001703   Thumb Code     0  startup_stm32f10x_hd.o(.text)
    USB_LP_CAN1_RX0_IRQHandler               0x08001703   Thumb Code     0  startup_stm32f10x_hd.o(.text)
    WWDG_IRQHandler                          0x08001703   Thumb Code     0  startup_stm32f10x_hd.o(.text)
    __user_initial_stackheap                 0x08001705   Thumb Code     0  startup_stm32f10x_hd.o(.text)
    GPIO_DeInit                              0x08001729   Thumb Code   172  stm32f10x_gpio.o(.text)
    GPIO_AFIODeInit                          0x080017d5   Thumb Code    20  stm32f10x_gpio.o(.text)
    GPIO_Init                                0x080017e9   Thumb Code   278  stm32f10x_gpio.o(.text)
    GPIO_StructInit                          0x080018ff   Thumb Code    16  stm32f10x_gpio.o(.text)
    GPIO_ReadInputDataBit                    0x0800190f   Thumb Code    18  stm32f10x_gpio.o(.text)
    GPIO_ReadInputData                       0x08001921   Thumb Code     8  stm32f10x_gpio.o(.text)
    GPIO_ReadOutputDataBit                   0x08001929   Thumb Code    18  stm32f10x_gpio.o(.text)
    GPIO_ReadOutputData                      0x0800193b   Thumb Code     8  stm32f10x_gpio.o(.text)
    GPIO_SetBits                             0x08001943   Thumb Code     4  stm32f10x_gpio.o(.text)
    GPIO_ResetBits                           0x08001947   Thumb Code     4  stm32f10x_gpio.o(.text)
    GPIO_WriteBit                            0x0800194b   Thumb Code    10  stm32f10x_gpio.o(.text)
    GPIO_Write                               0x08001955   Thumb Code     4  stm32f10x_gpio.o(.text)
    GPIO_PinLockConfig                       0x08001959   Thumb Code    18  stm32f10x_gpio.o(.text)
    GPIO_EventOutputConfig                   0x0800196b   Thumb Code    26  stm32f10x_gpio.o(.text)
    GPIO_EventOutputCmd                      0x08001985   Thumb Code     6  stm32f10x_gpio.o(.text)
    GPIO_PinRemapConfig                      0x0800198b   Thumb Code   138  stm32f10x_gpio.o(.text)
    GPIO_EXTILineConfig                      0x08001a15   Thumb Code    66  stm32f10x_gpio.o(.text)
    GPIO_ETH_MediaInterfaceConfig            0x08001a57   Thumb Code     8  stm32f10x_gpio.o(.text)
    RCC_DeInit                               0x08001a85   Thumb Code    64  stm32f10x_rcc.o(.text)
    RCC_HSEConfig                            0x08001ac5   Thumb Code    70  stm32f10x_rcc.o(.text)
    RCC_GetFlagStatus                        0x08001b0b   Thumb Code    56  stm32f10x_rcc.o(.text)
    RCC_WaitForHSEStartUp                    0x08001b43   Thumb Code    56  stm32f10x_rcc.o(.text)
    RCC_AdjustHSICalibrationValue            0x08001b7b   Thumb Code    20  stm32f10x_rcc.o(.text)
    RCC_HSICmd                               0x08001b8f   Thumb Code     6  stm32f10x_rcc.o(.text)
    RCC_PLLConfig                            0x08001b95   Thumb Code    24  stm32f10x_rcc.o(.text)
    RCC_PLLCmd                               0x08001bad   Thumb Code     6  stm32f10x_rcc.o(.text)
    RCC_SYSCLKConfig                         0x08001bb3   Thumb Code    18  stm32f10x_rcc.o(.text)
    RCC_GetSYSCLKSource                      0x08001bc5   Thumb Code    10  stm32f10x_rcc.o(.text)
    RCC_HCLKConfig                           0x08001bcf   Thumb Code    18  stm32f10x_rcc.o(.text)
    RCC_PCLK1Config                          0x08001be1   Thumb Code    18  stm32f10x_rcc.o(.text)
    RCC_PCLK2Config                          0x08001bf3   Thumb Code    20  stm32f10x_rcc.o(.text)
    RCC_ITConfig                             0x08001c07   Thumb Code    26  stm32f10x_rcc.o(.text)
    RCC_USBCLKConfig                         0x08001c21   Thumb Code     8  stm32f10x_rcc.o(.text)
    RCC_ADCCLKConfig                         0x08001c29   Thumb Code    18  stm32f10x_rcc.o(.text)
    RCC_LSEConfig                            0x08001c3b   Thumb Code    50  stm32f10x_rcc.o(.text)
    RCC_LSICmd                               0x08001c6d   Thumb Code     6  stm32f10x_rcc.o(.text)
    RCC_RTCCLKConfig                         0x08001c73   Thumb Code    12  stm32f10x_rcc.o(.text)
    RCC_RTCCLKCmd                            0x08001c7f   Thumb Code     8  stm32f10x_rcc.o(.text)
    RCC_GetClocksFreq                        0x08001c87   Thumb Code   192  stm32f10x_rcc.o(.text)
    RCC_AHBPeriphClockCmd                    0x08001d47   Thumb Code    26  stm32f10x_rcc.o(.text)
    RCC_APB2PeriphClockCmd                   0x08001d61   Thumb Code    26  stm32f10x_rcc.o(.text)
    RCC_APB1PeriphClockCmd                   0x08001d7b   Thumb Code    26  stm32f10x_rcc.o(.text)
    RCC_APB2PeriphResetCmd                   0x08001d95   Thumb Code    26  stm32f10x_rcc.o(.text)
    RCC_APB1PeriphResetCmd                   0x08001daf   Thumb Code    26  stm32f10x_rcc.o(.text)
    RCC_BackupResetCmd                       0x08001dc9   Thumb Code     8  stm32f10x_rcc.o(.text)
    RCC_ClockSecuritySystemCmd               0x08001dd1   Thumb Code     6  stm32f10x_rcc.o(.text)
    RCC_MCOConfig                            0x08001dd7   Thumb Code     6  stm32f10x_rcc.o(.text)
    RCC_ClearFlag                            0x08001ddd   Thumb Code    14  stm32f10x_rcc.o(.text)
    RCC_GetITStatus                          0x08001deb   Thumb Code    20  stm32f10x_rcc.o(.text)
    RCC_ClearITPendingBit                    0x08001dff   Thumb Code     6  stm32f10x_rcc.o(.text)
    USART_DeInit                             0x08001e29   Thumb Code   134  stm32f10x_usart.o(.text)
    USART_Init                               0x08001eaf   Thumb Code   210  stm32f10x_usart.o(.text)
    USART_StructInit                         0x08001f81   Thumb Code    24  stm32f10x_usart.o(.text)
    USART_ClockInit                          0x08001f99   Thumb Code    34  stm32f10x_usart.o(.text)
    USART_ClockStructInit                    0x08001fbb   Thumb Code    12  stm32f10x_usart.o(.text)
    USART_Cmd                                0x08001fc7   Thumb Code    24  stm32f10x_usart.o(.text)
    USART_ITConfig                           0x08001fdf   Thumb Code    74  stm32f10x_usart.o(.text)
    USART_DMACmd                             0x08002029   Thumb Code    18  stm32f10x_usart.o(.text)
    USART_SetAddress                         0x0800203b   Thumb Code    18  stm32f10x_usart.o(.text)
    USART_WakeUpConfig                       0x0800204d   Thumb Code    18  stm32f10x_usart.o(.text)
    USART_ReceiverWakeUpCmd                  0x0800205f   Thumb Code    24  stm32f10x_usart.o(.text)
    USART_LINBreakDetectLengthConfig         0x08002077   Thumb Code    18  stm32f10x_usart.o(.text)
    USART_LINCmd                             0x08002089   Thumb Code    24  stm32f10x_usart.o(.text)
    USART_SendData                           0x080020a1   Thumb Code     8  stm32f10x_usart.o(.text)
    USART_ReceiveData                        0x080020a9   Thumb Code    10  stm32f10x_usart.o(.text)
    USART_SendBreak                          0x080020b3   Thumb Code    10  stm32f10x_usart.o(.text)
    USART_SetGuardTime                       0x080020bd   Thumb Code    16  stm32f10x_usart.o(.text)
    USART_SetPrescaler                       0x080020cd   Thumb Code    16  stm32f10x_usart.o(.text)
    USART_SmartCardCmd                       0x080020dd   Thumb Code    24  stm32f10x_usart.o(.text)
    USART_SmartCardNACKCmd                   0x080020f5   Thumb Code    24  stm32f10x_usart.o(.text)
    USART_HalfDuplexCmd                      0x0800210d   Thumb Code    24  stm32f10x_usart.o(.text)
    USART_OverSampling8Cmd                   0x08002125   Thumb Code    22  stm32f10x_usart.o(.text)
    USART_OneBitMethodCmd                    0x0800213b   Thumb Code    24  stm32f10x_usart.o(.text)
    USART_IrDAConfig                         0x08002153   Thumb Code    18  stm32f10x_usart.o(.text)
    USART_IrDACmd                            0x08002165   Thumb Code    24  stm32f10x_usart.o(.text)
    USART_GetFlagStatus                      0x0800217d   Thumb Code    26  stm32f10x_usart.o(.text)
    USART_ClearFlag                          0x08002197   Thumb Code    18  stm32f10x_usart.o(.text)
    USART_GetITStatus                        0x080021a9   Thumb Code    84  stm32f10x_usart.o(.text)
    USART_ClearITPendingBit                  0x080021fd   Thumb Code    52  stm32f10x_usart.o(.text)
    NVIC_PriorityGroupConfig                 0x08002231   Thumb Code    10  misc.o(.text)
    NVIC_Init                                0x0800223b   Thumb Code   100  misc.o(.text)
    NVIC_SetVectorTable                      0x0800229f   Thumb Code    14  misc.o(.text)
    NVIC_SystemLPConfig                      0x080022ad   Thumb Code    34  misc.o(.text)
    SysTick_CLKSourceConfig                  0x080022cf   Thumb Code    40  misc.o(.text)
    TIM_DeInit                               0x0800230d   Thumb Code   424  stm32f10x_tim.o(.text)
    TIM_TimeBaseInit                         0x080024b5   Thumb Code   122  stm32f10x_tim.o(.text)
    TIM_OC1Init                              0x0800252f   Thumb Code   132  stm32f10x_tim.o(.text)
    TIM_OC2Init                              0x080025b3   Thumb Code   154  stm32f10x_tim.o(.text)
    TIM_OC3Init                              0x0800264d   Thumb Code   150  stm32f10x_tim.o(.text)
    TIM_OC4Init                              0x080026e3   Thumb Code   182  stm32f10x_tim.o(.text)
    TIM_SetIC4Prescaler                      0x08002799   Thumb Code    26  stm32f10x_tim.o(.text)
    TIM_SetIC3Prescaler                      0x08002835   Thumb Code    18  stm32f10x_tim.o(.text)
    TIM_SetIC2Prescaler                      0x080028c1   Thumb Code    26  stm32f10x_tim.o(.text)
    TIM_SetIC1Prescaler                      0x0800295d   Thumb Code    18  stm32f10x_tim.o(.text)
    TIM_ICInit                               0x080029db   Thumb Code   150  stm32f10x_tim.o(.text)
    TIM_PWMIConfig                           0x08002a71   Thumb Code   124  stm32f10x_tim.o(.text)
    TIM_BDTRConfig                           0x08002aed   Thumb Code    32  stm32f10x_tim.o(.text)
    TIM_TimeBaseStructInit                   0x08002b0d   Thumb Code    18  stm32f10x_tim.o(.text)
    TIM_OCStructInit                         0x08002b1f   Thumb Code    20  stm32f10x_tim.o(.text)
    TIM_ICStructInit                         0x08002b33   Thumb Code    18  stm32f10x_tim.o(.text)
    TIM_BDTRStructInit                       0x08002b45   Thumb Code    40  stm32f10x_tim.o(.text)
    TIM_Cmd                                  0x08002b6d   Thumb Code    24  stm32f10x_tim.o(.text)
    TIM_CtrlPWMOutputs                       0x08002b85   Thumb Code    30  stm32f10x_tim.o(.text)
    TIM_ITConfig                             0x08002ba3   Thumb Code    18  stm32f10x_tim.o(.text)
    TIM_GenerateEvent                        0x08002bb5   Thumb Code     4  stm32f10x_tim.o(.text)
    TIM_DMAConfig                            0x08002bb9   Thumb Code    10  stm32f10x_tim.o(.text)
    TIM_DMACmd                               0x08002bc3   Thumb Code    18  stm32f10x_tim.o(.text)
    TIM_InternalClockConfig                  0x08002bd5   Thumb Code    12  stm32f10x_tim.o(.text)
    TIM_SelectInputTrigger                   0x08002be1   Thumb Code    18  stm32f10x_tim.o(.text)
    TIM_ITRxExternalClockConfig              0x08002bf3   Thumb Code    24  stm32f10x_tim.o(.text)
    TIM_TIxExternalClockConfig               0x08002c0b   Thumb Code    62  stm32f10x_tim.o(.text)
    TIM_ETRConfig                            0x08002c49   Thumb Code    28  stm32f10x_tim.o(.text)
    TIM_ETRClockMode1Config                  0x08002c65   Thumb Code    54  stm32f10x_tim.o(.text)
    TIM_ETRClockMode2Config                  0x08002c9b   Thumb Code    32  stm32f10x_tim.o(.text)
    TIM_PrescalerConfig                      0x08002cbb   Thumb Code     6  stm32f10x_tim.o(.text)
    TIM_CounterModeConfig                    0x08002cc1   Thumb Code    18  stm32f10x_tim.o(.text)
    TIM_EncoderInterfaceConfig               0x08002cd3   Thumb Code    66  stm32f10x_tim.o(.text)
    TIM_ForcedOC1Config                      0x08002d15   Thumb Code    18  stm32f10x_tim.o(.text)
    TIM_ForcedOC2Config                      0x08002d27   Thumb Code    26  stm32f10x_tim.o(.text)
    TIM_ForcedOC3Config                      0x08002d41   Thumb Code    18  stm32f10x_tim.o(.text)
    TIM_ForcedOC4Config                      0x08002d53   Thumb Code    26  stm32f10x_tim.o(.text)
    TIM_ARRPreloadConfig                     0x08002d6d   Thumb Code    24  stm32f10x_tim.o(.text)
    TIM_SelectCOM                            0x08002d85   Thumb Code    24  stm32f10x_tim.o(.text)
    TIM_SelectCCDMA                          0x08002d9d   Thumb Code    24  stm32f10x_tim.o(.text)
    TIM_CCPreloadControl                     0x08002db5   Thumb Code    24  stm32f10x_tim.o(.text)
    TIM_OC1PreloadConfig                     0x08002dcd   Thumb Code    18  stm32f10x_tim.o(.text)
    TIM_OC2PreloadConfig                     0x08002ddf   Thumb Code    26  stm32f10x_tim.o(.text)
    TIM_OC3PreloadConfig                     0x08002df9   Thumb Code    18  stm32f10x_tim.o(.text)
    TIM_OC4PreloadConfig                     0x08002e0b   Thumb Code    26  stm32f10x_tim.o(.text)
    TIM_OC1FastConfig                        0x08002e25   Thumb Code    18  stm32f10x_tim.o(.text)
    TIM_OC2FastConfig                        0x08002e37   Thumb Code    26  stm32f10x_tim.o(.text)
    TIM_OC3FastConfig                        0x08002e51   Thumb Code    18  stm32f10x_tim.o(.text)
    TIM_OC4FastConfig                        0x08002e63   Thumb Code    26  stm32f10x_tim.o(.text)
    TIM_ClearOC1Ref                          0x08002e7d   Thumb Code    18  stm32f10x_tim.o(.text)
    TIM_ClearOC2Ref                          0x08002e8f   Thumb Code    24  stm32f10x_tim.o(.text)
    TIM_ClearOC3Ref                          0x08002ea7   Thumb Code    18  stm32f10x_tim.o(.text)
    TIM_ClearOC4Ref                          0x08002eb9   Thumb Code    24  stm32f10x_tim.o(.text)
    TIM_OC1PolarityConfig                    0x08002ed1   Thumb Code    18  stm32f10x_tim.o(.text)
    TIM_OC1NPolarityConfig                   0x08002ee3   Thumb Code    18  stm32f10x_tim.o(.text)
    TIM_OC2PolarityConfig                    0x08002ef5   Thumb Code    26  stm32f10x_tim.o(.text)
    TIM_OC2NPolarityConfig                   0x08002f0f   Thumb Code    26  stm32f10x_tim.o(.text)
    TIM_OC3PolarityConfig                    0x08002f29   Thumb Code    26  stm32f10x_tim.o(.text)
    TIM_OC3NPolarityConfig                   0x08002f43   Thumb Code    26  stm32f10x_tim.o(.text)
    TIM_OC4PolarityConfig                    0x08002f5d   Thumb Code    26  stm32f10x_tim.o(.text)
    TIM_CCxCmd                               0x08002f77   Thumb Code    30  stm32f10x_tim.o(.text)
    TIM_CCxNCmd                              0x08002f95   Thumb Code    30  stm32f10x_tim.o(.text)
    TIM_SelectOCxM                           0x08002fb3   Thumb Code    82  stm32f10x_tim.o(.text)
    TIM_UpdateDisableConfig                  0x08003005   Thumb Code    24  stm32f10x_tim.o(.text)
    TIM_UpdateRequestConfig                  0x0800301d   Thumb Code    24  stm32f10x_tim.o(.text)
    TIM_SelectHallSensor                     0x08003035   Thumb Code    24  stm32f10x_tim.o(.text)
    TIM_SelectOnePulseMode                   0x0800304d   Thumb Code    18  stm32f10x_tim.o(.text)
    TIM_SelectOutputTrigger                  0x0800305f   Thumb Code    18  stm32f10x_tim.o(.text)
    TIM_SelectSlaveMode                      0x08003071   Thumb Code    18  stm32f10x_tim.o(.text)
    TIM_SelectMasterSlaveMode                0x08003083   Thumb Code    18  stm32f10x_tim.o(.text)
    TIM_SetCounter                           0x08003095   Thumb Code     4  stm32f10x_tim.o(.text)
    TIM_SetAutoreload                        0x08003099   Thumb Code     4  stm32f10x_tim.o(.text)
    TIM_SetCompare1                          0x0800309d   Thumb Code     4  stm32f10x_tim.o(.text)
    TIM_SetCompare2                          0x080030a1   Thumb Code     4  stm32f10x_tim.o(.text)
    TIM_SetCompare3                          0x080030a5   Thumb Code     4  stm32f10x_tim.o(.text)
    TIM_SetCompare4                          0x080030a9   Thumb Code     6  stm32f10x_tim.o(.text)
    TIM_SetClockDivision                     0x080030af   Thumb Code    18  stm32f10x_tim.o(.text)
    TIM_GetCapture1                          0x080030c1   Thumb Code     6  stm32f10x_tim.o(.text)
    TIM_GetCapture2                          0x080030c7   Thumb Code     6  stm32f10x_tim.o(.text)
    TIM_GetCapture3                          0x080030cd   Thumb Code     6  stm32f10x_tim.o(.text)
    TIM_GetCapture4                          0x080030d3   Thumb Code     8  stm32f10x_tim.o(.text)
    TIM_GetCounter                           0x080030db   Thumb Code     6  stm32f10x_tim.o(.text)
    TIM_GetPrescaler                         0x080030e1   Thumb Code     6  stm32f10x_tim.o(.text)
    TIM_GetFlagStatus                        0x080030e7   Thumb Code    18  stm32f10x_tim.o(.text)
    TIM_ClearFlag                            0x080030f9   Thumb Code     6  stm32f10x_tim.o(.text)
    TIM_GetITStatus                          0x080030ff   Thumb Code    34  stm32f10x_tim.o(.text)
    TIM_ClearITPendingBit                    0x08003121   Thumb Code     6  stm32f10x_tim.o(.text)
    EXTI_DeInit                              0x08003129   Thumb Code    28  stm32f10x_exti.o(.text)
    EXTI_Init                                0x08003145   Thumb Code   142  stm32f10x_exti.o(.text)
    EXTI_StructInit                          0x080031d3   Thumb Code    16  stm32f10x_exti.o(.text)
    EXTI_GenerateSWInterrupt                 0x080031e3   Thumb Code    16  stm32f10x_exti.o(.text)
    EXTI_GetFlagStatus                       0x080031f3   Thumb Code    22  stm32f10x_exti.o(.text)
    EXTI_ClearFlag                           0x08003209   Thumb Code     8  stm32f10x_exti.o(.text)
    EXTI_GetITStatus                         0x08003211   Thumb Code    34  stm32f10x_exti.o(.text)
    EXTI_ClearITPendingBit                   0x08003233   Thumb Code     8  stm32f10x_exti.o(.text)
    ADC_DeInit                               0x08003245   Thumb Code    78  stm32f10x_adc.o(.text)
    ADC_Init                                 0x08003293   Thumb Code    70  stm32f10x_adc.o(.text)
    ADC_StructInit                           0x080032d9   Thumb Code    18  stm32f10x_adc.o(.text)
    ADC_Cmd                                  0x080032eb   Thumb Code    22  stm32f10x_adc.o(.text)
    ADC_DMACmd                               0x08003301   Thumb Code    22  stm32f10x_adc.o(.text)
    ADC_ITConfig                             0x08003317   Thumb Code    24  stm32f10x_adc.o(.text)
    ADC_ResetCalibration                     0x0800332f   Thumb Code    10  stm32f10x_adc.o(.text)
    ADC_GetResetCalibrationStatus            0x08003339   Thumb Code    20  stm32f10x_adc.o(.text)
    ADC_StartCalibration                     0x0800334d   Thumb Code    10  stm32f10x_adc.o(.text)
    ADC_GetCalibrationStatus                 0x08003357   Thumb Code    20  stm32f10x_adc.o(.text)
    ADC_SoftwareStartConvCmd                 0x0800336b   Thumb Code    22  stm32f10x_adc.o(.text)
    ADC_GetSoftwareStartConvStatus           0x08003381   Thumb Code    20  stm32f10x_adc.o(.text)
    ADC_DiscModeChannelCountConfig           0x08003395   Thumb Code    24  stm32f10x_adc.o(.text)
    ADC_DiscModeCmd                          0x080033ad   Thumb Code    22  stm32f10x_adc.o(.text)
    ADC_RegularChannelConfig                 0x080033c3   Thumb Code   184  stm32f10x_adc.o(.text)
    ADC_ExternalTrigConvCmd                  0x0800347b   Thumb Code    22  stm32f10x_adc.o(.text)
    ADC_GetConversionValue                   0x08003491   Thumb Code     8  stm32f10x_adc.o(.text)
    ADC_GetDualModeConversionValue           0x08003499   Thumb Code     8  stm32f10x_adc.o(.text)
    ADC_AutoInjectedConvCmd                  0x080034a1   Thumb Code    22  stm32f10x_adc.o(.text)
    ADC_InjectedDiscModeCmd                  0x080034b7   Thumb Code    22  stm32f10x_adc.o(.text)
    ADC_ExternalTrigInjectedConvConfig       0x080034cd   Thumb Code    16  stm32f10x_adc.o(.text)
    ADC_ExternalTrigInjectedConvCmd          0x080034dd   Thumb Code    22  stm32f10x_adc.o(.text)
    ADC_SoftwareStartInjectedConvCmd         0x080034f3   Thumb Code    22  stm32f10x_adc.o(.text)
    ADC_GetSoftwareStartInjectedConvCmdStatus 0x08003509   Thumb Code    20  stm32f10x_adc.o(.text)
    ADC_InjectedChannelConfig                0x0800351d   Thumb Code   130  stm32f10x_adc.o(.text)
    ADC_InjectedSequencerLengthConfig        0x0800359f   Thumb Code    24  stm32f10x_adc.o(.text)
    ADC_SetInjectedOffset                    0x080035b7   Thumb Code    20  stm32f10x_adc.o(.text)
    ADC_GetInjectedConversionValue           0x080035cb   Thumb Code    28  stm32f10x_adc.o(.text)
    ADC_AnalogWatchdogCmd                    0x080035e7   Thumb Code    16  stm32f10x_adc.o(.text)
    ADC_AnalogWatchdogThresholdsConfig       0x080035f7   Thumb Code     6  stm32f10x_adc.o(.text)
    ADC_AnalogWatchdogSingleChannelConfig    0x080035fd   Thumb Code    16  stm32f10x_adc.o(.text)
    ADC_TempSensorVrefintCmd                 0x0800360d   Thumb Code    64  stm32f10x_adc.o(.text)
    ADC_GetFlagStatus                        0x0800364d   Thumb Code    18  stm32f10x_adc.o(.text)
    ADC_ClearFlag                            0x0800365f   Thumb Code     6  stm32f10x_adc.o(.text)
    ADC_GetITStatus                          0x08003665   Thumb Code    36  stm32f10x_adc.o(.text)
    ADC_ClearITPendingBit                    0x08003689   Thumb Code    10  stm32f10x_adc.o(.text)
    vsprintf                                 0x08003695   Thumb Code    32  vsprintf.o(.text)
    vsnprintf                                0x080036b9   Thumb Code    48  vsnprintf.o(.text)
    __2sprintf                               0x080036ed   Thumb Code    38  __2sprintf.o(.text)
    _printf_str                              0x08003719   Thumb Code    82  _printf_str.o(.text)
    _printf_int_dec                          0x0800376d   Thumb Code   104  _printf_dec.o(.text)
    __printf                                 0x080037e5   Thumb Code   388  __printf_flags_ss_wp.o(.text)
    strlen                                   0x0800396d   Thumb Code    62  strlen.o(.text)
    __use_two_region_memory                  0x080039ab   Thumb Code     2  heapauxi.o(.text)
    __rt_heap_escrow$2region                 0x080039ad   Thumb Code     2  heapauxi.o(.text)
    __rt_heap_expand$2region                 0x080039af   Thumb Code     2  heapauxi.o(.text)
    _printf_pre_padding                      0x080039b1   Thumb Code    44  _printf_pad.o(.text)
    _printf_post_padding                     0x080039dd   Thumb Code    34  _printf_pad.o(.text)
    _printf_truncate_signed                  0x080039ff   Thumb Code    18  _printf_truncate.o(.text)
    _printf_truncate_unsigned                0x08003a11   Thumb Code    18  _printf_truncate.o(.text)
    _printf_int_common                       0x08003a23   Thumb Code   178  _printf_intcommon.o(.text)
    _printf_charcount                        0x08003ad5   Thumb Code    40  _printf_charcount.o(.text)
    __lib_sel_fp_printf                      0x08003afd   Thumb Code     2  _printf_fp_dec.o(.text)
    _printf_fp_dec_real                      0x08003caf   Thumb Code   620  _printf_fp_dec.o(.text)
    _printf_char_common                      0x08003f27   Thumb Code    32  _printf_char_common.o(.text)
    _sputc                                   0x08003f4d   Thumb Code    10  _sputc.o(.text)
    _snputc                                  0x08003f57   Thumb Code    16  _snputc.o(.text)
    _printf_cs_common                        0x08003f67   Thumb Code    20  _printf_char.o(.text)
    _printf_char                             0x08003f7b   Thumb Code    16  _printf_char.o(.text)
    _printf_string                           0x08003f8b   Thumb Code     8  _printf_char.o(.text)
    _printf_wctomb                           0x08003f95   Thumb Code   182  _printf_wctomb.o(.text)
    _printf_longlong_dec                     0x08004051   Thumb Code   108  _printf_longlong_dec.o(.text)
    _printf_longlong_oct                     0x080040cd   Thumb Code    66  _printf_oct_int_ll.o(.text)
    _printf_int_oct                          0x0800410f   Thumb Code    24  _printf_oct_int_ll.o(.text)
    _printf_ll_oct                           0x08004127   Thumb Code    12  _printf_oct_int_ll.o(.text)
    _printf_longlong_hex                     0x0800413d   Thumb Code    86  _printf_hex_int_ll_ptr.o(.text)
    _printf_int_hex                          0x08004193   Thumb Code    28  _printf_hex_int_ll_ptr.o(.text)
    _printf_ll_hex                           0x080041af   Thumb Code    12  _printf_hex_int_ll_ptr.o(.text)
    _printf_hex_ptr                          0x080041bb   Thumb Code    18  _printf_hex_int_ll_ptr.o(.text)
    __rt_locale                              0x080041d1   Thumb Code     8  rt_locale_intlibspace.o(.text)
    _ll_udiv10                               0x080041d9   Thumb Code   138  lludiv10.o(.text)
    _printf_fp_hex_real                      0x08004265   Thumb Code   756  _printf_fp_hex.o(.text)
    _printf_fp_infnan                        0x08004561   Thumb Code   112  _printf_fp_infnan.o(.text)
    _printf_lcs_common                       0x080045e1   Thumb Code    20  _printf_wchar.o(.text)
    _printf_wchar                            0x080045f5   Thumb Code    16  _printf_wchar.o(.text)
    _printf_wstring                          0x08004605   Thumb Code     8  _printf_wchar.o(.text)
    _btod_etento                             0x0800460d   Thumb Code   224  bigflt0.o(.text)
    _wcrtomb                                 0x080046f1   Thumb Code    64  _wcrtomb.o(.text)
    __user_libspace                          0x08004731   Thumb Code     8  libspace.o(.text)
    __user_perproc_libspace                  0x08004731   Thumb Code     0  libspace.o(.text)
    __user_perthread_libspace                0x08004731   Thumb Code     0  libspace.o(.text)
    __user_setup_stackheap                   0x08004739   Thumb Code    74  sys_stackheap_outer.o(.text)
    __rt_ctype_table                         0x08004785   Thumb Code    16  rt_ctype_table.o(.text)
    exit                                     0x08004795   Thumb Code    18  exit.o(.text)
    strcmp                                   0x080047a9   Thumb Code   128  strcmpv7m.o(.text)
    _sys_exit                                0x08004829   Thumb Code     8  sys_exit.o(.text)
    __I$use$semihosting                      0x08004835   Thumb Code     0  use_no_semi.o(.text)
    __use_no_semihosting_swi                 0x08004835   Thumb Code     2  use_no_semi.o(.text)
    __semihosting_library_function           0x08004837   Thumb Code     0  indicate_semi.o(.text)
    _btod_d2e                                0x08004837   Thumb Code    62  btod.o(CL$$btod_d2e)
    _d2e_denorm_low                          0x08004875   Thumb Code    70  btod.o(CL$$btod_d2e_denorm_low)
    _d2e_norm_op1                            0x080048bb   Thumb Code    96  btod.o(CL$$btod_d2e_norm_op1)
    __btod_div_common                        0x0800491b   Thumb Code   696  btod.o(CL$$btod_div_common)
    _e2e                                     0x08004c53   Thumb Code   220  btod.o(CL$$btod_e2e)
    _btod_ediv                               0x08004d2f   Thumb Code    42  btod.o(CL$$btod_ediv)
    _btod_emul                               0x08004d59   Thumb Code    42  btod.o(CL$$btod_emul)
    __btod_mult_common                       0x08004d83   Thumb Code   580  btod.o(CL$$btod_mult_common)
    __ARM_fpclassify                         0x08004fc7   Thumb Code    40  fpclassify.o(i.__ARM_fpclassify)
    _is_digit                                0x08004fef   Thumb Code    14  __printf_wp.o(i._is_digit)
    _get_lc_numeric                          0x08004ffd   Thumb Code    44  lc_numeric_c.o(locale$$code)
    _get_lc_ctype                            0x08005029   Thumb Code    44  lc_ctype_c.o(locale$$code)
    __aeabi_d2f                              0x08005055   Thumb Code     0  d2f.o(x$fpl$d2f)
    _d2f                                     0x08005055   Thumb Code    98  d2f.o(x$fpl$d2f)
    __aeabi_dmul                             0x080050b9   Thumb Code     0  dmul.o(x$fpl$dmul)
    _dmul                                    0x080050b9   Thumb Code   332  dmul.o(x$fpl$dmul)
    __fpl_dnaninf                            0x0800520d   Thumb Code   156  dnaninf.o(x$fpl$dnaninf)
    __fpl_dretinf                            0x080052a9   Thumb Code    12  dretinf.o(x$fpl$dretinf)
    __aeabi_f2d                              0x080052b5   Thumb Code     0  f2d.o(x$fpl$f2d)
    _f2d                                     0x080052b5   Thumb Code    86  f2d.o(x$fpl$f2d)
    __aeabi_fadd                             0x0800530d   Thumb Code     0  faddsub_clz.o(x$fpl$fadd)
    _fadd                                    0x0800530d   Thumb Code   196  faddsub_clz.o(x$fpl$fadd)
    __aeabi_f2iz                             0x080053d1   Thumb Code     0  ffix.o(x$fpl$ffix)
    _ffix                                    0x080053d1   Thumb Code    54  ffix.o(x$fpl$ffix)
    __aeabi_i2f                              0x08005409   Thumb Code     0  fflt_clz.o(x$fpl$fflt)
    _fflt                                    0x08005409   Thumb Code    48  fflt_clz.o(x$fpl$fflt)
    __aeabi_ui2f                             0x08005439   Thumb Code     0  fflt_clz.o(x$fpl$ffltu)
    _ffltu                                   0x08005439   Thumb Code    38  fflt_clz.o(x$fpl$ffltu)
    __aeabi_fmul                             0x08005461   Thumb Code     0  fmul.o(x$fpl$fmul)
    _fmul                                    0x08005461   Thumb Code   258  fmul.o(x$fpl$fmul)
    __fpl_fnaninf                            0x08005563   Thumb Code   140  fnaninf.o(x$fpl$fnaninf)
    __fpl_fretinf                            0x080055ef   Thumb Code    10  fretinf.o(x$fpl$fretinf)
    __aeabi_frsub                            0x080055f9   Thumb Code     0  faddsub_clz.o(x$fpl$frsb)
    _frsb                                    0x080055f9   Thumb Code    20  faddsub_clz.o(x$fpl$frsb)
    __aeabi_fsub                             0x0800560d   Thumb Code     0  faddsub_clz.o(x$fpl$fsub)
    _fsub                                    0x0800560d   Thumb Code   234  faddsub_clz.o(x$fpl$fsub)
    _printf_fp_dec                           0x080056f7   Thumb Code     4  printf1.o(x$fpl$printf1)
    _printf_fp_hex                           0x080056fb   Thumb Code     4  printf2.o(x$fpl$printf2)
    __I$use$fp                               0x080056fe   Number         0  usenofp.o(x$fpl$usenofp)
    asc2_1206                                0x080056fe   Data        1140  oled.o(.constdata)
    asc2_1608                                0x08005b72   Data        1520  oled.o(.constdata)
    asc2_2412                                0x08006162   Data        3420  oled.o(.constdata)
    Region$$Table$$Base                      0x08006fbc   Number         0  anon$$obj.o(Region$$Table)
    Region$$Table$$Limit                     0x08006fdc   Number         0  anon$$obj.o(Region$$Table)
    __ctype                                  0x08007005   Data           0  lc_ctype_c.o(locale$$data)
    mypid                                    0x20000000   Data          24  main.o(.data)
    adcx                                     0x20000018   Data           2  main.o(.data)
    pwmpulse                                 0x2000001c   Data           4  main.o(.data)
    temp                                     0x20000020   Data           4  main.o(.data)
    angle                                    0x20000024   Data           4  main.o(.data)
    voltage                                  0x20000028   Data           4  main.o(.data)
    SystemCoreClock                          0x2000002c   Data           4  system_stm32f10x.o(.data)
    AHBPrescTable                            0x20000030   Data          16  system_stm32f10x.o(.data)
    USART3_RX_STA                            0x20000044   Data           2  usart.o(.data)
    oledBuf                                  0x2000005c   Data          20  main.o(.bss)
    OLED_GRAM                                0x20000070   Data        1152  oled.o(.bss)
    USART3_RX_BUF                            0x200004f0   Data          60  usart.o(.bss)
    USART3_TX_BUF                            0x2000052c   Data         600  usart.o(.bss)
    __libspace_start                         0x20000784   Data          96  libspace.o(.bss)
    __temporary_stack_top$libspace           0x200007e4   Data           0  libspace.o(.bss)



==============================================================================

Memory Map of the image

  Image Entry point : 0x08000131

  Load Region LR_IROM1 (Base: 0x08000000, Size: 0x00007164, Max: 0x00010000, ABSOLUTE)

    Execution Region ER_IROM1 (Exec base: 0x08000000, Load base: 0x08000000, Size: 0x00007108, Max: 0x00010000, ABSOLUTE)

    Exec Addr    Load Addr    Size         Type   Attr      Idx    E Section Name        Object

    0x08000000   0x08000000   0x00000130   Data   RO          442    RESET               startup_stm32f10x_hd.o
    0x08000130   0x08000130   0x00000008   Code   RO          605  * !!!main             c_w.l(__main.o)
    0x08000138   0x08000138   0x00000034   Code   RO          932    !!!scatter          c_w.l(__scatter.o)
    0x0800016c   0x0800016c   0x0000001a   Code   RO          934    !!handler_copy      c_w.l(__scatter_copy.o)
    0x08000186   0x08000186   0x00000002   PAD
    0x08000188   0x08000188   0x0000001c   Code   RO          936    !!handler_zi        c_w.l(__scatter_zi.o)
    0x080001a4   0x080001a4   0x00000000   Code   RO          596    .ARM.Collect$$_printf_percent$$00000000  c_w.l(_printf_percent.o)
    0x080001a4   0x080001a4   0x00000006   Code   RO          685    .ARM.Collect$$_printf_percent$$00000001  c_w.l(_printf_n.o)
    0x080001aa   0x080001aa   0x00000006   Code   RO          687    .ARM.Collect$$_printf_percent$$00000002  c_w.l(_printf_p.o)
    0x080001b0   0x080001b0   0x00000006   Code   RO          595    .ARM.Collect$$_printf_percent$$00000003  c_w.l(_printf_f.o)
    0x080001b6   0x080001b6   0x00000006   Code   RO          691    .ARM.Collect$$_printf_percent$$00000004  c_w.l(_printf_e.o)
    0x080001bc   0x080001bc   0x00000006   Code   RO          692    .ARM.Collect$$_printf_percent$$00000005  c_w.l(_printf_g.o)
    0x080001c2   0x080001c2   0x00000006   Code   RO          693    .ARM.Collect$$_printf_percent$$00000006  c_w.l(_printf_a.o)
    0x080001c8   0x080001c8   0x0000000a   Code   RO          698    .ARM.Collect$$_printf_percent$$00000007  c_w.l(_printf_ll.o)
    0x080001d2   0x080001d2   0x00000006   Code   RO          689    .ARM.Collect$$_printf_percent$$00000008  c_w.l(_printf_i.o)
    0x080001d8   0x080001d8   0x00000006   Code   RO          594    .ARM.Collect$$_printf_percent$$00000009  c_w.l(_printf_d.o)
    0x080001de   0x080001de   0x00000006   Code   RO          690    .ARM.Collect$$_printf_percent$$0000000A  c_w.l(_printf_u.o)
    0x080001e4   0x080001e4   0x00000006   Code   RO          688    .ARM.Collect$$_printf_percent$$0000000B  c_w.l(_printf_o.o)
    0x080001ea   0x080001ea   0x00000006   Code   RO          686    .ARM.Collect$$_printf_percent$$0000000C  c_w.l(_printf_x.o)
    0x080001f0   0x080001f0   0x00000006   Code   RO          695    .ARM.Collect$$_printf_percent$$0000000D  c_w.l(_printf_lli.o)
    0x080001f6   0x080001f6   0x00000006   Code   RO          696    .ARM.Collect$$_printf_percent$$0000000E  c_w.l(_printf_lld.o)
    0x080001fc   0x080001fc   0x00000006   Code   RO          697    .ARM.Collect$$_printf_percent$$0000000F  c_w.l(_printf_llu.o)
    0x08000202   0x08000202   0x00000006   Code   RO          702    .ARM.Collect$$_printf_percent$$00000010  c_w.l(_printf_llo.o)
    0x08000208   0x08000208   0x00000006   Code   RO          703    .ARM.Collect$$_printf_percent$$00000011  c_w.l(_printf_llx.o)
    0x0800020e   0x0800020e   0x0000000a   Code   RO          699    .ARM.Collect$$_printf_percent$$00000012  c_w.l(_printf_l.o)
    0x08000218   0x08000218   0x00000006   Code   RO          684    .ARM.Collect$$_printf_percent$$00000013  c_w.l(_printf_c.o)
    0x0800021e   0x0800021e   0x00000006   Code   RO          593    .ARM.Collect$$_printf_percent$$00000014  c_w.l(_printf_s.o)
    0x08000224   0x08000224   0x00000006   Code   RO          700    .ARM.Collect$$_printf_percent$$00000015  c_w.l(_printf_lc.o)
    0x0800022a   0x0800022a   0x00000006   Code   RO          701    .ARM.Collect$$_printf_percent$$00000016  c_w.l(_printf_ls.o)
    0x08000230   0x08000230   0x00000004   Code   RO          694    .ARM.Collect$$_printf_percent$$00000017  c_w.l(_printf_percent_end.o)
    0x08000234   0x08000234   0x00000002   Code   RO          802    .ARM.Collect$$libinit$$00000000  c_w.l(libinit.o)
    0x08000236   0x08000236   0x00000000   Code   RO          804    .ARM.Collect$$libinit$$00000002  c_w.l(libinit2.o)
    0x08000236   0x08000236   0x00000000   Code   RO          806    .ARM.Collect$$libinit$$00000004  c_w.l(libinit2.o)
    0x08000236   0x08000236   0x00000000   Code   RO          809    .ARM.Collect$$libinit$$0000000A  c_w.l(libinit2.o)
    0x08000236   0x08000236   0x00000000   Code   RO          811    .ARM.Collect$$libinit$$0000000C  c_w.l(libinit2.o)
    0x08000236   0x08000236   0x00000000   Code   RO          813    .ARM.Collect$$libinit$$0000000E  c_w.l(libinit2.o)
    0x08000236   0x08000236   0x00000006   Code   RO          814    .ARM.Collect$$libinit$$0000000F  c_w.l(libinit2.o)
    0x0800023c   0x0800023c   0x00000000   Code   RO          816    .ARM.Collect$$libinit$$00000011  c_w.l(libinit2.o)
    0x0800023c   0x0800023c   0x0000000c   Code   RO          817    .ARM.Collect$$libinit$$00000012  c_w.l(libinit2.o)
    0x08000248   0x08000248   0x00000000   Code   RO          818    .ARM.Collect$$libinit$$00000013  c_w.l(libinit2.o)
    0x08000248   0x08000248   0x00000000   Code   RO          820    .ARM.Collect$$libinit$$00000015  c_w.l(libinit2.o)
    0x08000248   0x08000248   0x0000000a   Code   RO          821    .ARM.Collect$$libinit$$00000016  c_w.l(libinit2.o)
    0x08000252   0x08000252   0x00000000   Code   RO          822    .ARM.Collect$$libinit$$00000017  c_w.l(libinit2.o)
    0x08000252   0x08000252   0x00000000   Code   RO          824    .ARM.Collect$$libinit$$00000019  c_w.l(libinit2.o)
    0x08000252   0x08000252   0x00000000   Code   RO          826    .ARM.Collect$$libinit$$0000001B  c_w.l(libinit2.o)
    0x08000252   0x08000252   0x00000000   Code   RO          828    .ARM.Collect$$libinit$$0000001D  c_w.l(libinit2.o)
    0x08000252   0x08000252   0x00000000   Code   RO          830    .ARM.Collect$$libinit$$0000001F  c_w.l(libinit2.o)
    0x08000252   0x08000252   0x00000000   Code   RO          832    .ARM.Collect$$libinit$$00000021  c_w.l(libinit2.o)
    0x08000252   0x08000252   0x00000000   Code   RO          834    .ARM.Collect$$libinit$$00000023  c_w.l(libinit2.o)
    0x08000252   0x08000252   0x00000000   Code   RO          836    .ARM.Collect$$libinit$$00000025  c_w.l(libinit2.o)
    0x08000252   0x08000252   0x00000000   Code   RO          840    .ARM.Collect$$libinit$$0000002C  c_w.l(libinit2.o)
    0x08000252   0x08000252   0x00000000   Code   RO          842    .ARM.Collect$$libinit$$0000002E  c_w.l(libinit2.o)
    0x08000252   0x08000252   0x00000000   Code   RO          844    .ARM.Collect$$libinit$$00000030  c_w.l(libinit2.o)
    0x08000252   0x08000252   0x00000000   Code   RO          846    .ARM.Collect$$libinit$$00000032  c_w.l(libinit2.o)
    0x08000252   0x08000252   0x00000002   Code   RO          847    .ARM.Collect$$libinit$$00000033  c_w.l(libinit2.o)
    0x08000254   0x08000254   0x00000002   Code   RO          880    .ARM.Collect$$libshutdown$$00000000  c_w.l(libshutdown.o)
    0x08000256   0x08000256   0x00000000   Code   RO          891    .ARM.Collect$$libshutdown$$00000002  c_w.l(libshutdown2.o)
    0x08000256   0x08000256   0x00000000   Code   RO          893    .ARM.Collect$$libshutdown$$00000004  c_w.l(libshutdown2.o)
    0x08000256   0x08000256   0x00000000   Code   RO          896    .ARM.Collect$$libshutdown$$00000007  c_w.l(libshutdown2.o)
    0x08000256   0x08000256   0x00000000   Code   RO          899    .ARM.Collect$$libshutdown$$0000000A  c_w.l(libshutdown2.o)
    0x08000256   0x08000256   0x00000000   Code   RO          901    .ARM.Collect$$libshutdown$$0000000C  c_w.l(libshutdown2.o)
    0x08000256   0x08000256   0x00000000   Code   RO          904    .ARM.Collect$$libshutdown$$0000000F  c_w.l(libshutdown2.o)
    0x08000256   0x08000256   0x00000002   Code   RO          905    .ARM.Collect$$libshutdown$$00000010  c_w.l(libshutdown2.o)
    0x08000258   0x08000258   0x00000000   Code   RO          633    .ARM.Collect$$rtentry$$00000000  c_w.l(__rtentry.o)
    0x08000258   0x08000258   0x00000000   Code   RO          722    .ARM.Collect$$rtentry$$00000002  c_w.l(__rtentry2.o)
    0x08000258   0x08000258   0x00000006   Code   RO          734    .ARM.Collect$$rtentry$$00000004  c_w.l(__rtentry4.o)
    0x0800025e   0x0800025e   0x00000000   Code   RO          724    .ARM.Collect$$rtentry$$00000009  c_w.l(__rtentry2.o)
    0x0800025e   0x0800025e   0x00000004   Code   RO          725    .ARM.Collect$$rtentry$$0000000A  c_w.l(__rtentry2.o)
    0x08000262   0x08000262   0x00000000   Code   RO          727    .ARM.Collect$$rtentry$$0000000C  c_w.l(__rtentry2.o)
    0x08000262   0x08000262   0x00000008   Code   RO          728    .ARM.Collect$$rtentry$$0000000D  c_w.l(__rtentry2.o)
    0x0800026a   0x0800026a   0x00000002   Code   RO          848    .ARM.Collect$$rtexit$$00000000  c_w.l(rtexit.o)
    0x0800026c   0x0800026c   0x00000000   Code   RO          858    .ARM.Collect$$rtexit$$00000002  c_w.l(rtexit2.o)
    0x0800026c   0x0800026c   0x00000004   Code   RO          859    .ARM.Collect$$rtexit$$00000003  c_w.l(rtexit2.o)
    0x08000270   0x08000270   0x00000006   Code   RO          860    .ARM.Collect$$rtexit$$00000004  c_w.l(rtexit2.o)
    0x08000276   0x08000276   0x00000002   PAD
    0x08000278   0x08000278   0x00000198   Code   RO            1    .text               main.o
    0x08000410   0x08000410   0x0000001a   Code   RO          148    .text               stm32f10x_it.o
    0x0800042a   0x0800042a   0x00000002   PAD
    0x0800042c   0x0800042c   0x000001e0   Code   RO          189    .text               system_stm32f10x.o
    0x0800060c   0x0800060c   0x00000664   Code   RO          207    .text               oled.o
    0x08000c70   0x08000c70   0x00000074   Code   RO          230    .text               key.o
    0x08000ce4   0x08000ce4   0x00000034   Code   RO          242    .text               led.o
    0x08000d18   0x08000d18   0x00000200   Code   RO          310    .text               exti.o
    0x08000f18   0x08000f18   0x000000dc   Code   RO          322    .text               pwm.o
    0x08000ff4   0x08000ff4   0x000001b4   Code   RO          334    .text               timer.o
    0x080011a8   0x080011a8   0x000000d4   Code   RO          351    .text               delay.o
    0x0800127c   0x0800127c   0x0000007e   Code   RO          382    .text               pid.o
    0x080012fa   0x080012fa   0x00000002   PAD
    0x080012fc   0x080012fc   0x000000f0   Code   RO          395    .text               adc.o
    0x080013ec   0x080013ec   0x000002fc   Code   RO          407    .text               usart.o
    0x080016e8   0x080016e8   0x00000040   Code   RO          443    .text               startup_stm32f10x_hd.o
    0x08001728   0x08001728   0x0000035c   Code   RO          447    .text               stm32f10x_gpio.o
    0x08001a84   0x08001a84   0x000003a4   Code   RO          459    .text               stm32f10x_rcc.o
    0x08001e28   0x08001e28   0x00000408   Code   RO          473    .text               stm32f10x_usart.o
    0x08002230   0x08002230   0x000000dc   Code   RO          485    .text               misc.o
    0x0800230c   0x0800230c   0x00000e1a   Code   RO          497    .text               stm32f10x_tim.o
    0x08003126   0x08003126   0x00000002   PAD
    0x08003128   0x08003128   0x0000011c   Code   RO          509    .text               stm32f10x_exti.o
    0x08003244   0x08003244   0x0000044e   Code   RO          533    .text               stm32f10x_adc.o
    0x08003692   0x08003692   0x00000002   PAD
    0x08003694   0x08003694   0x00000024   Code   RO          559    .text               c_w.l(vsprintf.o)
    0x080036b8   0x080036b8   0x00000034   Code   RO          561    .text               c_w.l(vsnprintf.o)
    0x080036ec   0x080036ec   0x0000002c   Code   RO          563    .text               c_w.l(__2sprintf.o)
    0x08003718   0x08003718   0x00000052   Code   RO          569    .text               c_w.l(_printf_str.o)
    0x0800376a   0x0800376a   0x00000002   PAD
    0x0800376c   0x0800376c   0x00000078   Code   RO          571    .text               c_w.l(_printf_dec.o)
    0x080037e4   0x080037e4   0x00000188   Code   RO          590    .text               c_w.l(__printf_flags_ss_wp.o)
    0x0800396c   0x0800396c   0x0000003e   Code   RO          599    .text               c_w.l(strlen.o)
    0x080039aa   0x080039aa   0x00000006   Code   RO          603    .text               c_w.l(heapauxi.o)
    0x080039b0   0x080039b0   0x0000004e   Code   RO          634    .text               c_w.l(_printf_pad.o)
    0x080039fe   0x080039fe   0x00000024   Code   RO          636    .text               c_w.l(_printf_truncate.o)
    0x08003a22   0x08003a22   0x000000b2   Code   RO          638    .text               c_w.l(_printf_intcommon.o)
    0x08003ad4   0x08003ad4   0x00000028   Code   RO          640    .text               c_w.l(_printf_charcount.o)
    0x08003afc   0x08003afc   0x0000041e   Code   RO          642    .text               c_w.l(_printf_fp_dec.o)
    0x08003f1a   0x08003f1a   0x00000002   PAD
    0x08003f1c   0x08003f1c   0x00000030   Code   RO          644    .text               c_w.l(_printf_char_common.o)
    0x08003f4c   0x08003f4c   0x0000000a   Code   RO          646    .text               c_w.l(_sputc.o)
    0x08003f56   0x08003f56   0x00000010   Code   RO          648    .text               c_w.l(_snputc.o)
    0x08003f66   0x08003f66   0x0000002c   Code   RO          650    .text               c_w.l(_printf_char.o)
    0x08003f92   0x08003f92   0x00000002   PAD
    0x08003f94   0x08003f94   0x000000bc   Code   RO          652    .text               c_w.l(_printf_wctomb.o)
    0x08004050   0x08004050   0x0000007c   Code   RO          655    .text               c_w.l(_printf_longlong_dec.o)
    0x080040cc   0x080040cc   0x00000070   Code   RO          661    .text               c_w.l(_printf_oct_int_ll.o)
    0x0800413c   0x0800413c   0x00000094   Code   RO          681    .text               c_w.l(_printf_hex_int_ll_ptr.o)
    0x080041d0   0x080041d0   0x00000008   Code   RO          739    .text               c_w.l(rt_locale_intlibspace.o)
    0x080041d8   0x080041d8   0x0000008a   Code   RO          741    .text               c_w.l(lludiv10.o)
    0x08004262   0x08004262   0x00000002   PAD
    0x08004264   0x08004264   0x000002fc   Code   RO          743    .text               c_w.l(_printf_fp_hex.o)
    0x08004560   0x08004560   0x00000080   Code   RO          746    .text               c_w.l(_printf_fp_infnan.o)
    0x080045e0   0x080045e0   0x0000002c   Code   RO          750    .text               c_w.l(_printf_wchar.o)
    0x0800460c   0x0800460c   0x000000e4   Code   RO          752    .text               c_w.l(bigflt0.o)
    0x080046f0   0x080046f0   0x00000040   Code   RO          777    .text               c_w.l(_wcrtomb.o)
    0x08004730   0x08004730   0x00000008   Code   RO          786    .text               c_w.l(libspace.o)
    0x08004738   0x08004738   0x0000004a   Code   RO          789    .text               c_w.l(sys_stackheap_outer.o)
    0x08004782   0x08004782   0x00000002   PAD
    0x08004784   0x08004784   0x00000010   Code   RO          791    .text               c_w.l(rt_ctype_table.o)
    0x08004794   0x08004794   0x00000012   Code   RO          793    .text               c_w.l(exit.o)
    0x080047a6   0x080047a6   0x00000002   PAD
    0x080047a8   0x080047a8   0x00000080   Code   RO          795    .text               c_w.l(strcmpv7m.o)
    0x08004828   0x08004828   0x0000000c   Code   RO          870    .text               c_w.l(sys_exit.o)
    0x08004834   0x08004834   0x00000002   Code   RO          881    .text               c_w.l(use_no_semi.o)
    0x08004836   0x08004836   0x00000000   Code   RO          883    .text               c_w.l(indicate_semi.o)
    0x08004836   0x08004836   0x0000003e   Code   RO          755    CL$$btod_d2e        c_w.l(btod.o)
    0x08004874   0x08004874   0x00000046   Code   RO          757    CL$$btod_d2e_denorm_low  c_w.l(btod.o)
    0x080048ba   0x080048ba   0x00000060   Code   RO          756    CL$$btod_d2e_norm_op1  c_w.l(btod.o)
    0x0800491a   0x0800491a   0x00000338   Code   RO          765    CL$$btod_div_common  c_w.l(btod.o)
    0x08004c52   0x08004c52   0x000000dc   Code   RO          762    CL$$btod_e2e        c_w.l(btod.o)
    0x08004d2e   0x08004d2e   0x0000002a   Code   RO          759    CL$$btod_ediv       c_w.l(btod.o)
    0x08004d58   0x08004d58   0x0000002a   Code   RO          758    CL$$btod_emul       c_w.l(btod.o)
    0x08004d82   0x08004d82   0x00000244   Code   RO          764    CL$$btod_mult_common  c_w.l(btod.o)
    0x08004fc6   0x08004fc6   0x00000028   Code   RO          784    i.__ARM_fpclassify  m_ws.l(fpclassify.o)
    0x08004fee   0x08004fee   0x0000000e   Code   RO          583    i._is_digit         c_w.l(__printf_wp.o)
    0x08004ffc   0x08004ffc   0x0000002c   Code   RO          780    locale$$code        c_w.l(lc_numeric_c.o)
    0x08005028   0x08005028   0x0000002c   Code   RO          851    locale$$code        c_w.l(lc_ctype_c.o)
    0x08005054   0x08005054   0x00000062   Code   RO          607    x$fpl$d2f           fz_ws.l(d2f.o)
    0x080050b6   0x080050b6   0x00000002   PAD
    0x080050b8   0x080050b8   0x00000154   Code   RO          609    x$fpl$dmul          fz_ws.l(dmul.o)
    0x0800520c   0x0800520c   0x0000009c   Code   RO          706    x$fpl$dnaninf       fz_ws.l(dnaninf.o)
    0x080052a8   0x080052a8   0x0000000c   Code   RO          708    x$fpl$dretinf       fz_ws.l(dretinf.o)
    0x080052b4   0x080052b4   0x00000056   Code   RO          611    x$fpl$f2d           fz_ws.l(f2d.o)
    0x0800530a   0x0800530a   0x00000002   PAD
    0x0800530c   0x0800530c   0x000000c4   Code   RO          613    x$fpl$fadd          fz_ws.l(faddsub_clz.o)
    0x080053d0   0x080053d0   0x00000036   Code   RO          619    x$fpl$ffix          fz_ws.l(ffix.o)
    0x08005406   0x08005406   0x00000002   PAD
    0x08005408   0x08005408   0x00000030   Code   RO          624    x$fpl$fflt          fz_ws.l(fflt_clz.o)
    0x08005438   0x08005438   0x00000026   Code   RO          623    x$fpl$ffltu         fz_ws.l(fflt_clz.o)
    0x0800545e   0x0800545e   0x00000002   PAD
    0x08005460   0x08005460   0x00000102   Code   RO          629    x$fpl$fmul          fz_ws.l(fmul.o)
    0x08005562   0x08005562   0x0000008c   Code   RO          710    x$fpl$fnaninf       fz_ws.l(fnaninf.o)
    0x080055ee   0x080055ee   0x0000000a   Code   RO          712    x$fpl$fretinf       fz_ws.l(fretinf.o)
    0x080055f8   0x080055f8   0x00000014   Code   RO          614    x$fpl$frsb          fz_ws.l(faddsub_clz.o)
    0x0800560c   0x0800560c   0x000000ea   Code   RO          615    x$fpl$fsub          fz_ws.l(faddsub_clz.o)
    0x080056f6   0x080056f6   0x00000004   Code   RO          631    x$fpl$printf1       fz_ws.l(printf1.o)
    0x080056fa   0x080056fa   0x00000004   Code   RO          714    x$fpl$printf2       fz_ws.l(printf2.o)
    0x080056fe   0x080056fe   0x00000000   Code   RO          720    x$fpl$usenofp       fz_ws.l(usenofp.o)
    0x080056fe   0x080056fe   0x000017c0   Data   RO          209    .constdata          oled.o
    0x08006ebe   0x08006ebe   0x00000011   Data   RO          591    .constdata          c_w.l(__printf_flags_ss_wp.o)
    0x08006ecf   0x08006ecf   0x00000001   PAD
    0x08006ed0   0x08006ed0   0x00000008   Data   RO          653    .constdata          c_w.l(_printf_wctomb.o)
    0x08006ed8   0x08006ed8   0x00000028   Data   RO          682    .constdata          c_w.l(_printf_hex_int_ll_ptr.o)
    0x08006f00   0x08006f00   0x00000026   Data   RO          744    .constdata          c_w.l(_printf_fp_hex.o)
    0x08006f26   0x08006f26   0x00000002   PAD
    0x08006f28   0x08006f28   0x00000094   Data   RO          753    .constdata          c_w.l(bigflt0.o)
    0x08006fbc   0x08006fbc   0x00000020   Data   RO          930    Region$$Table       anon$$obj.o
    0x08006fdc   0x08006fdc   0x0000001c   Data   RO          779    locale$$data        c_w.l(lc_numeric_c.o)
    0x08006ff8   0x08006ff8   0x00000110   Data   RO          850    locale$$data        c_w.l(lc_ctype_c.o)


    Execution Region RW_IRAM1 (Exec base: 0x20000000, Load base: 0x08007108, Size: 0x00000de8, Max: 0x00005000, ABSOLUTE)

    Exec Addr    Load Addr    Size         Type   Attr      Idx    E Section Name        Object

    0x20000000   0x08007108   0x0000002c   Data   RW            3    .data               main.o
    0x2000002c   0x08007134   0x00000014   Data   RW          190    .data               system_stm32f10x.o
    0x20000040   0x08007148   0x00000004   Data   RW          352    .data               delay.o
    0x20000044   0x0800714c   0x00000002   Data   RW          409    .data               usart.o
    0x20000046   0x0800714e   0x00000014   Data   RW          460    .data               stm32f10x_rcc.o
    0x2000005a   0x08007162   0x00000002   PAD
    0x2000005c        -       0x00000014   Zero   RW            2    .bss                main.o
    0x20000070        -       0x00000480   Zero   RW          208    .bss                oled.o
    0x200004f0        -       0x00000294   Zero   RW          408    .bss                usart.o
    0x20000784        -       0x00000060   Zero   RW          787    .bss                c_w.l(libspace.o)
    0x200007e4   0x08007162   0x00000004   PAD
    0x200007e8        -       0x00000200   Zero   RW          441    HEAP                startup_stm32f10x_hd.o
    0x200009e8        -       0x00000400   Zero   RW          440    STACK               startup_stm32f10x_hd.o


==============================================================================

Image component sizes


      Code (inc. data)   RO Data    RW Data    ZI Data      Debug   Object Name

       240         10          0          0          0       1095   adc.o
       212         18          0          4          0        975   delay.o
       512         10          0          0          0       1255   exti.o
       116          4          0          0          0        507   key.o
        52          6          0          0          0        447   led.o
       408         98          0         44         20     264200   main.o
       220         22          0          0          0       1729   misc.o
      1636         28       6080          0       1152       6880   oled.o
       126          0          0          0          0        639   pid.o
       220         12          0          0          0        871   pwm.o
        64         26        304          0       1536        768   startup_stm32f10x_hd.o
      1102         26          0          0          0      10973   stm32f10x_adc.o
       284         10          0          0          0       2187   stm32f10x_exti.o
       860         38          0          0          0       5665   stm32f10x_gpio.o
        26          0          0          0          0       1146   stm32f10x_it.o
       932         36          0         20          0       8812   stm32f10x_rcc.o
      3610         88          0          0          0      22772   stm32f10x_tim.o
      1032         22          0          0          0       8388   stm32f10x_usart.o
         0          0          0          0          0         32   sys.o
       480         38          0         20          0       1635   system_stm32f10x.o
       436         72          0          0          0       1154   timer.o
       764         30          0          2        660       4051   usart.o

    ----------------------------------------------------------------------
     13340        594       6416         92       3368     346181   Object Totals
         0          0         32          0          0          0   (incl. Generated)
         8          0          0          2          0          0   (incl. Padding)

    ----------------------------------------------------------------------

      Code (inc. data)   RO Data    RW Data    ZI Data      Debug   Library Member Name

        44          6          0          0          0         84   __2sprintf.o
         8          0          0          0          0         68   __main.o
       392          4         17          0          0         92   __printf_flags_ss_wp.o
        14          0          0          0          0         68   __printf_wp.o
         0          0          0          0          0          0   __rtentry.o
        12          0          0          0          0          0   __rtentry2.o
         6          0          0          0          0          0   __rtentry4.o
        52          8          0          0          0          0   __scatter.o
        26          0          0          0          0          0   __scatter_copy.o
        28          0          0          0          0          0   __scatter_zi.o
         6          0          0          0          0          0   _printf_a.o
         6          0          0          0          0          0   _printf_c.o
        44          0          0          0          0        108   _printf_char.o
        48          6          0          0          0         96   _printf_char_common.o
        40          0          0          0          0         68   _printf_charcount.o
         6          0          0          0          0          0   _printf_d.o
       120         16          0          0          0         92   _printf_dec.o
         6          0          0          0          0          0   _printf_e.o
         6          0          0          0          0          0   _printf_f.o
      1054          0          0          0          0        216   _printf_fp_dec.o
       764          8         38          0          0        100   _printf_fp_hex.o
       128         16          0          0          0         84   _printf_fp_infnan.o
         6          0          0          0          0          0   _printf_g.o
       148          4         40          0          0        160   _printf_hex_int_ll_ptr.o
         6          0          0          0          0          0   _printf_i.o
       178          0          0          0          0         88   _printf_intcommon.o
        10          0          0          0          0          0   _printf_l.o
         6          0          0          0          0          0   _printf_lc.o
        10          0          0          0          0          0   _printf_ll.o
         6          0          0          0          0          0   _printf_lld.o
         6          0          0          0          0          0   _printf_lli.o
         6          0          0          0          0          0   _printf_llo.o
         6          0          0          0          0          0   _printf_llu.o
         6          0          0          0          0          0   _printf_llx.o
       124         16          0          0          0         92   _printf_longlong_dec.o
         6          0          0          0          0          0   _printf_ls.o
         6          0          0          0          0          0   _printf_n.o
         6          0          0          0          0          0   _printf_o.o
       112         10          0          0          0        124   _printf_oct_int_ll.o
         6          0          0          0          0          0   _printf_p.o
        78          0          0          0          0        108   _printf_pad.o
         0          0          0          0          0          0   _printf_percent.o
         4          0          0          0          0          0   _printf_percent_end.o
         6          0          0          0          0          0   _printf_s.o
        82          0          0          0          0         80   _printf_str.o
        36          0          0          0          0         84   _printf_truncate.o
         6          0          0          0          0          0   _printf_u.o
        44          0          0          0          0        108   _printf_wchar.o
       188          6          8          0          0         92   _printf_wctomb.o
         6          0          0          0          0          0   _printf_x.o
        16          0          0          0          0         68   _snputc.o
        10          0          0          0          0         68   _sputc.o
        64          0          0          0          0         92   _wcrtomb.o
       228          4        148          0          0         96   bigflt0.o
      1936        128          0          0          0        672   btod.o
        18          0          0          0          0         80   exit.o
         6          0          0          0          0        152   heapauxi.o
         0          0          0          0          0          0   indicate_semi.o
        44         10        272          0          0         76   lc_ctype_c.o
        44         10         28          0          0         76   lc_numeric_c.o
         2          0          0          0          0          0   libinit.o
        30          0          0          0          0          0   libinit2.o
         2          0          0          0          0          0   libshutdown.o
         2          0          0          0          0          0   libshutdown2.o
         8          4          0          0         96         68   libspace.o
       138          0          0          0          0         80   lludiv10.o
        16          4          0          0          0         76   rt_ctype_table.o
         8          4          0          0          0         68   rt_locale_intlibspace.o
         2          0          0          0          0          0   rtexit.o
        10          0          0          0          0          0   rtexit2.o
       128          0          0          0          0         68   strcmpv7m.o
        62          0          0          0          0         76   strlen.o
        12          4          0          0          0         68   sys_exit.o
        74          0          0          0          0         80   sys_stackheap_outer.o
         2          0          0          0          0         68   use_no_semi.o
        52          4          0          0          0         80   vsnprintf.o
        36          4          0          0          0         76   vsprintf.o
        98          4          0          0          0         92   d2f.o
       340         12          0          0          0        104   dmul.o
       156          4          0          0          0         92   dnaninf.o
        12          0          0          0          0         68   dretinf.o
        86          4          0          0          0         84   f2d.o
       450          8          0          0          0        236   faddsub_clz.o
        54          4          0          0          0         84   ffix.o
        86          0          0          0          0        136   fflt_clz.o
       258          4          0          0          0         84   fmul.o
       140          4          0          0          0         84   fnaninf.o
        10          0          0          0          0         68   fretinf.o
         4          0          0          0          0         68   printf1.o
         4          0          0          0          0         68   printf2.o
         0          0          0          0          0          0   usenofp.o
        40          0          0          0          0         68   fpclassify.o

    ----------------------------------------------------------------------
      8626        320        554          0        100       5536   Library Totals
        24          0          3          0          4          0   (incl. Padding)

    ----------------------------------------------------------------------

      Code (inc. data)   RO Data    RW Data    ZI Data      Debug   Library Name

      6864        276        551          0         96       4200   c_w.l
      1698         44          0          0          0       1268   fz_ws.l
        40          0          0          0          0         68   m_ws.l

    ----------------------------------------------------------------------
      8626        320        554          0        100       5536   Library Totals

    ----------------------------------------------------------------------

==============================================================================


      Code (inc. data)   RO Data    RW Data    ZI Data      Debug   

     21966        914       6970         92       3468     346929   Grand Totals
     21966        914       6970         92       3468     346929   ELF Image Totals
     21966        914       6970         92          0          0   ROM Totals

==============================================================================

    Total RO  Size (Code + RO Data)                28936 (  28.26kB)
    Total RW  Size (RW Data + ZI Data)              3560 (   3.48kB)
    Total ROM Size (Code + RO Data + RW Data)      29028 (  28.35kB)

==============================================================================

